/shared/rtis_lab/data/FLAME/custom_split/test_images/image_1018.jpg	/shared/rtis_lab/data/FLAME/custom_split/test_masks/image_1018.png
/shared/rtis_lab/data/FLAME/custom_split/test_images/image_1023.jpg	/shared/rtis_lab/data/FLAME/custom_split/test_masks/image_1023.png
/shared/rtis_lab/data/FLAME/custom_split/test_images/image_1026.jpg	/shared/rtis_lab/data/FLAME/custom_split/test_masks/image_1026.png
/shared/rtis_lab/data/FLAME/custom_split/test_images/image_1038.jpg	/shared/rtis_lab/data/FLAME/custom_split/test_masks/image_1038.png
/shared/rtis_lab/data/FLAME/custom_split/test_images/image_1041.jpg	/shared/rtis_lab/data/FLAME/custom_split/test_masks/image_1041.png
/shared/rtis_lab/data/FLAME/custom_split/test_images/image_1048.jpg	/shared/rtis_lab/data/FLAME/custom_split/test_masks/image_1048.png
/shared/rtis_lab/data/FLAME/custom_split/test_images/image_1050.jpg	/shared/rtis_lab/data/FLAME/custom_split/test_masks/image_1050.png
/shared/rtis_lab/data/FLAME/custom_split/test_images/image_1054.jpg	/shared/rtis_lab/data/FLAME/custom_split/test_masks/image_1054.png
/shared/rtis_lab/data/FLAME/custom_split/test_images/image_1056.jpg	/shared/rtis_lab/data/FLAME/custom_split/test_masks/image_1056.png
/shared/rtis_lab/data/FLAME/custom_split/test_images/image_106.jpg	/shared/rtis_lab/data/FLAME/custom_split/test_masks/image_106.png
/shared/rtis_lab/data/FLAME/custom_split/test_images/image_1060.jpg	/shared/rtis_lab/data/FLAME/custom_split/test_masks/image_1060.png
/shared/rtis_lab/data/FLAME/custom_split/test_images/image_1063.jpg	/shared/rtis_lab/data/FLAME/custom_split/test_masks/image_1063.png
/shared/rtis_lab/data/FLAME/custom_split/test_images/image_1068.jpg	/shared/rtis_lab/data/FLAME/custom_split/test_masks/image_1068.png
/shared/rtis_lab/data/FLAME/custom_split/test_images/image_1087.jpg	/shared/rtis_lab/data/FLAME/custom_split/test_masks/image_1087.png
/shared/rtis_lab/data/FLAME/custom_split/test_images/image_1088.jpg	/shared/rtis_lab/data/FLAME/custom_split/test_masks/image_1088.png
/shared/rtis_lab/data/FLAME/custom_split/test_images/image_1096.jpg	/shared/rtis_lab/data/FLAME/custom_split/test_masks/image_1096.png
/shared/rtis_lab/data/FLAME/custom_split/test_images/image_1098.jpg	/shared/rtis_lab/data/FLAME/custom_split/test_masks/image_1098.png
/shared/rtis_lab/data/FLAME/custom_split/test_images/image_1100.jpg	/shared/rtis_lab/data/FLAME/custom_split/test_masks/image_1100.png
/shared/rtis_lab/data/FLAME/custom_split/test_images/image_1105.jpg	/shared/rtis_lab/data/FLAME/custom_split/test_masks/image_1105.png
/shared/rtis_lab/data/FLAME/custom_split/test_images/image_1109.jpg	/shared/rtis_lab/data/FLAME/custom_split/test_masks/image_1109.png
/shared/rtis_lab/data/FLAME/custom_split/test_images/image_1112.jpg	/shared/rtis_lab/data/FLAME/custom_split/test_masks/image_1112.png
/shared/rtis_lab/data/FLAME/custom_split/test_images/image_1119.jpg	/shared/rtis_lab/data/FLAME/custom_split/test_masks/image_1119.png
/shared/rtis_lab/data/FLAME/custom_split/test_images/image_1143.jpg	/shared/rtis_lab/data/FLAME/custom_split/test_masks/image_1143.png
/shared/rtis_lab/data/FLAME/custom_split/test_images/image_1144.jpg	/shared/rtis_lab/data/FLAME/custom_split/test_masks/image_1144.png
/shared/rtis_lab/data/FLAME/custom_split/test_images/image_1153.jpg	/shared/rtis_lab/data/FLAME/custom_split/test_masks/image_1153.png
/shared/rtis_lab/data/FLAME/custom_split/test_images/image_1167.jpg	/shared/rtis_lab/data/FLAME/custom_split/test_masks/image_1167.png
/shared/rtis_lab/data/FLAME/custom_split/test_images/image_1174.jpg	/shared/rtis_lab/data/FLAME/custom_split/test_masks/image_1174.png
/shared/rtis_lab/data/FLAME/custom_split/test_images/image_1180.jpg	/shared/rtis_lab/data/FLAME/custom_split/test_masks/image_1180.png
/shared/rtis_lab/data/FLAME/custom_split/test_images/image_1187.jpg	/shared/rtis_lab/data/FLAME/custom_split/test_masks/image_1187.png
/shared/rtis_lab/data/FLAME/custom_split/test_images/image_1188.jpg	/shared/rtis_lab/data/FLAME/custom_split/test_masks/image_1188.png
/shared/rtis_lab/data/FLAME/custom_split/test_images/image_1189.jpg	/shared/rtis_lab/data/FLAME/custom_split/test_masks/image_1189.png
/shared/rtis_lab/data/FLAME/custom_split/test_images/image_1194.jpg	/shared/rtis_lab/data/FLAME/custom_split/test_masks/image_1194.png
/shared/rtis_lab/data/FLAME/custom_split/test_images/image_1196.jpg	/shared/rtis_lab/data/FLAME/custom_split/test_masks/image_1196.png
/shared/rtis_lab/data/FLAME/custom_split/test_images/image_1205.jpg	/shared/rtis_lab/data/FLAME/custom_split/test_masks/image_1205.png
/shared/rtis_lab/data/FLAME/custom_split/test_images/image_1207.jpg	/shared/rtis_lab/data/FLAME/custom_split/test_masks/image_1207.png
/shared/rtis_lab/data/FLAME/custom_split/test_images/image_1210.jpg	/shared/rtis_lab/data/FLAME/custom_split/test_masks/image_1210.png
/shared/rtis_lab/data/FLAME/custom_split/test_images/image_1212.jpg	/shared/rtis_lab/data/FLAME/custom_split/test_masks/image_1212.png
/shared/rtis_lab/data/FLAME/custom_split/test_images/image_122.jpg	/shared/rtis_lab/data/FLAME/custom_split/test_masks/image_122.png
/shared/rtis_lab/data/FLAME/custom_split/test_images/image_1223.jpg	/shared/rtis_lab/data/FLAME/custom_split/test_masks/image_1223.png
/shared/rtis_lab/data/FLAME/custom_split/test_images/image_1226.jpg	/shared/rtis_lab/data/FLAME/custom_split/test_masks/image_1226.png
/shared/rtis_lab/data/FLAME/custom_split/test_images/image_1228.jpg	/shared/rtis_lab/data/FLAME/custom_split/test_masks/image_1228.png
/shared/rtis_lab/data/FLAME/custom_split/test_images/image_1240.jpg	/shared/rtis_lab/data/FLAME/custom_split/test_masks/image_1240.png
/shared/rtis_lab/data/FLAME/custom_split/test_images/image_1245.jpg	/shared/rtis_lab/data/FLAME/custom_split/test_masks/image_1245.png
/shared/rtis_lab/data/FLAME/custom_split/test_images/image_1250.jpg	/shared/rtis_lab/data/FLAME/custom_split/test_masks/image_1250.png
/shared/rtis_lab/data/FLAME/custom_split/test_images/image_1258.jpg	/shared/rtis_lab/data/FLAME/custom_split/test_masks/image_1258.png
/shared/rtis_lab/data/FLAME/custom_split/test_images/image_1265.jpg	/shared/rtis_lab/data/FLAME/custom_split/test_masks/image_1265.png
/shared/rtis_lab/data/FLAME/custom_split/test_images/image_1266.jpg	/shared/rtis_lab/data/FLAME/custom_split/test_masks/image_1266.png
/shared/rtis_lab/data/FLAME/custom_split/test_images/image_1272.jpg	/shared/rtis_lab/data/FLAME/custom_split/test_masks/image_1272.png
/shared/rtis_lab/data/FLAME/custom_split/test_images/image_1273.jpg	/shared/rtis_lab/data/FLAME/custom_split/test_masks/image_1273.png
/shared/rtis_lab/data/FLAME/custom_split/test_images/image_1274.jpg	/shared/rtis_lab/data/FLAME/custom_split/test_masks/image_1274.png
/shared/rtis_lab/data/FLAME/custom_split/test_images/image_1282.jpg	/shared/rtis_lab/data/FLAME/custom_split/test_masks/image_1282.png
/shared/rtis_lab/data/FLAME/custom_split/test_images/image_129.jpg	/shared/rtis_lab/data/FLAME/custom_split/test_masks/image_129.png
/shared/rtis_lab/data/FLAME/custom_split/test_images/image_1307.jpg	/shared/rtis_lab/data/FLAME/custom_split/test_masks/image_1307.png
/shared/rtis_lab/data/FLAME/custom_split/test_images/image_1313.jpg	/shared/rtis_lab/data/FLAME/custom_split/test_masks/image_1313.png
/shared/rtis_lab/data/FLAME/custom_split/test_images/image_1314.jpg	/shared/rtis_lab/data/FLAME/custom_split/test_masks/image_1314.png
/shared/rtis_lab/data/FLAME/custom_split/test_images/image_1315.jpg	/shared/rtis_lab/data/FLAME/custom_split/test_masks/image_1315.png
/shared/rtis_lab/data/FLAME/custom_split/test_images/image_1316.jpg	/shared/rtis_lab/data/FLAME/custom_split/test_masks/image_1316.png
/shared/rtis_lab/data/FLAME/custom_split/test_images/image_1322.jpg	/shared/rtis_lab/data/FLAME/custom_split/test_masks/image_1322.png
/shared/rtis_lab/data/FLAME/custom_split/test_images/image_1327.jpg	/shared/rtis_lab/data/FLAME/custom_split/test_masks/image_1327.png
/shared/rtis_lab/data/FLAME/custom_split/test_images/image_1329.jpg	/shared/rtis_lab/data/FLAME/custom_split/test_masks/image_1329.png
/shared/rtis_lab/data/FLAME/custom_split/test_images/image_1334.jpg	/shared/rtis_lab/data/FLAME/custom_split/test_masks/image_1334.png
/shared/rtis_lab/data/FLAME/custom_split/test_images/image_1341.jpg	/shared/rtis_lab/data/FLAME/custom_split/test_masks/image_1341.png
/shared/rtis_lab/data/FLAME/custom_split/test_images/image_1342.jpg	/shared/rtis_lab/data/FLAME/custom_split/test_masks/image_1342.png
/shared/rtis_lab/data/FLAME/custom_split/test_images/image_1351.jpg	/shared/rtis_lab/data/FLAME/custom_split/test_masks/image_1351.png
/shared/rtis_lab/data/FLAME/custom_split/test_images/image_1352.jpg	/shared/rtis_lab/data/FLAME/custom_split/test_masks/image_1352.png
/shared/rtis_lab/data/FLAME/custom_split/test_images/image_1368.jpg	/shared/rtis_lab/data/FLAME/custom_split/test_masks/image_1368.png
/shared/rtis_lab/data/FLAME/custom_split/test_images/image_1370.jpg	/shared/rtis_lab/data/FLAME/custom_split/test_masks/image_1370.png
/shared/rtis_lab/data/FLAME/custom_split/test_images/image_1372.jpg	/shared/rtis_lab/data/FLAME/custom_split/test_masks/image_1372.png
/shared/rtis_lab/data/FLAME/custom_split/test_images/image_1382.jpg	/shared/rtis_lab/data/FLAME/custom_split/test_masks/image_1382.png
/shared/rtis_lab/data/FLAME/custom_split/test_images/image_1384.jpg	/shared/rtis_lab/data/FLAME/custom_split/test_masks/image_1384.png
/shared/rtis_lab/data/FLAME/custom_split/test_images/image_1387.jpg	/shared/rtis_lab/data/FLAME/custom_split/test_masks/image_1387.png
/shared/rtis_lab/data/FLAME/custom_split/test_images/image_1388.jpg	/shared/rtis_lab/data/FLAME/custom_split/test_masks/image_1388.png
/shared/rtis_lab/data/FLAME/custom_split/test_images/image_1402.jpg	/shared/rtis_lab/data/FLAME/custom_split/test_masks/image_1402.png
/shared/rtis_lab/data/FLAME/custom_split/test_images/image_1413.jpg	/shared/rtis_lab/data/FLAME/custom_split/test_masks/image_1413.png
/shared/rtis_lab/data/FLAME/custom_split/test_images/image_1415.jpg	/shared/rtis_lab/data/FLAME/custom_split/test_masks/image_1415.png
/shared/rtis_lab/data/FLAME/custom_split/test_images/image_1428.jpg	/shared/rtis_lab/data/FLAME/custom_split/test_masks/image_1428.png
/shared/rtis_lab/data/FLAME/custom_split/test_images/image_1429.jpg	/shared/rtis_lab/data/FLAME/custom_split/test_masks/image_1429.png
/shared/rtis_lab/data/FLAME/custom_split/test_images/image_1442.jpg	/shared/rtis_lab/data/FLAME/custom_split/test_masks/image_1442.png
/shared/rtis_lab/data/FLAME/custom_split/test_images/image_1443.jpg	/shared/rtis_lab/data/FLAME/custom_split/test_masks/image_1443.png
/shared/rtis_lab/data/FLAME/custom_split/test_images/image_1454.jpg	/shared/rtis_lab/data/FLAME/custom_split/test_masks/image_1454.png
/shared/rtis_lab/data/FLAME/custom_split/test_images/image_1471.jpg	/shared/rtis_lab/data/FLAME/custom_split/test_masks/image_1471.png
/shared/rtis_lab/data/FLAME/custom_split/test_images/image_1474.jpg	/shared/rtis_lab/data/FLAME/custom_split/test_masks/image_1474.png
/shared/rtis_lab/data/FLAME/custom_split/test_images/image_1475.jpg	/shared/rtis_lab/data/FLAME/custom_split/test_masks/image_1475.png
/shared/rtis_lab/data/FLAME/custom_split/test_images/image_1482.jpg	/shared/rtis_lab/data/FLAME/custom_split/test_masks/image_1482.png
/shared/rtis_lab/data/FLAME/custom_split/test_images/image_1488.jpg	/shared/rtis_lab/data/FLAME/custom_split/test_masks/image_1488.png
/shared/rtis_lab/data/FLAME/custom_split/test_images/image_1495.jpg	/shared/rtis_lab/data/FLAME/custom_split/test_masks/image_1495.png
/shared/rtis_lab/data/FLAME/custom_split/test_images/image_1497.jpg	/shared/rtis_lab/data/FLAME/custom_split/test_masks/image_1497.png
/shared/rtis_lab/data/FLAME/custom_split/test_images/image_1510.jpg	/shared/rtis_lab/data/FLAME/custom_split/test_masks/image_1510.png
/shared/rtis_lab/data/FLAME/custom_split/test_images/image_1512.jpg	/shared/rtis_lab/data/FLAME/custom_split/test_masks/image_1512.png
/shared/rtis_lab/data/FLAME/custom_split/test_images/image_1519.jpg	/shared/rtis_lab/data/FLAME/custom_split/test_masks/image_1519.png
/shared/rtis_lab/data/FLAME/custom_split/test_images/image_1520.jpg	/shared/rtis_lab/data/FLAME/custom_split/test_masks/image_1520.png
/shared/rtis_lab/data/FLAME/custom_split/test_images/image_1522.jpg	/shared/rtis_lab/data/FLAME/custom_split/test_masks/image_1522.png
/shared/rtis_lab/data/FLAME/custom_split/test_images/image_1523.jpg	/shared/rtis_lab/data/FLAME/custom_split/test_masks/image_1523.png
/shared/rtis_lab/data/FLAME/custom_split/test_images/image_1524.jpg	/shared/rtis_lab/data/FLAME/custom_split/test_masks/image_1524.png
/shared/rtis_lab/data/FLAME/custom_split/test_images/image_153.jpg	/shared/rtis_lab/data/FLAME/custom_split/test_masks/image_153.png
/shared/rtis_lab/data/FLAME/custom_split/test_images/image_154.jpg	/shared/rtis_lab/data/FLAME/custom_split/test_masks/image_154.png
/shared/rtis_lab/data/FLAME/custom_split/test_images/image_1547.jpg	/shared/rtis_lab/data/FLAME/custom_split/test_masks/image_1547.png
/shared/rtis_lab/data/FLAME/custom_split/test_images/image_1548.jpg	/shared/rtis_lab/data/FLAME/custom_split/test_masks/image_1548.png
/shared/rtis_lab/data/FLAME/custom_split/test_images/image_1553.jpg	/shared/rtis_lab/data/FLAME/custom_split/test_masks/image_1553.png
/shared/rtis_lab/data/FLAME/custom_split/test_images/image_1554.jpg	/shared/rtis_lab/data/FLAME/custom_split/test_masks/image_1554.png
/shared/rtis_lab/data/FLAME/custom_split/test_images/image_1556.jpg	/shared/rtis_lab/data/FLAME/custom_split/test_masks/image_1556.png
/shared/rtis_lab/data/FLAME/custom_split/test_images/image_1563.jpg	/shared/rtis_lab/data/FLAME/custom_split/test_masks/image_1563.png
/shared/rtis_lab/data/FLAME/custom_split/test_images/image_1565.jpg	/shared/rtis_lab/data/FLAME/custom_split/test_masks/image_1565.png
/shared/rtis_lab/data/FLAME/custom_split/test_images/image_1584.jpg	/shared/rtis_lab/data/FLAME/custom_split/test_masks/image_1584.png
/shared/rtis_lab/data/FLAME/custom_split/test_images/image_1587.jpg	/shared/rtis_lab/data/FLAME/custom_split/test_masks/image_1587.png
/shared/rtis_lab/data/FLAME/custom_split/test_images/image_1600.jpg	/shared/rtis_lab/data/FLAME/custom_split/test_masks/image_1600.png
/shared/rtis_lab/data/FLAME/custom_split/test_images/image_1604.jpg	/shared/rtis_lab/data/FLAME/custom_split/test_masks/image_1604.png
/shared/rtis_lab/data/FLAME/custom_split/test_images/image_1608.jpg	/shared/rtis_lab/data/FLAME/custom_split/test_masks/image_1608.png
/shared/rtis_lab/data/FLAME/custom_split/test_images/image_1609.jpg	/shared/rtis_lab/data/FLAME/custom_split/test_masks/image_1609.png
/shared/rtis_lab/data/FLAME/custom_split/test_images/image_1621.jpg	/shared/rtis_lab/data/FLAME/custom_split/test_masks/image_1621.png
/shared/rtis_lab/data/FLAME/custom_split/test_images/image_1629.jpg	/shared/rtis_lab/data/FLAME/custom_split/test_masks/image_1629.png
/shared/rtis_lab/data/FLAME/custom_split/test_images/image_1639.jpg	/shared/rtis_lab/data/FLAME/custom_split/test_masks/image_1639.png
/shared/rtis_lab/data/FLAME/custom_split/test_images/image_1646.jpg	/shared/rtis_lab/data/FLAME/custom_split/test_masks/image_1646.png
/shared/rtis_lab/data/FLAME/custom_split/test_images/image_1667.jpg	/shared/rtis_lab/data/FLAME/custom_split/test_masks/image_1667.png
/shared/rtis_lab/data/FLAME/custom_split/test_images/image_1668.jpg	/shared/rtis_lab/data/FLAME/custom_split/test_masks/image_1668.png
/shared/rtis_lab/data/FLAME/custom_split/test_images/image_167.jpg	/shared/rtis_lab/data/FLAME/custom_split/test_masks/image_167.png
/shared/rtis_lab/data/FLAME/custom_split/test_images/image_1678.jpg	/shared/rtis_lab/data/FLAME/custom_split/test_masks/image_1678.png
/shared/rtis_lab/data/FLAME/custom_split/test_images/image_1681.jpg	/shared/rtis_lab/data/FLAME/custom_split/test_masks/image_1681.png
/shared/rtis_lab/data/FLAME/custom_split/test_images/image_1692.jpg	/shared/rtis_lab/data/FLAME/custom_split/test_masks/image_1692.png
/shared/rtis_lab/data/FLAME/custom_split/test_images/image_1701.jpg	/shared/rtis_lab/data/FLAME/custom_split/test_masks/image_1701.png
/shared/rtis_lab/data/FLAME/custom_split/test_images/image_1704.jpg	/shared/rtis_lab/data/FLAME/custom_split/test_masks/image_1704.png
/shared/rtis_lab/data/FLAME/custom_split/test_images/image_1706.jpg	/shared/rtis_lab/data/FLAME/custom_split/test_masks/image_1706.png
/shared/rtis_lab/data/FLAME/custom_split/test_images/image_1710.jpg	/shared/rtis_lab/data/FLAME/custom_split/test_masks/image_1710.png
/shared/rtis_lab/data/FLAME/custom_split/test_images/image_172.jpg	/shared/rtis_lab/data/FLAME/custom_split/test_masks/image_172.png
/shared/rtis_lab/data/FLAME/custom_split/test_images/image_1725.jpg	/shared/rtis_lab/data/FLAME/custom_split/test_masks/image_1725.png
/shared/rtis_lab/data/FLAME/custom_split/test_images/image_1726.jpg	/shared/rtis_lab/data/FLAME/custom_split/test_masks/image_1726.png
/shared/rtis_lab/data/FLAME/custom_split/test_images/image_1744.jpg	/shared/rtis_lab/data/FLAME/custom_split/test_masks/image_1744.png
/shared/rtis_lab/data/FLAME/custom_split/test_images/image_1749.jpg	/shared/rtis_lab/data/FLAME/custom_split/test_masks/image_1749.png
/shared/rtis_lab/data/FLAME/custom_split/test_images/image_1750.jpg	/shared/rtis_lab/data/FLAME/custom_split/test_masks/image_1750.png
/shared/rtis_lab/data/FLAME/custom_split/test_images/image_1752.jpg	/shared/rtis_lab/data/FLAME/custom_split/test_masks/image_1752.png
/shared/rtis_lab/data/FLAME/custom_split/test_images/image_1757.jpg	/shared/rtis_lab/data/FLAME/custom_split/test_masks/image_1757.png
/shared/rtis_lab/data/FLAME/custom_split/test_images/image_1768.jpg	/shared/rtis_lab/data/FLAME/custom_split/test_masks/image_1768.png
/shared/rtis_lab/data/FLAME/custom_split/test_images/image_1771.jpg	/shared/rtis_lab/data/FLAME/custom_split/test_masks/image_1771.png
/shared/rtis_lab/data/FLAME/custom_split/test_images/image_1797.jpg	/shared/rtis_lab/data/FLAME/custom_split/test_masks/image_1797.png
/shared/rtis_lab/data/FLAME/custom_split/test_images/image_1799.jpg	/shared/rtis_lab/data/FLAME/custom_split/test_masks/image_1799.png
/shared/rtis_lab/data/FLAME/custom_split/test_images/image_1813.jpg	/shared/rtis_lab/data/FLAME/custom_split/test_masks/image_1813.png
/shared/rtis_lab/data/FLAME/custom_split/test_images/image_1814.jpg	/shared/rtis_lab/data/FLAME/custom_split/test_masks/image_1814.png
/shared/rtis_lab/data/FLAME/custom_split/test_images/image_1816.jpg	/shared/rtis_lab/data/FLAME/custom_split/test_masks/image_1816.png
/shared/rtis_lab/data/FLAME/custom_split/test_images/image_1836.jpg	/shared/rtis_lab/data/FLAME/custom_split/test_masks/image_1836.png
/shared/rtis_lab/data/FLAME/custom_split/test_images/image_1840.jpg	/shared/rtis_lab/data/FLAME/custom_split/test_masks/image_1840.png
/shared/rtis_lab/data/FLAME/custom_split/test_images/image_1843.jpg	/shared/rtis_lab/data/FLAME/custom_split/test_masks/image_1843.png
/shared/rtis_lab/data/FLAME/custom_split/test_images/image_1852.jpg	/shared/rtis_lab/data/FLAME/custom_split/test_masks/image_1852.png
/shared/rtis_lab/data/FLAME/custom_split/test_images/image_1853.jpg	/shared/rtis_lab/data/FLAME/custom_split/test_masks/image_1853.png
/shared/rtis_lab/data/FLAME/custom_split/test_images/image_1864.jpg	/shared/rtis_lab/data/FLAME/custom_split/test_masks/image_1864.png
/shared/rtis_lab/data/FLAME/custom_split/test_images/image_1867.jpg	/shared/rtis_lab/data/FLAME/custom_split/test_masks/image_1867.png
/shared/rtis_lab/data/FLAME/custom_split/test_images/image_187.jpg	/shared/rtis_lab/data/FLAME/custom_split/test_masks/image_187.png
/shared/rtis_lab/data/FLAME/custom_split/test_images/image_1874.jpg	/shared/rtis_lab/data/FLAME/custom_split/test_masks/image_1874.png
/shared/rtis_lab/data/FLAME/custom_split/test_images/image_1879.jpg	/shared/rtis_lab/data/FLAME/custom_split/test_masks/image_1879.png
/shared/rtis_lab/data/FLAME/custom_split/test_images/image_1888.jpg	/shared/rtis_lab/data/FLAME/custom_split/test_masks/image_1888.png
/shared/rtis_lab/data/FLAME/custom_split/test_images/image_1892.jpg	/shared/rtis_lab/data/FLAME/custom_split/test_masks/image_1892.png
/shared/rtis_lab/data/FLAME/custom_split/test_images/image_1893.jpg	/shared/rtis_lab/data/FLAME/custom_split/test_masks/image_1893.png
/shared/rtis_lab/data/FLAME/custom_split/test_images/image_1902.jpg	/shared/rtis_lab/data/FLAME/custom_split/test_masks/image_1902.png
/shared/rtis_lab/data/FLAME/custom_split/test_images/image_1904.jpg	/shared/rtis_lab/data/FLAME/custom_split/test_masks/image_1904.png
/shared/rtis_lab/data/FLAME/custom_split/test_images/image_1918.jpg	/shared/rtis_lab/data/FLAME/custom_split/test_masks/image_1918.png
/shared/rtis_lab/data/FLAME/custom_split/test_images/image_1922.jpg	/shared/rtis_lab/data/FLAME/custom_split/test_masks/image_1922.png
/shared/rtis_lab/data/FLAME/custom_split/test_images/image_1924.jpg	/shared/rtis_lab/data/FLAME/custom_split/test_masks/image_1924.png
/shared/rtis_lab/data/FLAME/custom_split/test_images/image_1928.jpg	/shared/rtis_lab/data/FLAME/custom_split/test_masks/image_1928.png
/shared/rtis_lab/data/FLAME/custom_split/test_images/image_1929.jpg	/shared/rtis_lab/data/FLAME/custom_split/test_masks/image_1929.png
/shared/rtis_lab/data/FLAME/custom_split/test_images/image_1931.jpg	/shared/rtis_lab/data/FLAME/custom_split/test_masks/image_1931.png
/shared/rtis_lab/data/FLAME/custom_split/test_images/image_1940.jpg	/shared/rtis_lab/data/FLAME/custom_split/test_masks/image_1940.png
/shared/rtis_lab/data/FLAME/custom_split/test_images/image_1945.jpg	/shared/rtis_lab/data/FLAME/custom_split/test_masks/image_1945.png
/shared/rtis_lab/data/FLAME/custom_split/test_images/image_1947.jpg	/shared/rtis_lab/data/FLAME/custom_split/test_masks/image_1947.png
/shared/rtis_lab/data/FLAME/custom_split/test_images/image_1948.jpg	/shared/rtis_lab/data/FLAME/custom_split/test_masks/image_1948.png
/shared/rtis_lab/data/FLAME/custom_split/test_images/image_1973.jpg	/shared/rtis_lab/data/FLAME/custom_split/test_masks/image_1973.png
/shared/rtis_lab/data/FLAME/custom_split/test_images/image_1974.jpg	/shared/rtis_lab/data/FLAME/custom_split/test_masks/image_1974.png
/shared/rtis_lab/data/FLAME/custom_split/test_images/image_198.jpg	/shared/rtis_lab/data/FLAME/custom_split/test_masks/image_198.png
/shared/rtis_lab/data/FLAME/custom_split/test_images/image_1990.jpg	/shared/rtis_lab/data/FLAME/custom_split/test_masks/image_1990.png
/shared/rtis_lab/data/FLAME/custom_split/test_images/image_1994.jpg	/shared/rtis_lab/data/FLAME/custom_split/test_masks/image_1994.png
/shared/rtis_lab/data/FLAME/custom_split/test_images/image_1998.jpg	/shared/rtis_lab/data/FLAME/custom_split/test_masks/image_1998.png
/shared/rtis_lab/data/FLAME/custom_split/test_images/image_204.jpg	/shared/rtis_lab/data/FLAME/custom_split/test_masks/image_204.png
/shared/rtis_lab/data/FLAME/custom_split/test_images/image_210.jpg	/shared/rtis_lab/data/FLAME/custom_split/test_masks/image_210.png
/shared/rtis_lab/data/FLAME/custom_split/test_images/image_22.jpg	/shared/rtis_lab/data/FLAME/custom_split/test_masks/image_22.png
/shared/rtis_lab/data/FLAME/custom_split/test_images/image_231.jpg	/shared/rtis_lab/data/FLAME/custom_split/test_masks/image_231.png
/shared/rtis_lab/data/FLAME/custom_split/test_images/image_237.jpg	/shared/rtis_lab/data/FLAME/custom_split/test_masks/image_237.png
/shared/rtis_lab/data/FLAME/custom_split/test_images/image_240.jpg	/shared/rtis_lab/data/FLAME/custom_split/test_masks/image_240.png
/shared/rtis_lab/data/FLAME/custom_split/test_images/image_244.jpg	/shared/rtis_lab/data/FLAME/custom_split/test_masks/image_244.png
/shared/rtis_lab/data/FLAME/custom_split/test_images/image_253.jpg	/shared/rtis_lab/data/FLAME/custom_split/test_masks/image_253.png
/shared/rtis_lab/data/FLAME/custom_split/test_images/image_257.jpg	/shared/rtis_lab/data/FLAME/custom_split/test_masks/image_257.png
/shared/rtis_lab/data/FLAME/custom_split/test_images/image_259.jpg	/shared/rtis_lab/data/FLAME/custom_split/test_masks/image_259.png
/shared/rtis_lab/data/FLAME/custom_split/test_images/image_264.jpg	/shared/rtis_lab/data/FLAME/custom_split/test_masks/image_264.png
/shared/rtis_lab/data/FLAME/custom_split/test_images/image_266.jpg	/shared/rtis_lab/data/FLAME/custom_split/test_masks/image_266.png
/shared/rtis_lab/data/FLAME/custom_split/test_images/image_281.jpg	/shared/rtis_lab/data/FLAME/custom_split/test_masks/image_281.png
/shared/rtis_lab/data/FLAME/custom_split/test_images/image_283.jpg	/shared/rtis_lab/data/FLAME/custom_split/test_masks/image_283.png
/shared/rtis_lab/data/FLAME/custom_split/test_images/image_294.jpg	/shared/rtis_lab/data/FLAME/custom_split/test_masks/image_294.png
/shared/rtis_lab/data/FLAME/custom_split/test_images/image_299.jpg	/shared/rtis_lab/data/FLAME/custom_split/test_masks/image_299.png
/shared/rtis_lab/data/FLAME/custom_split/test_images/image_3.jpg	/shared/rtis_lab/data/FLAME/custom_split/test_masks/image_3.png
/shared/rtis_lab/data/FLAME/custom_split/test_images/image_304.jpg	/shared/rtis_lab/data/FLAME/custom_split/test_masks/image_304.png
/shared/rtis_lab/data/FLAME/custom_split/test_images/image_306.jpg	/shared/rtis_lab/data/FLAME/custom_split/test_masks/image_306.png
/shared/rtis_lab/data/FLAME/custom_split/test_images/image_311.jpg	/shared/rtis_lab/data/FLAME/custom_split/test_masks/image_311.png
/shared/rtis_lab/data/FLAME/custom_split/test_images/image_313.jpg	/shared/rtis_lab/data/FLAME/custom_split/test_masks/image_313.png
/shared/rtis_lab/data/FLAME/custom_split/test_images/image_315.jpg	/shared/rtis_lab/data/FLAME/custom_split/test_masks/image_315.png
/shared/rtis_lab/data/FLAME/custom_split/test_images/image_321.jpg	/shared/rtis_lab/data/FLAME/custom_split/test_masks/image_321.png
/shared/rtis_lab/data/FLAME/custom_split/test_images/image_330.jpg	/shared/rtis_lab/data/FLAME/custom_split/test_masks/image_330.png
/shared/rtis_lab/data/FLAME/custom_split/test_images/image_337.jpg	/shared/rtis_lab/data/FLAME/custom_split/test_masks/image_337.png
/shared/rtis_lab/data/FLAME/custom_split/test_images/image_342.jpg	/shared/rtis_lab/data/FLAME/custom_split/test_masks/image_342.png
/shared/rtis_lab/data/FLAME/custom_split/test_images/image_346.jpg	/shared/rtis_lab/data/FLAME/custom_split/test_masks/image_346.png
/shared/rtis_lab/data/FLAME/custom_split/test_images/image_348.jpg	/shared/rtis_lab/data/FLAME/custom_split/test_masks/image_348.png
/shared/rtis_lab/data/FLAME/custom_split/test_images/image_357.jpg	/shared/rtis_lab/data/FLAME/custom_split/test_masks/image_357.png
/shared/rtis_lab/data/FLAME/custom_split/test_images/image_36.jpg	/shared/rtis_lab/data/FLAME/custom_split/test_masks/image_36.png
/shared/rtis_lab/data/FLAME/custom_split/test_images/image_372.jpg	/shared/rtis_lab/data/FLAME/custom_split/test_masks/image_372.png
/shared/rtis_lab/data/FLAME/custom_split/test_images/image_374.jpg	/shared/rtis_lab/data/FLAME/custom_split/test_masks/image_374.png
/shared/rtis_lab/data/FLAME/custom_split/test_images/image_379.jpg	/shared/rtis_lab/data/FLAME/custom_split/test_masks/image_379.png
/shared/rtis_lab/data/FLAME/custom_split/test_images/image_386.jpg	/shared/rtis_lab/data/FLAME/custom_split/test_masks/image_386.png
/shared/rtis_lab/data/FLAME/custom_split/test_images/image_388.jpg	/shared/rtis_lab/data/FLAME/custom_split/test_masks/image_388.png
/shared/rtis_lab/data/FLAME/custom_split/test_images/image_391.jpg	/shared/rtis_lab/data/FLAME/custom_split/test_masks/image_391.png
/shared/rtis_lab/data/FLAME/custom_split/test_images/image_392.jpg	/shared/rtis_lab/data/FLAME/custom_split/test_masks/image_392.png
/shared/rtis_lab/data/FLAME/custom_split/test_images/image_393.jpg	/shared/rtis_lab/data/FLAME/custom_split/test_masks/image_393.png
/shared/rtis_lab/data/FLAME/custom_split/test_images/image_397.jpg	/shared/rtis_lab/data/FLAME/custom_split/test_masks/image_397.png
/shared/rtis_lab/data/FLAME/custom_split/test_images/image_408.jpg	/shared/rtis_lab/data/FLAME/custom_split/test_masks/image_408.png
/shared/rtis_lab/data/FLAME/custom_split/test_images/image_410.jpg	/shared/rtis_lab/data/FLAME/custom_split/test_masks/image_410.png
/shared/rtis_lab/data/FLAME/custom_split/test_images/image_415.jpg	/shared/rtis_lab/data/FLAME/custom_split/test_masks/image_415.png
/shared/rtis_lab/data/FLAME/custom_split/test_images/image_432.jpg	/shared/rtis_lab/data/FLAME/custom_split/test_masks/image_432.png
/shared/rtis_lab/data/FLAME/custom_split/test_images/image_441.jpg	/shared/rtis_lab/data/FLAME/custom_split/test_masks/image_441.png
/shared/rtis_lab/data/FLAME/custom_split/test_images/image_442.jpg	/shared/rtis_lab/data/FLAME/custom_split/test_masks/image_442.png
/shared/rtis_lab/data/FLAME/custom_split/test_images/image_450.jpg	/shared/rtis_lab/data/FLAME/custom_split/test_masks/image_450.png
/shared/rtis_lab/data/FLAME/custom_split/test_images/image_451.jpg	/shared/rtis_lab/data/FLAME/custom_split/test_masks/image_451.png
/shared/rtis_lab/data/FLAME/custom_split/test_images/image_461.jpg	/shared/rtis_lab/data/FLAME/custom_split/test_masks/image_461.png
/shared/rtis_lab/data/FLAME/custom_split/test_images/image_471.jpg	/shared/rtis_lab/data/FLAME/custom_split/test_masks/image_471.png
/shared/rtis_lab/data/FLAME/custom_split/test_images/image_478.jpg	/shared/rtis_lab/data/FLAME/custom_split/test_masks/image_478.png
/shared/rtis_lab/data/FLAME/custom_split/test_images/image_486.jpg	/shared/rtis_lab/data/FLAME/custom_split/test_masks/image_486.png
/shared/rtis_lab/data/FLAME/custom_split/test_images/image_488.jpg	/shared/rtis_lab/data/FLAME/custom_split/test_masks/image_488.png
/shared/rtis_lab/data/FLAME/custom_split/test_images/image_496.jpg	/shared/rtis_lab/data/FLAME/custom_split/test_masks/image_496.png
/shared/rtis_lab/data/FLAME/custom_split/test_images/image_510.jpg	/shared/rtis_lab/data/FLAME/custom_split/test_masks/image_510.png
/shared/rtis_lab/data/FLAME/custom_split/test_images/image_512.jpg	/shared/rtis_lab/data/FLAME/custom_split/test_masks/image_512.png
/shared/rtis_lab/data/FLAME/custom_split/test_images/image_514.jpg	/shared/rtis_lab/data/FLAME/custom_split/test_masks/image_514.png
/shared/rtis_lab/data/FLAME/custom_split/test_images/image_516.jpg	/shared/rtis_lab/data/FLAME/custom_split/test_masks/image_516.png
/shared/rtis_lab/data/FLAME/custom_split/test_images/image_521.jpg	/shared/rtis_lab/data/FLAME/custom_split/test_masks/image_521.png
/shared/rtis_lab/data/FLAME/custom_split/test_images/image_523.jpg	/shared/rtis_lab/data/FLAME/custom_split/test_masks/image_523.png
/shared/rtis_lab/data/FLAME/custom_split/test_images/image_54.jpg	/shared/rtis_lab/data/FLAME/custom_split/test_masks/image_54.png
/shared/rtis_lab/data/FLAME/custom_split/test_images/image_547.jpg	/shared/rtis_lab/data/FLAME/custom_split/test_masks/image_547.png
/shared/rtis_lab/data/FLAME/custom_split/test_images/image_556.jpg	/shared/rtis_lab/data/FLAME/custom_split/test_masks/image_556.png
/shared/rtis_lab/data/FLAME/custom_split/test_images/image_559.jpg	/shared/rtis_lab/data/FLAME/custom_split/test_masks/image_559.png
/shared/rtis_lab/data/FLAME/custom_split/test_images/image_563.jpg	/shared/rtis_lab/data/FLAME/custom_split/test_masks/image_563.png
/shared/rtis_lab/data/FLAME/custom_split/test_images/image_580.jpg	/shared/rtis_lab/data/FLAME/custom_split/test_masks/image_580.png
/shared/rtis_lab/data/FLAME/custom_split/test_images/image_584.jpg	/shared/rtis_lab/data/FLAME/custom_split/test_masks/image_584.png
/shared/rtis_lab/data/FLAME/custom_split/test_images/image_586.jpg	/shared/rtis_lab/data/FLAME/custom_split/test_masks/image_586.png
/shared/rtis_lab/data/FLAME/custom_split/test_images/image_587.jpg	/shared/rtis_lab/data/FLAME/custom_split/test_masks/image_587.png
/shared/rtis_lab/data/FLAME/custom_split/test_images/image_589.jpg	/shared/rtis_lab/data/FLAME/custom_split/test_masks/image_589.png
/shared/rtis_lab/data/FLAME/custom_split/test_images/image_597.jpg	/shared/rtis_lab/data/FLAME/custom_split/test_masks/image_597.png
/shared/rtis_lab/data/FLAME/custom_split/test_images/image_598.jpg	/shared/rtis_lab/data/FLAME/custom_split/test_masks/image_598.png
/shared/rtis_lab/data/FLAME/custom_split/test_images/image_606.jpg	/shared/rtis_lab/data/FLAME/custom_split/test_masks/image_606.png
/shared/rtis_lab/data/FLAME/custom_split/test_images/image_61.jpg	/shared/rtis_lab/data/FLAME/custom_split/test_masks/image_61.png
/shared/rtis_lab/data/FLAME/custom_split/test_images/image_62.jpg	/shared/rtis_lab/data/FLAME/custom_split/test_masks/image_62.png
/shared/rtis_lab/data/FLAME/custom_split/test_images/image_63.jpg	/shared/rtis_lab/data/FLAME/custom_split/test_masks/image_63.png
/shared/rtis_lab/data/FLAME/custom_split/test_images/image_630.jpg	/shared/rtis_lab/data/FLAME/custom_split/test_masks/image_630.png
/shared/rtis_lab/data/FLAME/custom_split/test_images/image_635.jpg	/shared/rtis_lab/data/FLAME/custom_split/test_masks/image_635.png
/shared/rtis_lab/data/FLAME/custom_split/test_images/image_645.jpg	/shared/rtis_lab/data/FLAME/custom_split/test_masks/image_645.png
/shared/rtis_lab/data/FLAME/custom_split/test_images/image_672.jpg	/shared/rtis_lab/data/FLAME/custom_split/test_masks/image_672.png
/shared/rtis_lab/data/FLAME/custom_split/test_images/image_673.jpg	/shared/rtis_lab/data/FLAME/custom_split/test_masks/image_673.png
/shared/rtis_lab/data/FLAME/custom_split/test_images/image_674.jpg	/shared/rtis_lab/data/FLAME/custom_split/test_masks/image_674.png
/shared/rtis_lab/data/FLAME/custom_split/test_images/image_680.jpg	/shared/rtis_lab/data/FLAME/custom_split/test_masks/image_680.png
/shared/rtis_lab/data/FLAME/custom_split/test_images/image_685.jpg	/shared/rtis_lab/data/FLAME/custom_split/test_masks/image_685.png
/shared/rtis_lab/data/FLAME/custom_split/test_images/image_687.jpg	/shared/rtis_lab/data/FLAME/custom_split/test_masks/image_687.png
/shared/rtis_lab/data/FLAME/custom_split/test_images/image_692.jpg	/shared/rtis_lab/data/FLAME/custom_split/test_masks/image_692.png
/shared/rtis_lab/data/FLAME/custom_split/test_images/image_696.jpg	/shared/rtis_lab/data/FLAME/custom_split/test_masks/image_696.png
/shared/rtis_lab/data/FLAME/custom_split/test_images/image_698.jpg	/shared/rtis_lab/data/FLAME/custom_split/test_masks/image_698.png
/shared/rtis_lab/data/FLAME/custom_split/test_images/image_70.jpg	/shared/rtis_lab/data/FLAME/custom_split/test_masks/image_70.png
/shared/rtis_lab/data/FLAME/custom_split/test_images/image_703.jpg	/shared/rtis_lab/data/FLAME/custom_split/test_masks/image_703.png
/shared/rtis_lab/data/FLAME/custom_split/test_images/image_715.jpg	/shared/rtis_lab/data/FLAME/custom_split/test_masks/image_715.png
/shared/rtis_lab/data/FLAME/custom_split/test_images/image_72.jpg	/shared/rtis_lab/data/FLAME/custom_split/test_masks/image_72.png
/shared/rtis_lab/data/FLAME/custom_split/test_images/image_725.jpg	/shared/rtis_lab/data/FLAME/custom_split/test_masks/image_725.png
/shared/rtis_lab/data/FLAME/custom_split/test_images/image_737.jpg	/shared/rtis_lab/data/FLAME/custom_split/test_masks/image_737.png
/shared/rtis_lab/data/FLAME/custom_split/test_images/image_756.jpg	/shared/rtis_lab/data/FLAME/custom_split/test_masks/image_756.png
/shared/rtis_lab/data/FLAME/custom_split/test_images/image_767.jpg	/shared/rtis_lab/data/FLAME/custom_split/test_masks/image_767.png
/shared/rtis_lab/data/FLAME/custom_split/test_images/image_78.jpg	/shared/rtis_lab/data/FLAME/custom_split/test_masks/image_78.png
/shared/rtis_lab/data/FLAME/custom_split/test_images/image_784.jpg	/shared/rtis_lab/data/FLAME/custom_split/test_masks/image_784.png
/shared/rtis_lab/data/FLAME/custom_split/test_images/image_787.jpg	/shared/rtis_lab/data/FLAME/custom_split/test_masks/image_787.png
/shared/rtis_lab/data/FLAME/custom_split/test_images/image_789.jpg	/shared/rtis_lab/data/FLAME/custom_split/test_masks/image_789.png
/shared/rtis_lab/data/FLAME/custom_split/test_images/image_79.jpg	/shared/rtis_lab/data/FLAME/custom_split/test_masks/image_79.png
/shared/rtis_lab/data/FLAME/custom_split/test_images/image_794.jpg	/shared/rtis_lab/data/FLAME/custom_split/test_masks/image_794.png
/shared/rtis_lab/data/FLAME/custom_split/test_images/image_804.jpg	/shared/rtis_lab/data/FLAME/custom_split/test_masks/image_804.png
/shared/rtis_lab/data/FLAME/custom_split/test_images/image_817.jpg	/shared/rtis_lab/data/FLAME/custom_split/test_masks/image_817.png
/shared/rtis_lab/data/FLAME/custom_split/test_images/image_818.jpg	/shared/rtis_lab/data/FLAME/custom_split/test_masks/image_818.png
/shared/rtis_lab/data/FLAME/custom_split/test_images/image_831.jpg	/shared/rtis_lab/data/FLAME/custom_split/test_masks/image_831.png
/shared/rtis_lab/data/FLAME/custom_split/test_images/image_835.jpg	/shared/rtis_lab/data/FLAME/custom_split/test_masks/image_835.png
/shared/rtis_lab/data/FLAME/custom_split/test_images/image_836.jpg	/shared/rtis_lab/data/FLAME/custom_split/test_masks/image_836.png
/shared/rtis_lab/data/FLAME/custom_split/test_images/image_843.jpg	/shared/rtis_lab/data/FLAME/custom_split/test_masks/image_843.png
/shared/rtis_lab/data/FLAME/custom_split/test_images/image_845.jpg	/shared/rtis_lab/data/FLAME/custom_split/test_masks/image_845.png
/shared/rtis_lab/data/FLAME/custom_split/test_images/image_86.jpg	/shared/rtis_lab/data/FLAME/custom_split/test_masks/image_86.png
/shared/rtis_lab/data/FLAME/custom_split/test_images/image_861.jpg	/shared/rtis_lab/data/FLAME/custom_split/test_masks/image_861.png
/shared/rtis_lab/data/FLAME/custom_split/test_images/image_866.jpg	/shared/rtis_lab/data/FLAME/custom_split/test_masks/image_866.png
/shared/rtis_lab/data/FLAME/custom_split/test_images/image_867.jpg	/shared/rtis_lab/data/FLAME/custom_split/test_masks/image_867.png
/shared/rtis_lab/data/FLAME/custom_split/test_images/image_870.jpg	/shared/rtis_lab/data/FLAME/custom_split/test_masks/image_870.png
/shared/rtis_lab/data/FLAME/custom_split/test_images/image_878.jpg	/shared/rtis_lab/data/FLAME/custom_split/test_masks/image_878.png
/shared/rtis_lab/data/FLAME/custom_split/test_images/image_879.jpg	/shared/rtis_lab/data/FLAME/custom_split/test_masks/image_879.png
/shared/rtis_lab/data/FLAME/custom_split/test_images/image_884.jpg	/shared/rtis_lab/data/FLAME/custom_split/test_masks/image_884.png
/shared/rtis_lab/data/FLAME/custom_split/test_images/image_895.jpg	/shared/rtis_lab/data/FLAME/custom_split/test_masks/image_895.png
/shared/rtis_lab/data/FLAME/custom_split/test_images/image_927.jpg	/shared/rtis_lab/data/FLAME/custom_split/test_masks/image_927.png
/shared/rtis_lab/data/FLAME/custom_split/test_images/image_933.jpg	/shared/rtis_lab/data/FLAME/custom_split/test_masks/image_933.png
/shared/rtis_lab/data/FLAME/custom_split/test_images/image_936.jpg	/shared/rtis_lab/data/FLAME/custom_split/test_masks/image_936.png
/shared/rtis_lab/data/FLAME/custom_split/test_images/image_937.jpg	/shared/rtis_lab/data/FLAME/custom_split/test_masks/image_937.png
/shared/rtis_lab/data/FLAME/custom_split/test_images/image_94.jpg	/shared/rtis_lab/data/FLAME/custom_split/test_masks/image_94.png
/shared/rtis_lab/data/FLAME/custom_split/test_images/image_943.jpg	/shared/rtis_lab/data/FLAME/custom_split/test_masks/image_943.png
/shared/rtis_lab/data/FLAME/custom_split/test_images/image_948.jpg	/shared/rtis_lab/data/FLAME/custom_split/test_masks/image_948.png
/shared/rtis_lab/data/FLAME/custom_split/test_images/image_954.jpg	/shared/rtis_lab/data/FLAME/custom_split/test_masks/image_954.png
/shared/rtis_lab/data/FLAME/custom_split/test_images/image_965.jpg	/shared/rtis_lab/data/FLAME/custom_split/test_masks/image_965.png
/shared/rtis_lab/data/FLAME/custom_split/test_images/image_968.jpg	/shared/rtis_lab/data/FLAME/custom_split/test_masks/image_968.png
/shared/rtis_lab/data/FLAME/custom_split/test_images/image_969.jpg	/shared/rtis_lab/data/FLAME/custom_split/test_masks/image_969.png
/shared/rtis_lab/data/FLAME/custom_split/test_images/image_977.jpg	/shared/rtis_lab/data/FLAME/custom_split/test_masks/image_977.png
/shared/rtis_lab/data/FLAME/custom_split/test_images/image_988.jpg	/shared/rtis_lab/data/FLAME/custom_split/test_masks/image_988.png
/shared/rtis_lab/data/FLAME/custom_split/test_images/image_990.jpg	/shared/rtis_lab/data/FLAME/custom_split/test_masks/image_990.png
