test_images/image_1018.png	test_masks/image_1018.png
test_images/image_1023.png	test_masks/image_1023.png
test_images/image_1026.png	test_masks/image_1026.png
test_images/image_1038.png	test_masks/image_1038.png
test_images/image_1041.png	test_masks/image_1041.png
test_images/image_1048.png	test_masks/image_1048.png
test_images/image_1050.png	test_masks/image_1050.png
test_images/image_1054.png	test_masks/image_1054.png
test_images/image_1056.png	test_masks/image_1056.png
test_images/image_106.png	test_masks/image_106.png
test_images/image_1060.png	test_masks/image_1060.png
test_images/image_1063.png	test_masks/image_1063.png
test_images/image_1068.png	test_masks/image_1068.png
test_images/image_1087.png	test_masks/image_1087.png
test_images/image_1088.png	test_masks/image_1088.png
test_images/image_1096.png	test_masks/image_1096.png
test_images/image_1098.png	test_masks/image_1098.png
test_images/image_1100.png	test_masks/image_1100.png
test_images/image_1105.png	test_masks/image_1105.png
test_images/image_1109.png	test_masks/image_1109.png
test_images/image_1112.png	test_masks/image_1112.png
test_images/image_1119.png	test_masks/image_1119.png
test_images/image_1143.png	test_masks/image_1143.png
test_images/image_1144.png	test_masks/image_1144.png
test_images/image_1153.png	test_masks/image_1153.png
test_images/image_1167.png	test_masks/image_1167.png
test_images/image_1174.png	test_masks/image_1174.png
test_images/image_1180.png	test_masks/image_1180.png
test_images/image_1187.png	test_masks/image_1187.png
test_images/image_1188.png	test_masks/image_1188.png
test_images/image_1189.png	test_masks/image_1189.png
test_images/image_1194.png	test_masks/image_1194.png
test_images/image_1196.png	test_masks/image_1196.png
test_images/image_1205.png	test_masks/image_1205.png
test_images/image_1207.png	test_masks/image_1207.png
test_images/image_1210.png	test_masks/image_1210.png
test_images/image_1212.png	test_masks/image_1212.png
test_images/image_122.png	test_masks/image_122.png
test_images/image_1223.png	test_masks/image_1223.png
test_images/image_1226.png	test_masks/image_1226.png
test_images/image_1228.png	test_masks/image_1228.png
test_images/image_1240.png	test_masks/image_1240.png
test_images/image_1245.png	test_masks/image_1245.png
test_images/image_1250.png	test_masks/image_1250.png
test_images/image_1258.png	test_masks/image_1258.png
test_images/image_1265.png	test_masks/image_1265.png
test_images/image_1266.png	test_masks/image_1266.png
test_images/image_1272.png	test_masks/image_1272.png
test_images/image_1273.png	test_masks/image_1273.png
test_images/image_1274.png	test_masks/image_1274.png
test_images/image_1282.png	test_masks/image_1282.png
test_images/image_129.png	test_masks/image_129.png
test_images/image_1307.png	test_masks/image_1307.png
test_images/image_1313.png	test_masks/image_1313.png
test_images/image_1314.png	test_masks/image_1314.png
test_images/image_1315.png	test_masks/image_1315.png
test_images/image_1316.png	test_masks/image_1316.png
test_images/image_1322.png	test_masks/image_1322.png
test_images/image_1327.png	test_masks/image_1327.png
test_images/image_1329.png	test_masks/image_1329.png
test_images/image_1334.png	test_masks/image_1334.png
test_images/image_1341.png	test_masks/image_1341.png
test_images/image_1342.png	test_masks/image_1342.png
test_images/image_1351.png	test_masks/image_1351.png
test_images/image_1352.png	test_masks/image_1352.png
test_images/image_1368.png	test_masks/image_1368.png
test_images/image_1370.png	test_masks/image_1370.png
test_images/image_1372.png	test_masks/image_1372.png
test_images/image_1382.png	test_masks/image_1382.png
test_images/image_1384.png	test_masks/image_1384.png
test_images/image_1387.png	test_masks/image_1387.png
test_images/image_1388.png	test_masks/image_1388.png
test_images/image_1402.png	test_masks/image_1402.png
test_images/image_1413.png	test_masks/image_1413.png
test_images/image_1415.png	test_masks/image_1415.png
test_images/image_1428.png	test_masks/image_1428.png
test_images/image_1429.png	test_masks/image_1429.png
test_images/image_1442.png	test_masks/image_1442.png
test_images/image_1443.png	test_masks/image_1443.png
test_images/image_1454.png	test_masks/image_1454.png
test_images/image_1471.png	test_masks/image_1471.png
test_images/image_1474.png	test_masks/image_1474.png
test_images/image_1475.png	test_masks/image_1475.png
test_images/image_1482.png	test_masks/image_1482.png
test_images/image_1488.png	test_masks/image_1488.png
test_images/image_1495.png	test_masks/image_1495.png
test_images/image_1497.png	test_masks/image_1497.png
test_images/image_1510.png	test_masks/image_1510.png
test_images/image_1512.png	test_masks/image_1512.png
test_images/image_1519.png	test_masks/image_1519.png
test_images/image_1520.png	test_masks/image_1520.png
test_images/image_1522.png	test_masks/image_1522.png
test_images/image_1523.png	test_masks/image_1523.png
test_images/image_1524.png	test_masks/image_1524.png
test_images/image_153.png	test_masks/image_153.png
test_images/image_154.png	test_masks/image_154.png
test_images/image_1547.png	test_masks/image_1547.png
test_images/image_1548.png	test_masks/image_1548.png
test_images/image_1553.png	test_masks/image_1553.png
test_images/image_1554.png	test_masks/image_1554.png
test_images/image_1556.png	test_masks/image_1556.png
test_images/image_1563.png	test_masks/image_1563.png
test_images/image_1565.png	test_masks/image_1565.png
test_images/image_1584.png	test_masks/image_1584.png
test_images/image_1587.png	test_masks/image_1587.png
test_images/image_1600.png	test_masks/image_1600.png
test_images/image_1604.png	test_masks/image_1604.png
test_images/image_1608.png	test_masks/image_1608.png
test_images/image_1609.png	test_masks/image_1609.png
test_images/image_1621.png	test_masks/image_1621.png
test_images/image_1629.png	test_masks/image_1629.png
test_images/image_1639.png	test_masks/image_1639.png
test_images/image_1646.png	test_masks/image_1646.png
test_images/image_1667.png	test_masks/image_1667.png
test_images/image_1668.png	test_masks/image_1668.png
test_images/image_167.png	test_masks/image_167.png
test_images/image_1678.png	test_masks/image_1678.png
test_images/image_1681.png	test_masks/image_1681.png
test_images/image_1692.png	test_masks/image_1692.png
test_images/image_1701.png	test_masks/image_1701.png
test_images/image_1704.png	test_masks/image_1704.png
test_images/image_1706.png	test_masks/image_1706.png
test_images/image_1710.png	test_masks/image_1710.png
test_images/image_172.png	test_masks/image_172.png
test_images/image_1725.png	test_masks/image_1725.png
test_images/image_1726.png	test_masks/image_1726.png
test_images/image_1744.png	test_masks/image_1744.png
test_images/image_1749.png	test_masks/image_1749.png
test_images/image_1750.png	test_masks/image_1750.png
test_images/image_1752.png	test_masks/image_1752.png
test_images/image_1757.png	test_masks/image_1757.png
test_images/image_1768.png	test_masks/image_1768.png
test_images/image_1771.png	test_masks/image_1771.png
test_images/image_1797.png	test_masks/image_1797.png
test_images/image_1799.png	test_masks/image_1799.png
test_images/image_1813.png	test_masks/image_1813.png
test_images/image_1814.png	test_masks/image_1814.png
test_images/image_1816.png	test_masks/image_1816.png
test_images/image_1836.png	test_masks/image_1836.png
test_images/image_1840.png	test_masks/image_1840.png
test_images/image_1843.png	test_masks/image_1843.png
test_images/image_1852.png	test_masks/image_1852.png
test_images/image_1853.png	test_masks/image_1853.png
test_images/image_1864.png	test_masks/image_1864.png
test_images/image_1867.png	test_masks/image_1867.png
test_images/image_187.png	test_masks/image_187.png
test_images/image_1874.png	test_masks/image_1874.png
test_images/image_1879.png	test_masks/image_1879.png
test_images/image_1888.png	test_masks/image_1888.png
test_images/image_1892.png	test_masks/image_1892.png
test_images/image_1893.png	test_masks/image_1893.png
test_images/image_1902.png	test_masks/image_1902.png
test_images/image_1904.png	test_masks/image_1904.png
test_images/image_1918.png	test_masks/image_1918.png
test_images/image_1922.png	test_masks/image_1922.png
test_images/image_1924.png	test_masks/image_1924.png
test_images/image_1928.png	test_masks/image_1928.png
test_images/image_1929.png	test_masks/image_1929.png
test_images/image_1931.png	test_masks/image_1931.png
test_images/image_1940.png	test_masks/image_1940.png
test_images/image_1945.png	test_masks/image_1945.png
test_images/image_1947.png	test_masks/image_1947.png
test_images/image_1948.png	test_masks/image_1948.png
test_images/image_1973.png	test_masks/image_1973.png
test_images/image_1974.png	test_masks/image_1974.png
test_images/image_198.png	test_masks/image_198.png
test_images/image_1990.png	test_masks/image_1990.png
test_images/image_1994.png	test_masks/image_1994.png
test_images/image_1998.png	test_masks/image_1998.png
test_images/image_204.png	test_masks/image_204.png
test_images/image_210.png	test_masks/image_210.png
test_images/image_22.png	test_masks/image_22.png
test_images/image_231.png	test_masks/image_231.png
test_images/image_237.png	test_masks/image_237.png
test_images/image_240.png	test_masks/image_240.png
test_images/image_244.png	test_masks/image_244.png
test_images/image_253.png	test_masks/image_253.png
test_images/image_257.png	test_masks/image_257.png
test_images/image_259.png	test_masks/image_259.png
test_images/image_264.png	test_masks/image_264.png
test_images/image_266.png	test_masks/image_266.png
test_images/image_281.png	test_masks/image_281.png
test_images/image_283.png	test_masks/image_283.png
test_images/image_294.png	test_masks/image_294.png
test_images/image_299.png	test_masks/image_299.png
test_images/image_3.png	test_masks/image_3.png
test_images/image_304.png	test_masks/image_304.png
test_images/image_306.png	test_masks/image_306.png
test_images/image_311.png	test_masks/image_311.png
test_images/image_313.png	test_masks/image_313.png
test_images/image_315.png	test_masks/image_315.png
test_images/image_321.png	test_masks/image_321.png
test_images/image_330.png	test_masks/image_330.png
test_images/image_337.png	test_masks/image_337.png
test_images/image_342.png	test_masks/image_342.png
test_images/image_346.png	test_masks/image_346.png
test_images/image_348.png	test_masks/image_348.png
test_images/image_357.png	test_masks/image_357.png
test_images/image_36.png	test_masks/image_36.png
test_images/image_372.png	test_masks/image_372.png
test_images/image_374.png	test_masks/image_374.png
test_images/image_379.png	test_masks/image_379.png
test_images/image_386.png	test_masks/image_386.png
test_images/image_388.png	test_masks/image_388.png
test_images/image_391.png	test_masks/image_391.png
test_images/image_392.png	test_masks/image_392.png
test_images/image_393.png	test_masks/image_393.png
test_images/image_397.png	test_masks/image_397.png
test_images/image_408.png	test_masks/image_408.png
test_images/image_410.png	test_masks/image_410.png
test_images/image_415.png	test_masks/image_415.png
test_images/image_432.png	test_masks/image_432.png
test_images/image_441.png	test_masks/image_441.png
test_images/image_442.png	test_masks/image_442.png
test_images/image_450.png	test_masks/image_450.png
test_images/image_451.png	test_masks/image_451.png
test_images/image_461.png	test_masks/image_461.png
test_images/image_471.png	test_masks/image_471.png
test_images/image_478.png	test_masks/image_478.png
test_images/image_486.png	test_masks/image_486.png
test_images/image_488.png	test_masks/image_488.png
test_images/image_496.png	test_masks/image_496.png
test_images/image_510.png	test_masks/image_510.png
test_images/image_512.png	test_masks/image_512.png
test_images/image_514.png	test_masks/image_514.png
test_images/image_516.png	test_masks/image_516.png
test_images/image_521.png	test_masks/image_521.png
test_images/image_523.png	test_masks/image_523.png
test_images/image_54.png	test_masks/image_54.png
test_images/image_547.png	test_masks/image_547.png
test_images/image_556.png	test_masks/image_556.png
test_images/image_559.png	test_masks/image_559.png
test_images/image_563.png	test_masks/image_563.png
test_images/image_580.png	test_masks/image_580.png
test_images/image_584.png	test_masks/image_584.png
test_images/image_586.png	test_masks/image_586.png
test_images/image_587.png	test_masks/image_587.png
test_images/image_589.png	test_masks/image_589.png
test_images/image_597.png	test_masks/image_597.png
test_images/image_598.png	test_masks/image_598.png
test_images/image_606.png	test_masks/image_606.png
test_images/image_61.png	test_masks/image_61.png
test_images/image_62.png	test_masks/image_62.png
test_images/image_63.png	test_masks/image_63.png
test_images/image_630.png	test_masks/image_630.png
test_images/image_635.png	test_masks/image_635.png
test_images/image_645.png	test_masks/image_645.png
test_images/image_672.png	test_masks/image_672.png
test_images/image_673.png	test_masks/image_673.png
test_images/image_674.png	test_masks/image_674.png
test_images/image_680.png	test_masks/image_680.png
test_images/image_685.png	test_masks/image_685.png
test_images/image_687.png	test_masks/image_687.png
test_images/image_692.png	test_masks/image_692.png
test_images/image_696.png	test_masks/image_696.png
test_images/image_698.png	test_masks/image_698.png
test_images/image_70.png	test_masks/image_70.png
test_images/image_703.png	test_masks/image_703.png
test_images/image_715.png	test_masks/image_715.png
test_images/image_72.png	test_masks/image_72.png
test_images/image_725.png	test_masks/image_725.png
test_images/image_737.png	test_masks/image_737.png
test_images/image_756.png	test_masks/image_756.png
test_images/image_767.png	test_masks/image_767.png
test_images/image_78.png	test_masks/image_78.png
test_images/image_784.png	test_masks/image_784.png
test_images/image_787.png	test_masks/image_787.png
test_images/image_789.png	test_masks/image_789.png
test_images/image_79.png	test_masks/image_79.png
test_images/image_794.png	test_masks/image_794.png
test_images/image_804.png	test_masks/image_804.png
test_images/image_817.png	test_masks/image_817.png
test_images/image_818.png	test_masks/image_818.png
test_images/image_831.png	test_masks/image_831.png
test_images/image_835.png	test_masks/image_835.png
test_images/image_836.png	test_masks/image_836.png
test_images/image_843.png	test_masks/image_843.png
test_images/image_845.png	test_masks/image_845.png
test_images/image_86.png	test_masks/image_86.png
test_images/image_861.png	test_masks/image_861.png
test_images/image_866.png	test_masks/image_866.png
test_images/image_867.png	test_masks/image_867.png
test_images/image_870.png	test_masks/image_870.png
test_images/image_878.png	test_masks/image_878.png
test_images/image_879.png	test_masks/image_879.png
test_images/image_884.png	test_masks/image_884.png
test_images/image_895.png	test_masks/image_895.png
test_images/image_927.png	test_masks/image_927.png
test_images/image_933.png	test_masks/image_933.png
test_images/image_936.png	test_masks/image_936.png
test_images/image_937.png	test_masks/image_937.png
test_images/image_94.png	test_masks/image_94.png
test_images/image_943.png	test_masks/image_943.png
test_images/image_948.png	test_masks/image_948.png
test_images/image_954.png	test_masks/image_954.png
test_images/image_965.png	test_masks/image_965.png
test_images/image_968.png	test_masks/image_968.png
test_images/image_969.png	test_masks/image_969.png
test_images/image_977.png	test_masks/image_977.png
test_images/image_988.png	test_masks/image_988.png
test_images/image_990.png	test_masks/image_990.png
