train_images/image_0.png	train_masks/image_0.png
train_images/image_1.png	train_masks/image_1.png
train_images/image_10.png	train_masks/image_10.png
train_images/image_1000.png	train_masks/image_1000.png
train_images/image_1001.png	train_masks/image_1001.png
train_images/image_1002.png	train_masks/image_1002.png
train_images/image_1003.png	train_masks/image_1003.png
train_images/image_1004.png	train_masks/image_1004.png
train_images/image_1005.png	train_masks/image_1005.png
train_images/image_1006.png	train_masks/image_1006.png
train_images/image_1007.png	train_masks/image_1007.png
train_images/image_1008.png	train_masks/image_1008.png
train_images/image_1009.png	train_masks/image_1009.png
train_images/image_101.png	train_masks/image_101.png
train_images/image_1010.png	train_masks/image_1010.png
train_images/image_1011.png	train_masks/image_1011.png
train_images/image_1012.png	train_masks/image_1012.png
train_images/image_1014.png	train_masks/image_1014.png
train_images/image_1015.png	train_masks/image_1015.png
train_images/image_1016.png	train_masks/image_1016.png
train_images/image_1017.png	train_masks/image_1017.png
train_images/image_1019.png	train_masks/image_1019.png
train_images/image_102.png	train_masks/image_102.png
train_images/image_1020.png	train_masks/image_1020.png
train_images/image_1021.png	train_masks/image_1021.png
train_images/image_1022.png	train_masks/image_1022.png
train_images/image_1024.png	train_masks/image_1024.png
train_images/image_1025.png	train_masks/image_1025.png
train_images/image_1027.png	train_masks/image_1027.png
train_images/image_1028.png	train_masks/image_1028.png
train_images/image_103.png	train_masks/image_103.png
train_images/image_1030.png	train_masks/image_1030.png
train_images/image_1031.png	train_masks/image_1031.png
train_images/image_1032.png	train_masks/image_1032.png
train_images/image_1033.png	train_masks/image_1033.png
train_images/image_1034.png	train_masks/image_1034.png
train_images/image_1036.png	train_masks/image_1036.png
train_images/image_1037.png	train_masks/image_1037.png
train_images/image_104.png	train_masks/image_104.png
train_images/image_1040.png	train_masks/image_1040.png
train_images/image_1042.png	train_masks/image_1042.png
train_images/image_1043.png	train_masks/image_1043.png
train_images/image_1044.png	train_masks/image_1044.png
train_images/image_1045.png	train_masks/image_1045.png
train_images/image_1046.png	train_masks/image_1046.png
train_images/image_1049.png	train_masks/image_1049.png
train_images/image_105.png	train_masks/image_105.png
train_images/image_1051.png	train_masks/image_1051.png
train_images/image_1052.png	train_masks/image_1052.png
train_images/image_1055.png	train_masks/image_1055.png
train_images/image_1057.png	train_masks/image_1057.png
train_images/image_1058.png	train_masks/image_1058.png
train_images/image_1059.png	train_masks/image_1059.png
train_images/image_1061.png	train_masks/image_1061.png
train_images/image_1062.png	train_masks/image_1062.png
train_images/image_1064.png	train_masks/image_1064.png
train_images/image_1065.png	train_masks/image_1065.png
train_images/image_1066.png	train_masks/image_1066.png
train_images/image_1067.png	train_masks/image_1067.png
train_images/image_1069.png	train_masks/image_1069.png
train_images/image_107.png	train_masks/image_107.png
train_images/image_1070.png	train_masks/image_1070.png
train_images/image_1071.png	train_masks/image_1071.png
train_images/image_1072.png	train_masks/image_1072.png
train_images/image_1074.png	train_masks/image_1074.png
train_images/image_1077.png	train_masks/image_1077.png
train_images/image_1078.png	train_masks/image_1078.png
train_images/image_1079.png	train_masks/image_1079.png
train_images/image_108.png	train_masks/image_108.png
train_images/image_1080.png	train_masks/image_1080.png
train_images/image_1081.png	train_masks/image_1081.png
train_images/image_1082.png	train_masks/image_1082.png
train_images/image_1083.png	train_masks/image_1083.png
train_images/image_1084.png	train_masks/image_1084.png
train_images/image_1085.png	train_masks/image_1085.png
train_images/image_1089.png	train_masks/image_1089.png
train_images/image_109.png	train_masks/image_109.png
train_images/image_1090.png	train_masks/image_1090.png
train_images/image_1091.png	train_masks/image_1091.png
train_images/image_1092.png	train_masks/image_1092.png
train_images/image_1093.png	train_masks/image_1093.png
train_images/image_1094.png	train_masks/image_1094.png
train_images/image_1095.png	train_masks/image_1095.png
train_images/image_1097.png	train_masks/image_1097.png
train_images/image_1099.png	train_masks/image_1099.png
train_images/image_110.png	train_masks/image_110.png
train_images/image_1102.png	train_masks/image_1102.png
train_images/image_1103.png	train_masks/image_1103.png
train_images/image_1104.png	train_masks/image_1104.png
train_images/image_1106.png	train_masks/image_1106.png
train_images/image_1107.png	train_masks/image_1107.png
train_images/image_1108.png	train_masks/image_1108.png
train_images/image_1110.png	train_masks/image_1110.png
train_images/image_1111.png	train_masks/image_1111.png
train_images/image_1113.png	train_masks/image_1113.png
train_images/image_1114.png	train_masks/image_1114.png
train_images/image_1115.png	train_masks/image_1115.png
train_images/image_1116.png	train_masks/image_1116.png
train_images/image_1117.png	train_masks/image_1117.png
train_images/image_1118.png	train_masks/image_1118.png
train_images/image_1120.png	train_masks/image_1120.png
train_images/image_1121.png	train_masks/image_1121.png
train_images/image_1122.png	train_masks/image_1122.png
train_images/image_1124.png	train_masks/image_1124.png
train_images/image_1125.png	train_masks/image_1125.png
train_images/image_1126.png	train_masks/image_1126.png
train_images/image_1127.png	train_masks/image_1127.png
train_images/image_1130.png	train_masks/image_1130.png
train_images/image_1131.png	train_masks/image_1131.png
train_images/image_1132.png	train_masks/image_1132.png
train_images/image_1133.png	train_masks/image_1133.png
train_images/image_1134.png	train_masks/image_1134.png
train_images/image_1135.png	train_masks/image_1135.png
train_images/image_1136.png	train_masks/image_1136.png
train_images/image_1137.png	train_masks/image_1137.png
train_images/image_1138.png	train_masks/image_1138.png
train_images/image_1139.png	train_masks/image_1139.png
train_images/image_114.png	train_masks/image_114.png
train_images/image_1141.png	train_masks/image_1141.png
train_images/image_1142.png	train_masks/image_1142.png
train_images/image_1145.png	train_masks/image_1145.png
train_images/image_1146.png	train_masks/image_1146.png
train_images/image_1147.png	train_masks/image_1147.png
train_images/image_1148.png	train_masks/image_1148.png
train_images/image_1149.png	train_masks/image_1149.png
train_images/image_115.png	train_masks/image_115.png
train_images/image_1150.png	train_masks/image_1150.png
train_images/image_1154.png	train_masks/image_1154.png
train_images/image_1156.png	train_masks/image_1156.png
train_images/image_1157.png	train_masks/image_1157.png
train_images/image_1158.png	train_masks/image_1158.png
train_images/image_1159.png	train_masks/image_1159.png
train_images/image_116.png	train_masks/image_116.png
train_images/image_1161.png	train_masks/image_1161.png
train_images/image_1162.png	train_masks/image_1162.png
train_images/image_1163.png	train_masks/image_1163.png
train_images/image_1164.png	train_masks/image_1164.png
train_images/image_1166.png	train_masks/image_1166.png
train_images/image_1168.png	train_masks/image_1168.png
train_images/image_1169.png	train_masks/image_1169.png
train_images/image_117.png	train_masks/image_117.png
train_images/image_1170.png	train_masks/image_1170.png
train_images/image_1171.png	train_masks/image_1171.png
train_images/image_1172.png	train_masks/image_1172.png
train_images/image_1173.png	train_masks/image_1173.png
train_images/image_1175.png	train_masks/image_1175.png
train_images/image_1176.png	train_masks/image_1176.png
train_images/image_1178.png	train_masks/image_1178.png
train_images/image_118.png	train_masks/image_118.png
train_images/image_1181.png	train_masks/image_1181.png
train_images/image_1182.png	train_masks/image_1182.png
train_images/image_1183.png	train_masks/image_1183.png
train_images/image_1184.png	train_masks/image_1184.png
train_images/image_1185.png	train_masks/image_1185.png
train_images/image_1186.png	train_masks/image_1186.png
train_images/image_119.png	train_masks/image_119.png
train_images/image_1190.png	train_masks/image_1190.png
train_images/image_1191.png	train_masks/image_1191.png
train_images/image_1192.png	train_masks/image_1192.png
train_images/image_1193.png	train_masks/image_1193.png
train_images/image_1197.png	train_masks/image_1197.png
train_images/image_1198.png	train_masks/image_1198.png
train_images/image_1199.png	train_masks/image_1199.png
train_images/image_12.png	train_masks/image_12.png
train_images/image_120.png	train_masks/image_120.png
train_images/image_1200.png	train_masks/image_1200.png
train_images/image_1201.png	train_masks/image_1201.png
train_images/image_1202.png	train_masks/image_1202.png
train_images/image_1203.png	train_masks/image_1203.png
train_images/image_1204.png	train_masks/image_1204.png
train_images/image_1206.png	train_masks/image_1206.png
train_images/image_1208.png	train_masks/image_1208.png
train_images/image_121.png	train_masks/image_121.png
train_images/image_1211.png	train_masks/image_1211.png
train_images/image_1213.png	train_masks/image_1213.png
train_images/image_1214.png	train_masks/image_1214.png
train_images/image_1216.png	train_masks/image_1216.png
train_images/image_1217.png	train_masks/image_1217.png
train_images/image_1218.png	train_masks/image_1218.png
train_images/image_1219.png	train_masks/image_1219.png
train_images/image_1220.png	train_masks/image_1220.png
train_images/image_1221.png	train_masks/image_1221.png
train_images/image_1222.png	train_masks/image_1222.png
train_images/image_1224.png	train_masks/image_1224.png
train_images/image_1225.png	train_masks/image_1225.png
train_images/image_1229.png	train_masks/image_1229.png
train_images/image_123.png	train_masks/image_123.png
train_images/image_1231.png	train_masks/image_1231.png
train_images/image_1232.png	train_masks/image_1232.png
train_images/image_1235.png	train_masks/image_1235.png
train_images/image_1236.png	train_masks/image_1236.png
train_images/image_1237.png	train_masks/image_1237.png
train_images/image_1238.png	train_masks/image_1238.png
train_images/image_1239.png	train_masks/image_1239.png
train_images/image_124.png	train_masks/image_124.png
train_images/image_1241.png	train_masks/image_1241.png
train_images/image_1242.png	train_masks/image_1242.png
train_images/image_1243.png	train_masks/image_1243.png
train_images/image_1247.png	train_masks/image_1247.png
train_images/image_1248.png	train_masks/image_1248.png
train_images/image_1249.png	train_masks/image_1249.png
train_images/image_125.png	train_masks/image_125.png
train_images/image_1251.png	train_masks/image_1251.png
train_images/image_1252.png	train_masks/image_1252.png
train_images/image_1253.png	train_masks/image_1253.png
train_images/image_1254.png	train_masks/image_1254.png
train_images/image_1255.png	train_masks/image_1255.png
train_images/image_1256.png	train_masks/image_1256.png
train_images/image_1257.png	train_masks/image_1257.png
train_images/image_1259.png	train_masks/image_1259.png
train_images/image_126.png	train_masks/image_126.png
train_images/image_1261.png	train_masks/image_1261.png
train_images/image_1263.png	train_masks/image_1263.png
train_images/image_1264.png	train_masks/image_1264.png
train_images/image_1267.png	train_masks/image_1267.png
train_images/image_1268.png	train_masks/image_1268.png
train_images/image_1269.png	train_masks/image_1269.png
train_images/image_127.png	train_masks/image_127.png
train_images/image_1270.png	train_masks/image_1270.png
train_images/image_1271.png	train_masks/image_1271.png
train_images/image_1275.png	train_masks/image_1275.png
train_images/image_1276.png	train_masks/image_1276.png
train_images/image_1277.png	train_masks/image_1277.png
train_images/image_1278.png	train_masks/image_1278.png
train_images/image_1279.png	train_masks/image_1279.png
train_images/image_128.png	train_masks/image_128.png
train_images/image_1280.png	train_masks/image_1280.png
train_images/image_1281.png	train_masks/image_1281.png
train_images/image_1283.png	train_masks/image_1283.png
train_images/image_1284.png	train_masks/image_1284.png
train_images/image_1285.png	train_masks/image_1285.png
train_images/image_1286.png	train_masks/image_1286.png
train_images/image_1287.png	train_masks/image_1287.png
train_images/image_1288.png	train_masks/image_1288.png
train_images/image_1290.png	train_masks/image_1290.png
train_images/image_1291.png	train_masks/image_1291.png
train_images/image_1292.png	train_masks/image_1292.png
train_images/image_1293.png	train_masks/image_1293.png
train_images/image_1296.png	train_masks/image_1296.png
train_images/image_1297.png	train_masks/image_1297.png
train_images/image_1298.png	train_masks/image_1298.png
train_images/image_1299.png	train_masks/image_1299.png
train_images/image_13.png	train_masks/image_13.png
train_images/image_130.png	train_masks/image_130.png
train_images/image_1300.png	train_masks/image_1300.png
train_images/image_1302.png	train_masks/image_1302.png
train_images/image_1303.png	train_masks/image_1303.png
train_images/image_1304.png	train_masks/image_1304.png
train_images/image_1305.png	train_masks/image_1305.png
train_images/image_1306.png	train_masks/image_1306.png
train_images/image_1308.png	train_masks/image_1308.png
train_images/image_1309.png	train_masks/image_1309.png
train_images/image_1310.png	train_masks/image_1310.png
train_images/image_1312.png	train_masks/image_1312.png
train_images/image_1318.png	train_masks/image_1318.png
train_images/image_1319.png	train_masks/image_1319.png
train_images/image_1320.png	train_masks/image_1320.png
train_images/image_1321.png	train_masks/image_1321.png
train_images/image_1324.png	train_masks/image_1324.png
train_images/image_1325.png	train_masks/image_1325.png
train_images/image_1326.png	train_masks/image_1326.png
train_images/image_1328.png	train_masks/image_1328.png
train_images/image_133.png	train_masks/image_133.png
train_images/image_1330.png	train_masks/image_1330.png
train_images/image_1332.png	train_masks/image_1332.png
train_images/image_1335.png	train_masks/image_1335.png
train_images/image_1336.png	train_masks/image_1336.png
train_images/image_1337.png	train_masks/image_1337.png
train_images/image_1338.png	train_masks/image_1338.png
train_images/image_1339.png	train_masks/image_1339.png
train_images/image_134.png	train_masks/image_134.png
train_images/image_1343.png	train_masks/image_1343.png
train_images/image_1344.png	train_masks/image_1344.png
train_images/image_1345.png	train_masks/image_1345.png
train_images/image_1346.png	train_masks/image_1346.png
train_images/image_1347.png	train_masks/image_1347.png
train_images/image_1348.png	train_masks/image_1348.png
train_images/image_1349.png	train_masks/image_1349.png
train_images/image_135.png	train_masks/image_135.png
train_images/image_1353.png	train_masks/image_1353.png
train_images/image_1354.png	train_masks/image_1354.png
train_images/image_1355.png	train_masks/image_1355.png
train_images/image_1356.png	train_masks/image_1356.png
train_images/image_1357.png	train_masks/image_1357.png
train_images/image_1358.png	train_masks/image_1358.png
train_images/image_1359.png	train_masks/image_1359.png
train_images/image_136.png	train_masks/image_136.png
train_images/image_1362.png	train_masks/image_1362.png
train_images/image_1363.png	train_masks/image_1363.png
train_images/image_1364.png	train_masks/image_1364.png
train_images/image_1365.png	train_masks/image_1365.png
train_images/image_1366.png	train_masks/image_1366.png
train_images/image_1369.png	train_masks/image_1369.png
train_images/image_137.png	train_masks/image_137.png
train_images/image_1371.png	train_masks/image_1371.png
train_images/image_1373.png	train_masks/image_1373.png
train_images/image_1374.png	train_masks/image_1374.png
train_images/image_1375.png	train_masks/image_1375.png
train_images/image_1376.png	train_masks/image_1376.png
train_images/image_1377.png	train_masks/image_1377.png
train_images/image_1378.png	train_masks/image_1378.png
train_images/image_1379.png	train_masks/image_1379.png
train_images/image_138.png	train_masks/image_138.png
train_images/image_1380.png	train_masks/image_1380.png
train_images/image_1381.png	train_masks/image_1381.png
train_images/image_1383.png	train_masks/image_1383.png
train_images/image_1385.png	train_masks/image_1385.png
train_images/image_1386.png	train_masks/image_1386.png
train_images/image_1389.png	train_masks/image_1389.png
train_images/image_139.png	train_masks/image_139.png
train_images/image_1390.png	train_masks/image_1390.png
train_images/image_1391.png	train_masks/image_1391.png
train_images/image_1393.png	train_masks/image_1393.png
train_images/image_1395.png	train_masks/image_1395.png
train_images/image_1396.png	train_masks/image_1396.png
train_images/image_1398.png	train_masks/image_1398.png
train_images/image_1399.png	train_masks/image_1399.png
train_images/image_14.png	train_masks/image_14.png
train_images/image_140.png	train_masks/image_140.png
train_images/image_1400.png	train_masks/image_1400.png
train_images/image_1401.png	train_masks/image_1401.png
train_images/image_1403.png	train_masks/image_1403.png
train_images/image_1404.png	train_masks/image_1404.png
train_images/image_1405.png	train_masks/image_1405.png
train_images/image_1406.png	train_masks/image_1406.png
train_images/image_1407.png	train_masks/image_1407.png
train_images/image_1408.png	train_masks/image_1408.png
train_images/image_1409.png	train_masks/image_1409.png
train_images/image_141.png	train_masks/image_141.png
train_images/image_1410.png	train_masks/image_1410.png
train_images/image_1411.png	train_masks/image_1411.png
train_images/image_1412.png	train_masks/image_1412.png
train_images/image_1414.png	train_masks/image_1414.png
train_images/image_1417.png	train_masks/image_1417.png
train_images/image_1418.png	train_masks/image_1418.png
train_images/image_1419.png	train_masks/image_1419.png
train_images/image_142.png	train_masks/image_142.png
train_images/image_1420.png	train_masks/image_1420.png
train_images/image_1421.png	train_masks/image_1421.png
train_images/image_1422.png	train_masks/image_1422.png
train_images/image_1423.png	train_masks/image_1423.png
train_images/image_1424.png	train_masks/image_1424.png
train_images/image_1425.png	train_masks/image_1425.png
train_images/image_1426.png	train_masks/image_1426.png
train_images/image_1427.png	train_masks/image_1427.png
train_images/image_143.png	train_masks/image_143.png
train_images/image_1430.png	train_masks/image_1430.png
train_images/image_1431.png	train_masks/image_1431.png
train_images/image_1432.png	train_masks/image_1432.png
train_images/image_1435.png	train_masks/image_1435.png
train_images/image_1436.png	train_masks/image_1436.png
train_images/image_1437.png	train_masks/image_1437.png
train_images/image_1438.png	train_masks/image_1438.png
train_images/image_1439.png	train_masks/image_1439.png
train_images/image_144.png	train_masks/image_144.png
train_images/image_1440.png	train_masks/image_1440.png
train_images/image_1441.png	train_masks/image_1441.png
train_images/image_1444.png	train_masks/image_1444.png
train_images/image_1446.png	train_masks/image_1446.png
train_images/image_1447.png	train_masks/image_1447.png
train_images/image_1448.png	train_masks/image_1448.png
train_images/image_1449.png	train_masks/image_1449.png
train_images/image_145.png	train_masks/image_145.png
train_images/image_1450.png	train_masks/image_1450.png
train_images/image_1451.png	train_masks/image_1451.png
train_images/image_1452.png	train_masks/image_1452.png
train_images/image_1456.png	train_masks/image_1456.png
train_images/image_1457.png	train_masks/image_1457.png
train_images/image_1459.png	train_masks/image_1459.png
train_images/image_146.png	train_masks/image_146.png
train_images/image_1460.png	train_masks/image_1460.png
train_images/image_1464.png	train_masks/image_1464.png
train_images/image_1465.png	train_masks/image_1465.png
train_images/image_1466.png	train_masks/image_1466.png
train_images/image_1467.png	train_masks/image_1467.png
train_images/image_1468.png	train_masks/image_1468.png
train_images/image_1469.png	train_masks/image_1469.png
train_images/image_1470.png	train_masks/image_1470.png
train_images/image_1473.png	train_masks/image_1473.png
train_images/image_1476.png	train_masks/image_1476.png
train_images/image_1477.png	train_masks/image_1477.png
train_images/image_1478.png	train_masks/image_1478.png
train_images/image_1479.png	train_masks/image_1479.png
train_images/image_148.png	train_masks/image_148.png
train_images/image_1480.png	train_masks/image_1480.png
train_images/image_1481.png	train_masks/image_1481.png
train_images/image_1483.png	train_masks/image_1483.png
train_images/image_1484.png	train_masks/image_1484.png
train_images/image_1485.png	train_masks/image_1485.png
train_images/image_1486.png	train_masks/image_1486.png
train_images/image_1487.png	train_masks/image_1487.png
train_images/image_1489.png	train_masks/image_1489.png
train_images/image_149.png	train_masks/image_149.png
train_images/image_1490.png	train_masks/image_1490.png
train_images/image_1491.png	train_masks/image_1491.png
train_images/image_1492.png	train_masks/image_1492.png
train_images/image_1493.png	train_masks/image_1493.png
train_images/image_1494.png	train_masks/image_1494.png
train_images/image_1496.png	train_masks/image_1496.png
train_images/image_1498.png	train_masks/image_1498.png
train_images/image_1499.png	train_masks/image_1499.png
train_images/image_15.png	train_masks/image_15.png
train_images/image_1500.png	train_masks/image_1500.png
train_images/image_1501.png	train_masks/image_1501.png
train_images/image_1502.png	train_masks/image_1502.png
train_images/image_1503.png	train_masks/image_1503.png
train_images/image_1504.png	train_masks/image_1504.png
train_images/image_1505.png	train_masks/image_1505.png
train_images/image_1506.png	train_masks/image_1506.png
train_images/image_1508.png	train_masks/image_1508.png
train_images/image_1509.png	train_masks/image_1509.png
train_images/image_151.png	train_masks/image_151.png
train_images/image_1511.png	train_masks/image_1511.png
train_images/image_1513.png	train_masks/image_1513.png
train_images/image_1514.png	train_masks/image_1514.png
train_images/image_1516.png	train_masks/image_1516.png
train_images/image_1517.png	train_masks/image_1517.png
train_images/image_1518.png	train_masks/image_1518.png
train_images/image_152.png	train_masks/image_152.png
train_images/image_1526.png	train_masks/image_1526.png
train_images/image_1528.png	train_masks/image_1528.png
train_images/image_1529.png	train_masks/image_1529.png
train_images/image_1530.png	train_masks/image_1530.png
train_images/image_1531.png	train_masks/image_1531.png
train_images/image_1532.png	train_masks/image_1532.png
train_images/image_1533.png	train_masks/image_1533.png
train_images/image_1534.png	train_masks/image_1534.png
train_images/image_1535.png	train_masks/image_1535.png
train_images/image_1536.png	train_masks/image_1536.png
train_images/image_1537.png	train_masks/image_1537.png
train_images/image_1538.png	train_masks/image_1538.png
train_images/image_1539.png	train_masks/image_1539.png
train_images/image_1540.png	train_masks/image_1540.png
train_images/image_1541.png	train_masks/image_1541.png
train_images/image_1543.png	train_masks/image_1543.png
train_images/image_1544.png	train_masks/image_1544.png
train_images/image_1545.png	train_masks/image_1545.png
train_images/image_1546.png	train_masks/image_1546.png
train_images/image_1549.png	train_masks/image_1549.png
train_images/image_155.png	train_masks/image_155.png
train_images/image_1550.png	train_masks/image_1550.png
train_images/image_1555.png	train_masks/image_1555.png
train_images/image_1558.png	train_masks/image_1558.png
train_images/image_1559.png	train_masks/image_1559.png
train_images/image_1560.png	train_masks/image_1560.png
train_images/image_1561.png	train_masks/image_1561.png
train_images/image_1562.png	train_masks/image_1562.png
train_images/image_1566.png	train_masks/image_1566.png
train_images/image_1567.png	train_masks/image_1567.png
train_images/image_1569.png	train_masks/image_1569.png
train_images/image_157.png	train_masks/image_157.png
train_images/image_1570.png	train_masks/image_1570.png
train_images/image_1571.png	train_masks/image_1571.png
train_images/image_1572.png	train_masks/image_1572.png
train_images/image_1573.png	train_masks/image_1573.png
train_images/image_1575.png	train_masks/image_1575.png
train_images/image_1576.png	train_masks/image_1576.png
train_images/image_1578.png	train_masks/image_1578.png
train_images/image_1579.png	train_masks/image_1579.png
train_images/image_1580.png	train_masks/image_1580.png
train_images/image_1581.png	train_masks/image_1581.png
train_images/image_1582.png	train_masks/image_1582.png
train_images/image_1583.png	train_masks/image_1583.png
train_images/image_1585.png	train_masks/image_1585.png
train_images/image_1586.png	train_masks/image_1586.png
train_images/image_1588.png	train_masks/image_1588.png
train_images/image_159.png	train_masks/image_159.png
train_images/image_1590.png	train_masks/image_1590.png
train_images/image_1591.png	train_masks/image_1591.png
train_images/image_1592.png	train_masks/image_1592.png
train_images/image_1593.png	train_masks/image_1593.png
train_images/image_1594.png	train_masks/image_1594.png
train_images/image_1595.png	train_masks/image_1595.png
train_images/image_16.png	train_masks/image_16.png
train_images/image_160.png	train_masks/image_160.png
train_images/image_1601.png	train_masks/image_1601.png
train_images/image_1602.png	train_masks/image_1602.png
train_images/image_1603.png	train_masks/image_1603.png
train_images/image_1605.png	train_masks/image_1605.png
train_images/image_1606.png	train_masks/image_1606.png
train_images/image_1607.png	train_masks/image_1607.png
train_images/image_161.png	train_masks/image_161.png
train_images/image_1610.png	train_masks/image_1610.png
train_images/image_1611.png	train_masks/image_1611.png
train_images/image_1612.png	train_masks/image_1612.png
train_images/image_1613.png	train_masks/image_1613.png
train_images/image_1614.png	train_masks/image_1614.png
train_images/image_1615.png	train_masks/image_1615.png
train_images/image_1616.png	train_masks/image_1616.png
train_images/image_1617.png	train_masks/image_1617.png
train_images/image_1618.png	train_masks/image_1618.png
train_images/image_162.png	train_masks/image_162.png
train_images/image_1620.png	train_masks/image_1620.png
train_images/image_1622.png	train_masks/image_1622.png
train_images/image_1623.png	train_masks/image_1623.png
train_images/image_1624.png	train_masks/image_1624.png
train_images/image_1625.png	train_masks/image_1625.png
train_images/image_1626.png	train_masks/image_1626.png
train_images/image_1627.png	train_masks/image_1627.png
train_images/image_1628.png	train_masks/image_1628.png
train_images/image_163.png	train_masks/image_163.png
train_images/image_1630.png	train_masks/image_1630.png
train_images/image_1631.png	train_masks/image_1631.png
train_images/image_1633.png	train_masks/image_1633.png
train_images/image_1634.png	train_masks/image_1634.png
train_images/image_1635.png	train_masks/image_1635.png
train_images/image_1636.png	train_masks/image_1636.png
train_images/image_1637.png	train_masks/image_1637.png
train_images/image_1638.png	train_masks/image_1638.png
train_images/image_164.png	train_masks/image_164.png
train_images/image_1640.png	train_masks/image_1640.png
train_images/image_1642.png	train_masks/image_1642.png
train_images/image_1643.png	train_masks/image_1643.png
train_images/image_1647.png	train_masks/image_1647.png
train_images/image_1648.png	train_masks/image_1648.png
train_images/image_1649.png	train_masks/image_1649.png
train_images/image_165.png	train_masks/image_165.png
train_images/image_1650.png	train_masks/image_1650.png
train_images/image_1651.png	train_masks/image_1651.png
train_images/image_1652.png	train_masks/image_1652.png
train_images/image_1653.png	train_masks/image_1653.png
train_images/image_1654.png	train_masks/image_1654.png
train_images/image_1655.png	train_masks/image_1655.png
train_images/image_1656.png	train_masks/image_1656.png
train_images/image_1657.png	train_masks/image_1657.png
train_images/image_1658.png	train_masks/image_1658.png
train_images/image_1659.png	train_masks/image_1659.png
train_images/image_166.png	train_masks/image_166.png
train_images/image_1660.png	train_masks/image_1660.png
train_images/image_1661.png	train_masks/image_1661.png
train_images/image_1662.png	train_masks/image_1662.png
train_images/image_1663.png	train_masks/image_1663.png
train_images/image_1665.png	train_masks/image_1665.png
train_images/image_1666.png	train_masks/image_1666.png
train_images/image_1669.png	train_masks/image_1669.png
train_images/image_1670.png	train_masks/image_1670.png
train_images/image_1672.png	train_masks/image_1672.png
train_images/image_1673.png	train_masks/image_1673.png
train_images/image_1674.png	train_masks/image_1674.png
train_images/image_1675.png	train_masks/image_1675.png
train_images/image_1676.png	train_masks/image_1676.png
train_images/image_1679.png	train_masks/image_1679.png
train_images/image_168.png	train_masks/image_168.png
train_images/image_1680.png	train_masks/image_1680.png
train_images/image_1682.png	train_masks/image_1682.png
train_images/image_1683.png	train_masks/image_1683.png
train_images/image_1684.png	train_masks/image_1684.png
train_images/image_1685.png	train_masks/image_1685.png
train_images/image_1686.png	train_masks/image_1686.png
train_images/image_1687.png	train_masks/image_1687.png
train_images/image_1688.png	train_masks/image_1688.png
train_images/image_1689.png	train_masks/image_1689.png
train_images/image_169.png	train_masks/image_169.png
train_images/image_1690.png	train_masks/image_1690.png
train_images/image_1691.png	train_masks/image_1691.png
train_images/image_1693.png	train_masks/image_1693.png
train_images/image_1694.png	train_masks/image_1694.png
train_images/image_1695.png	train_masks/image_1695.png
train_images/image_1696.png	train_masks/image_1696.png
train_images/image_1697.png	train_masks/image_1697.png
train_images/image_1698.png	train_masks/image_1698.png
train_images/image_1699.png	train_masks/image_1699.png
train_images/image_17.png	train_masks/image_17.png
train_images/image_170.png	train_masks/image_170.png
train_images/image_1700.png	train_masks/image_1700.png
train_images/image_1702.png	train_masks/image_1702.png
train_images/image_1703.png	train_masks/image_1703.png
train_images/image_1705.png	train_masks/image_1705.png
train_images/image_1707.png	train_masks/image_1707.png
train_images/image_1709.png	train_masks/image_1709.png
train_images/image_171.png	train_masks/image_171.png
train_images/image_1711.png	train_masks/image_1711.png
train_images/image_1712.png	train_masks/image_1712.png
train_images/image_1713.png	train_masks/image_1713.png
train_images/image_1714.png	train_masks/image_1714.png
train_images/image_1715.png	train_masks/image_1715.png
train_images/image_1716.png	train_masks/image_1716.png
train_images/image_1717.png	train_masks/image_1717.png
train_images/image_1718.png	train_masks/image_1718.png
train_images/image_1719.png	train_masks/image_1719.png
train_images/image_1720.png	train_masks/image_1720.png
train_images/image_1721.png	train_masks/image_1721.png
train_images/image_1722.png	train_masks/image_1722.png
train_images/image_1723.png	train_masks/image_1723.png
train_images/image_1724.png	train_masks/image_1724.png
train_images/image_1728.png	train_masks/image_1728.png
train_images/image_1729.png	train_masks/image_1729.png
train_images/image_173.png	train_masks/image_173.png
train_images/image_1730.png	train_masks/image_1730.png
train_images/image_1731.png	train_masks/image_1731.png
train_images/image_1732.png	train_masks/image_1732.png
train_images/image_1734.png	train_masks/image_1734.png
train_images/image_1735.png	train_masks/image_1735.png
train_images/image_1736.png	train_masks/image_1736.png
train_images/image_1737.png	train_masks/image_1737.png
train_images/image_1739.png	train_masks/image_1739.png
train_images/image_174.png	train_masks/image_174.png
train_images/image_1741.png	train_masks/image_1741.png
train_images/image_1742.png	train_masks/image_1742.png
train_images/image_1743.png	train_masks/image_1743.png
train_images/image_1745.png	train_masks/image_1745.png
train_images/image_1746.png	train_masks/image_1746.png
train_images/image_1748.png	train_masks/image_1748.png
train_images/image_175.png	train_masks/image_175.png
train_images/image_1751.png	train_masks/image_1751.png
train_images/image_1753.png	train_masks/image_1753.png
train_images/image_1756.png	train_masks/image_1756.png
train_images/image_1758.png	train_masks/image_1758.png
train_images/image_1759.png	train_masks/image_1759.png
train_images/image_176.png	train_masks/image_176.png
train_images/image_1760.png	train_masks/image_1760.png
train_images/image_1761.png	train_masks/image_1761.png
train_images/image_1762.png	train_masks/image_1762.png
train_images/image_1763.png	train_masks/image_1763.png
train_images/image_1764.png	train_masks/image_1764.png
train_images/image_1765.png	train_masks/image_1765.png
train_images/image_1766.png	train_masks/image_1766.png
train_images/image_1767.png	train_masks/image_1767.png
train_images/image_1769.png	train_masks/image_1769.png
train_images/image_177.png	train_masks/image_177.png
train_images/image_1770.png	train_masks/image_1770.png
train_images/image_1772.png	train_masks/image_1772.png
train_images/image_1773.png	train_masks/image_1773.png
train_images/image_1775.png	train_masks/image_1775.png
train_images/image_1776.png	train_masks/image_1776.png
train_images/image_1777.png	train_masks/image_1777.png
train_images/image_1778.png	train_masks/image_1778.png
train_images/image_1779.png	train_masks/image_1779.png
train_images/image_178.png	train_masks/image_178.png
train_images/image_1780.png	train_masks/image_1780.png
train_images/image_1781.png	train_masks/image_1781.png
train_images/image_1782.png	train_masks/image_1782.png
train_images/image_1784.png	train_masks/image_1784.png
train_images/image_1785.png	train_masks/image_1785.png
train_images/image_1786.png	train_masks/image_1786.png
train_images/image_1787.png	train_masks/image_1787.png
train_images/image_1788.png	train_masks/image_1788.png
train_images/image_1789.png	train_masks/image_1789.png
train_images/image_179.png	train_masks/image_179.png
train_images/image_1790.png	train_masks/image_1790.png
train_images/image_1791.png	train_masks/image_1791.png
train_images/image_1792.png	train_masks/image_1792.png
train_images/image_1793.png	train_masks/image_1793.png
train_images/image_1794.png	train_masks/image_1794.png
train_images/image_1795.png	train_masks/image_1795.png
train_images/image_1796.png	train_masks/image_1796.png
train_images/image_1798.png	train_masks/image_1798.png
train_images/image_18.png	train_masks/image_18.png
train_images/image_1800.png	train_masks/image_1800.png
train_images/image_1801.png	train_masks/image_1801.png
train_images/image_1802.png	train_masks/image_1802.png
train_images/image_1803.png	train_masks/image_1803.png
train_images/image_1804.png	train_masks/image_1804.png
train_images/image_1806.png	train_masks/image_1806.png
train_images/image_1807.png	train_masks/image_1807.png
train_images/image_1808.png	train_masks/image_1808.png
train_images/image_1809.png	train_masks/image_1809.png
train_images/image_181.png	train_masks/image_181.png
train_images/image_1810.png	train_masks/image_1810.png
train_images/image_1811.png	train_masks/image_1811.png
train_images/image_1812.png	train_masks/image_1812.png
train_images/image_1815.png	train_masks/image_1815.png
train_images/image_1817.png	train_masks/image_1817.png
train_images/image_1818.png	train_masks/image_1818.png
train_images/image_1819.png	train_masks/image_1819.png
train_images/image_182.png	train_masks/image_182.png
train_images/image_1820.png	train_masks/image_1820.png
train_images/image_1821.png	train_masks/image_1821.png
train_images/image_1822.png	train_masks/image_1822.png
train_images/image_1823.png	train_masks/image_1823.png
train_images/image_1824.png	train_masks/image_1824.png
train_images/image_1825.png	train_masks/image_1825.png
train_images/image_1826.png	train_masks/image_1826.png
train_images/image_1827.png	train_masks/image_1827.png
train_images/image_1828.png	train_masks/image_1828.png
train_images/image_1829.png	train_masks/image_1829.png
train_images/image_183.png	train_masks/image_183.png
train_images/image_1830.png	train_masks/image_1830.png
train_images/image_1831.png	train_masks/image_1831.png
train_images/image_1832.png	train_masks/image_1832.png
train_images/image_1833.png	train_masks/image_1833.png
train_images/image_1834.png	train_masks/image_1834.png
train_images/image_1835.png	train_masks/image_1835.png
train_images/image_1839.png	train_masks/image_1839.png
train_images/image_1841.png	train_masks/image_1841.png
train_images/image_1842.png	train_masks/image_1842.png
train_images/image_1844.png	train_masks/image_1844.png
train_images/image_1846.png	train_masks/image_1846.png
train_images/image_1849.png	train_masks/image_1849.png
train_images/image_185.png	train_masks/image_185.png
train_images/image_1850.png	train_masks/image_1850.png
train_images/image_1854.png	train_masks/image_1854.png
train_images/image_1855.png	train_masks/image_1855.png
train_images/image_1856.png	train_masks/image_1856.png
train_images/image_1857.png	train_masks/image_1857.png
train_images/image_1858.png	train_masks/image_1858.png
train_images/image_1859.png	train_masks/image_1859.png
train_images/image_186.png	train_masks/image_186.png
train_images/image_1860.png	train_masks/image_1860.png
train_images/image_1861.png	train_masks/image_1861.png
train_images/image_1862.png	train_masks/image_1862.png
train_images/image_1863.png	train_masks/image_1863.png
train_images/image_1865.png	train_masks/image_1865.png
train_images/image_1866.png	train_masks/image_1866.png
train_images/image_1868.png	train_masks/image_1868.png
train_images/image_1870.png	train_masks/image_1870.png
train_images/image_1871.png	train_masks/image_1871.png
train_images/image_1873.png	train_masks/image_1873.png
train_images/image_1875.png	train_masks/image_1875.png
train_images/image_1876.png	train_masks/image_1876.png
train_images/image_1877.png	train_masks/image_1877.png
train_images/image_1878.png	train_masks/image_1878.png
train_images/image_188.png	train_masks/image_188.png
train_images/image_1880.png	train_masks/image_1880.png
train_images/image_1882.png	train_masks/image_1882.png
train_images/image_1883.png	train_masks/image_1883.png
train_images/image_1884.png	train_masks/image_1884.png
train_images/image_1885.png	train_masks/image_1885.png
train_images/image_1886.png	train_masks/image_1886.png
train_images/image_1887.png	train_masks/image_1887.png
train_images/image_189.png	train_masks/image_189.png
train_images/image_1890.png	train_masks/image_1890.png
train_images/image_1891.png	train_masks/image_1891.png
train_images/image_1894.png	train_masks/image_1894.png
train_images/image_1895.png	train_masks/image_1895.png
train_images/image_1896.png	train_masks/image_1896.png
train_images/image_1897.png	train_masks/image_1897.png
train_images/image_1898.png	train_masks/image_1898.png
train_images/image_1899.png	train_masks/image_1899.png
train_images/image_19.png	train_masks/image_19.png
train_images/image_190.png	train_masks/image_190.png
train_images/image_1900.png	train_masks/image_1900.png
train_images/image_1901.png	train_masks/image_1901.png
train_images/image_1903.png	train_masks/image_1903.png
train_images/image_1906.png	train_masks/image_1906.png
train_images/image_1907.png	train_masks/image_1907.png
train_images/image_1908.png	train_masks/image_1908.png
train_images/image_1909.png	train_masks/image_1909.png
train_images/image_191.png	train_masks/image_191.png
train_images/image_1910.png	train_masks/image_1910.png
train_images/image_1911.png	train_masks/image_1911.png
train_images/image_1912.png	train_masks/image_1912.png
train_images/image_1913.png	train_masks/image_1913.png
train_images/image_1914.png	train_masks/image_1914.png
train_images/image_1915.png	train_masks/image_1915.png
train_images/image_1916.png	train_masks/image_1916.png
train_images/image_1917.png	train_masks/image_1917.png
train_images/image_1919.png	train_masks/image_1919.png
train_images/image_192.png	train_masks/image_192.png
train_images/image_1920.png	train_masks/image_1920.png
train_images/image_1921.png	train_masks/image_1921.png
train_images/image_1923.png	train_masks/image_1923.png
train_images/image_1925.png	train_masks/image_1925.png
train_images/image_1927.png	train_masks/image_1927.png
train_images/image_193.png	train_masks/image_193.png
train_images/image_1930.png	train_masks/image_1930.png
train_images/image_1932.png	train_masks/image_1932.png
train_images/image_1933.png	train_masks/image_1933.png
train_images/image_1934.png	train_masks/image_1934.png
train_images/image_1935.png	train_masks/image_1935.png
train_images/image_1937.png	train_masks/image_1937.png
train_images/image_194.png	train_masks/image_194.png
train_images/image_1941.png	train_masks/image_1941.png
train_images/image_1942.png	train_masks/image_1942.png
train_images/image_1943.png	train_masks/image_1943.png
train_images/image_1944.png	train_masks/image_1944.png
train_images/image_1946.png	train_masks/image_1946.png
train_images/image_1949.png	train_masks/image_1949.png
train_images/image_195.png	train_masks/image_195.png
train_images/image_1950.png	train_masks/image_1950.png
train_images/image_1951.png	train_masks/image_1951.png
train_images/image_1952.png	train_masks/image_1952.png
train_images/image_1953.png	train_masks/image_1953.png
train_images/image_1954.png	train_masks/image_1954.png
train_images/image_1955.png	train_masks/image_1955.png
train_images/image_1956.png	train_masks/image_1956.png
train_images/image_1957.png	train_masks/image_1957.png
train_images/image_1959.png	train_masks/image_1959.png
train_images/image_196.png	train_masks/image_196.png
train_images/image_1960.png	train_masks/image_1960.png
train_images/image_1962.png	train_masks/image_1962.png
train_images/image_1964.png	train_masks/image_1964.png
train_images/image_1965.png	train_masks/image_1965.png
train_images/image_1966.png	train_masks/image_1966.png
train_images/image_1967.png	train_masks/image_1967.png
train_images/image_1968.png	train_masks/image_1968.png
train_images/image_1969.png	train_masks/image_1969.png
train_images/image_197.png	train_masks/image_197.png
train_images/image_1970.png	train_masks/image_1970.png
train_images/image_1972.png	train_masks/image_1972.png
train_images/image_1975.png	train_masks/image_1975.png
train_images/image_1976.png	train_masks/image_1976.png
train_images/image_1977.png	train_masks/image_1977.png
train_images/image_1978.png	train_masks/image_1978.png
train_images/image_1979.png	train_masks/image_1979.png
train_images/image_1980.png	train_masks/image_1980.png
train_images/image_1982.png	train_masks/image_1982.png
train_images/image_1983.png	train_masks/image_1983.png
train_images/image_1985.png	train_masks/image_1985.png
train_images/image_1986.png	train_masks/image_1986.png
train_images/image_1987.png	train_masks/image_1987.png
train_images/image_1988.png	train_masks/image_1988.png
train_images/image_1989.png	train_masks/image_1989.png
train_images/image_199.png	train_masks/image_199.png
train_images/image_1991.png	train_masks/image_1991.png
train_images/image_1992.png	train_masks/image_1992.png
train_images/image_1993.png	train_masks/image_1993.png
train_images/image_1995.png	train_masks/image_1995.png
train_images/image_1996.png	train_masks/image_1996.png
train_images/image_1997.png	train_masks/image_1997.png
train_images/image_2.png	train_masks/image_2.png
train_images/image_20.png	train_masks/image_20.png
train_images/image_200.png	train_masks/image_200.png
train_images/image_2000.png	train_masks/image_2000.png
train_images/image_2002.png	train_masks/image_2002.png
train_images/image_201.png	train_masks/image_201.png
train_images/image_202.png	train_masks/image_202.png
train_images/image_203.png	train_masks/image_203.png
train_images/image_205.png	train_masks/image_205.png
train_images/image_206.png	train_masks/image_206.png
train_images/image_207.png	train_masks/image_207.png
train_images/image_208.png	train_masks/image_208.png
train_images/image_209.png	train_masks/image_209.png
train_images/image_21.png	train_masks/image_21.png
train_images/image_211.png	train_masks/image_211.png
train_images/image_213.png	train_masks/image_213.png
train_images/image_214.png	train_masks/image_214.png
train_images/image_215.png	train_masks/image_215.png
train_images/image_216.png	train_masks/image_216.png
train_images/image_217.png	train_masks/image_217.png
train_images/image_218.png	train_masks/image_218.png
train_images/image_219.png	train_masks/image_219.png
train_images/image_220.png	train_masks/image_220.png
train_images/image_221.png	train_masks/image_221.png
train_images/image_223.png	train_masks/image_223.png
train_images/image_225.png	train_masks/image_225.png
train_images/image_226.png	train_masks/image_226.png
train_images/image_227.png	train_masks/image_227.png
train_images/image_228.png	train_masks/image_228.png
train_images/image_229.png	train_masks/image_229.png
train_images/image_23.png	train_masks/image_23.png
train_images/image_232.png	train_masks/image_232.png
train_images/image_233.png	train_masks/image_233.png
train_images/image_234.png	train_masks/image_234.png
train_images/image_235.png	train_masks/image_235.png
train_images/image_236.png	train_masks/image_236.png
train_images/image_239.png	train_masks/image_239.png
train_images/image_24.png	train_masks/image_24.png
train_images/image_241.png	train_masks/image_241.png
train_images/image_242.png	train_masks/image_242.png
train_images/image_243.png	train_masks/image_243.png
train_images/image_245.png	train_masks/image_245.png
train_images/image_246.png	train_masks/image_246.png
train_images/image_247.png	train_masks/image_247.png
train_images/image_248.png	train_masks/image_248.png
train_images/image_249.png	train_masks/image_249.png
train_images/image_25.png	train_masks/image_25.png
train_images/image_250.png	train_masks/image_250.png
train_images/image_252.png	train_masks/image_252.png
train_images/image_254.png	train_masks/image_254.png
train_images/image_258.png	train_masks/image_258.png
train_images/image_260.png	train_masks/image_260.png
train_images/image_262.png	train_masks/image_262.png
train_images/image_263.png	train_masks/image_263.png
train_images/image_265.png	train_masks/image_265.png
train_images/image_267.png	train_masks/image_267.png
train_images/image_268.png	train_masks/image_268.png
train_images/image_269.png	train_masks/image_269.png
train_images/image_27.png	train_masks/image_27.png
train_images/image_270.png	train_masks/image_270.png
train_images/image_271.png	train_masks/image_271.png
train_images/image_272.png	train_masks/image_272.png
train_images/image_273.png	train_masks/image_273.png
train_images/image_274.png	train_masks/image_274.png
train_images/image_275.png	train_masks/image_275.png
train_images/image_276.png	train_masks/image_276.png
train_images/image_277.png	train_masks/image_277.png
train_images/image_278.png	train_masks/image_278.png
train_images/image_279.png	train_masks/image_279.png
train_images/image_28.png	train_masks/image_28.png
train_images/image_280.png	train_masks/image_280.png
train_images/image_282.png	train_masks/image_282.png
train_images/image_284.png	train_masks/image_284.png
train_images/image_285.png	train_masks/image_285.png
train_images/image_286.png	train_masks/image_286.png
train_images/image_287.png	train_masks/image_287.png
train_images/image_288.png	train_masks/image_288.png
train_images/image_289.png	train_masks/image_289.png
train_images/image_29.png	train_masks/image_29.png
train_images/image_290.png	train_masks/image_290.png
train_images/image_291.png	train_masks/image_291.png
train_images/image_292.png	train_masks/image_292.png
train_images/image_293.png	train_masks/image_293.png
train_images/image_295.png	train_masks/image_295.png
train_images/image_296.png	train_masks/image_296.png
train_images/image_298.png	train_masks/image_298.png
train_images/image_30.png	train_masks/image_30.png
train_images/image_300.png	train_masks/image_300.png
train_images/image_301.png	train_masks/image_301.png
train_images/image_302.png	train_masks/image_302.png
train_images/image_305.png	train_masks/image_305.png
train_images/image_307.png	train_masks/image_307.png
train_images/image_308.png	train_masks/image_308.png
train_images/image_309.png	train_masks/image_309.png
train_images/image_310.png	train_masks/image_310.png
train_images/image_312.png	train_masks/image_312.png
train_images/image_314.png	train_masks/image_314.png
train_images/image_316.png	train_masks/image_316.png
train_images/image_317.png	train_masks/image_317.png
train_images/image_318.png	train_masks/image_318.png
train_images/image_319.png	train_masks/image_319.png
train_images/image_32.png	train_masks/image_32.png
train_images/image_320.png	train_masks/image_320.png
train_images/image_322.png	train_masks/image_322.png
train_images/image_323.png	train_masks/image_323.png
train_images/image_325.png	train_masks/image_325.png
train_images/image_326.png	train_masks/image_326.png
train_images/image_327.png	train_masks/image_327.png
train_images/image_328.png	train_masks/image_328.png
train_images/image_329.png	train_masks/image_329.png
train_images/image_33.png	train_masks/image_33.png
train_images/image_332.png	train_masks/image_332.png
train_images/image_333.png	train_masks/image_333.png
train_images/image_334.png	train_masks/image_334.png
train_images/image_335.png	train_masks/image_335.png
train_images/image_338.png	train_masks/image_338.png
train_images/image_339.png	train_masks/image_339.png
train_images/image_34.png	train_masks/image_34.png
train_images/image_340.png	train_masks/image_340.png
train_images/image_341.png	train_masks/image_341.png
train_images/image_343.png	train_masks/image_343.png
train_images/image_344.png	train_masks/image_344.png
train_images/image_345.png	train_masks/image_345.png
train_images/image_347.png	train_masks/image_347.png
train_images/image_349.png	train_masks/image_349.png
train_images/image_35.png	train_masks/image_35.png
train_images/image_350.png	train_masks/image_350.png
train_images/image_351.png	train_masks/image_351.png
train_images/image_352.png	train_masks/image_352.png
train_images/image_354.png	train_masks/image_354.png
train_images/image_355.png	train_masks/image_355.png
train_images/image_356.png	train_masks/image_356.png
train_images/image_358.png	train_masks/image_358.png
train_images/image_359.png	train_masks/image_359.png
train_images/image_360.png	train_masks/image_360.png
train_images/image_362.png	train_masks/image_362.png
train_images/image_363.png	train_masks/image_363.png
train_images/image_364.png	train_masks/image_364.png
train_images/image_365.png	train_masks/image_365.png
train_images/image_366.png	train_masks/image_366.png
train_images/image_367.png	train_masks/image_367.png
train_images/image_368.png	train_masks/image_368.png
train_images/image_369.png	train_masks/image_369.png
train_images/image_370.png	train_masks/image_370.png
train_images/image_373.png	train_masks/image_373.png
train_images/image_376.png	train_masks/image_376.png
train_images/image_377.png	train_masks/image_377.png
train_images/image_38.png	train_masks/image_38.png
train_images/image_380.png	train_masks/image_380.png
train_images/image_381.png	train_masks/image_381.png
train_images/image_382.png	train_masks/image_382.png
train_images/image_383.png	train_masks/image_383.png
train_images/image_384.png	train_masks/image_384.png
train_images/image_387.png	train_masks/image_387.png
train_images/image_389.png	train_masks/image_389.png
train_images/image_395.png	train_masks/image_395.png
train_images/image_396.png	train_masks/image_396.png
train_images/image_398.png	train_masks/image_398.png
train_images/image_399.png	train_masks/image_399.png
train_images/image_4.png	train_masks/image_4.png
train_images/image_40.png	train_masks/image_40.png
train_images/image_400.png	train_masks/image_400.png
train_images/image_401.png	train_masks/image_401.png
train_images/image_402.png	train_masks/image_402.png
train_images/image_403.png	train_masks/image_403.png
train_images/image_404.png	train_masks/image_404.png
train_images/image_405.png	train_masks/image_405.png
train_images/image_406.png	train_masks/image_406.png
train_images/image_407.png	train_masks/image_407.png
train_images/image_409.png	train_masks/image_409.png
train_images/image_41.png	train_masks/image_41.png
train_images/image_411.png	train_masks/image_411.png
train_images/image_412.png	train_masks/image_412.png
train_images/image_413.png	train_masks/image_413.png
train_images/image_414.png	train_masks/image_414.png
train_images/image_417.png	train_masks/image_417.png
train_images/image_418.png	train_masks/image_418.png
train_images/image_419.png	train_masks/image_419.png
train_images/image_42.png	train_masks/image_42.png
train_images/image_421.png	train_masks/image_421.png
train_images/image_422.png	train_masks/image_422.png
train_images/image_423.png	train_masks/image_423.png
train_images/image_425.png	train_masks/image_425.png
train_images/image_427.png	train_masks/image_427.png
train_images/image_428.png	train_masks/image_428.png
train_images/image_429.png	train_masks/image_429.png
train_images/image_43.png	train_masks/image_43.png
train_images/image_430.png	train_masks/image_430.png
train_images/image_431.png	train_masks/image_431.png
train_images/image_433.png	train_masks/image_433.png
train_images/image_434.png	train_masks/image_434.png
train_images/image_435.png	train_masks/image_435.png
train_images/image_437.png	train_masks/image_437.png
train_images/image_438.png	train_masks/image_438.png
train_images/image_439.png	train_masks/image_439.png
train_images/image_44.png	train_masks/image_44.png
train_images/image_440.png	train_masks/image_440.png
train_images/image_443.png	train_masks/image_443.png
train_images/image_444.png	train_masks/image_444.png
train_images/image_445.png	train_masks/image_445.png
train_images/image_446.png	train_masks/image_446.png
train_images/image_448.png	train_masks/image_448.png
train_images/image_452.png	train_masks/image_452.png
train_images/image_453.png	train_masks/image_453.png
train_images/image_454.png	train_masks/image_454.png
train_images/image_455.png	train_masks/image_455.png
train_images/image_456.png	train_masks/image_456.png
train_images/image_457.png	train_masks/image_457.png
train_images/image_458.png	train_masks/image_458.png
train_images/image_459.png	train_masks/image_459.png
train_images/image_46.png	train_masks/image_46.png
train_images/image_460.png	train_masks/image_460.png
train_images/image_462.png	train_masks/image_462.png
train_images/image_463.png	train_masks/image_463.png
train_images/image_464.png	train_masks/image_464.png
train_images/image_465.png	train_masks/image_465.png
train_images/image_466.png	train_masks/image_466.png
train_images/image_467.png	train_masks/image_467.png
train_images/image_468.png	train_masks/image_468.png
train_images/image_47.png	train_masks/image_47.png
train_images/image_472.png	train_masks/image_472.png
train_images/image_473.png	train_masks/image_473.png
train_images/image_474.png	train_masks/image_474.png
train_images/image_475.png	train_masks/image_475.png
train_images/image_476.png	train_masks/image_476.png
train_images/image_477.png	train_masks/image_477.png
train_images/image_479.png	train_masks/image_479.png
train_images/image_48.png	train_masks/image_48.png
train_images/image_481.png	train_masks/image_481.png
train_images/image_482.png	train_masks/image_482.png
train_images/image_483.png	train_masks/image_483.png
train_images/image_485.png	train_masks/image_485.png
train_images/image_49.png	train_masks/image_49.png
train_images/image_490.png	train_masks/image_490.png
train_images/image_491.png	train_masks/image_491.png
train_images/image_494.png	train_masks/image_494.png
train_images/image_495.png	train_masks/image_495.png
train_images/image_497.png	train_masks/image_497.png
train_images/image_499.png	train_masks/image_499.png
train_images/image_5.png	train_masks/image_5.png
train_images/image_500.png	train_masks/image_500.png
train_images/image_502.png	train_masks/image_502.png
train_images/image_503.png	train_masks/image_503.png
train_images/image_504.png	train_masks/image_504.png
train_images/image_505.png	train_masks/image_505.png
train_images/image_506.png	train_masks/image_506.png
train_images/image_508.png	train_masks/image_508.png
train_images/image_509.png	train_masks/image_509.png
train_images/image_51.png	train_masks/image_51.png
train_images/image_511.png	train_masks/image_511.png
train_images/image_513.png	train_masks/image_513.png
train_images/image_517.png	train_masks/image_517.png
train_images/image_518.png	train_masks/image_518.png
train_images/image_519.png	train_masks/image_519.png
train_images/image_52.png	train_masks/image_52.png
train_images/image_520.png	train_masks/image_520.png
train_images/image_522.png	train_masks/image_522.png
train_images/image_524.png	train_masks/image_524.png
train_images/image_525.png	train_masks/image_525.png
train_images/image_526.png	train_masks/image_526.png
train_images/image_528.png	train_masks/image_528.png
train_images/image_529.png	train_masks/image_529.png
train_images/image_53.png	train_masks/image_53.png
train_images/image_530.png	train_masks/image_530.png
train_images/image_532.png	train_masks/image_532.png
train_images/image_533.png	train_masks/image_533.png
train_images/image_534.png	train_masks/image_534.png
train_images/image_535.png	train_masks/image_535.png
train_images/image_536.png	train_masks/image_536.png
train_images/image_537.png	train_masks/image_537.png
train_images/image_538.png	train_masks/image_538.png
train_images/image_539.png	train_masks/image_539.png
train_images/image_541.png	train_masks/image_541.png
train_images/image_542.png	train_masks/image_542.png
train_images/image_543.png	train_masks/image_543.png
train_images/image_545.png	train_masks/image_545.png
train_images/image_546.png	train_masks/image_546.png
train_images/image_548.png	train_masks/image_548.png
train_images/image_549.png	train_masks/image_549.png
train_images/image_55.png	train_masks/image_55.png
train_images/image_550.png	train_masks/image_550.png
train_images/image_551.png	train_masks/image_551.png
train_images/image_552.png	train_masks/image_552.png
train_images/image_554.png	train_masks/image_554.png
train_images/image_555.png	train_masks/image_555.png
train_images/image_557.png	train_masks/image_557.png
train_images/image_56.png	train_masks/image_56.png
train_images/image_560.png	train_masks/image_560.png
train_images/image_562.png	train_masks/image_562.png
train_images/image_564.png	train_masks/image_564.png
train_images/image_565.png	train_masks/image_565.png
train_images/image_566.png	train_masks/image_566.png
train_images/image_568.png	train_masks/image_568.png
train_images/image_570.png	train_masks/image_570.png
train_images/image_571.png	train_masks/image_571.png
train_images/image_572.png	train_masks/image_572.png
train_images/image_573.png	train_masks/image_573.png
train_images/image_574.png	train_masks/image_574.png
train_images/image_575.png	train_masks/image_575.png
train_images/image_576.png	train_masks/image_576.png
train_images/image_577.png	train_masks/image_577.png
train_images/image_58.png	train_masks/image_58.png
train_images/image_583.png	train_masks/image_583.png
train_images/image_585.png	train_masks/image_585.png
train_images/image_588.png	train_masks/image_588.png
train_images/image_59.png	train_masks/image_59.png
train_images/image_590.png	train_masks/image_590.png
train_images/image_591.png	train_masks/image_591.png
train_images/image_592.png	train_masks/image_592.png
train_images/image_593.png	train_masks/image_593.png
train_images/image_594.png	train_masks/image_594.png
train_images/image_595.png	train_masks/image_595.png
train_images/image_596.png	train_masks/image_596.png
train_images/image_6.png	train_masks/image_6.png
train_images/image_60.png	train_masks/image_60.png
train_images/image_601.png	train_masks/image_601.png
train_images/image_602.png	train_masks/image_602.png
train_images/image_603.png	train_masks/image_603.png
train_images/image_604.png	train_masks/image_604.png
train_images/image_607.png	train_masks/image_607.png
train_images/image_608.png	train_masks/image_608.png
train_images/image_609.png	train_masks/image_609.png
train_images/image_610.png	train_masks/image_610.png
train_images/image_611.png	train_masks/image_611.png
train_images/image_612.png	train_masks/image_612.png
train_images/image_613.png	train_masks/image_613.png
train_images/image_614.png	train_masks/image_614.png
train_images/image_615.png	train_masks/image_615.png
train_images/image_617.png	train_masks/image_617.png
train_images/image_618.png	train_masks/image_618.png
train_images/image_619.png	train_masks/image_619.png
train_images/image_620.png	train_masks/image_620.png
train_images/image_621.png	train_masks/image_621.png
train_images/image_622.png	train_masks/image_622.png
train_images/image_623.png	train_masks/image_623.png
train_images/image_624.png	train_masks/image_624.png
train_images/image_625.png	train_masks/image_625.png
train_images/image_626.png	train_masks/image_626.png
train_images/image_627.png	train_masks/image_627.png
train_images/image_631.png	train_masks/image_631.png
train_images/image_632.png	train_masks/image_632.png
train_images/image_633.png	train_masks/image_633.png
train_images/image_634.png	train_masks/image_634.png
train_images/image_638.png	train_masks/image_638.png
train_images/image_64.png	train_masks/image_64.png
train_images/image_640.png	train_masks/image_640.png
train_images/image_641.png	train_masks/image_641.png
train_images/image_646.png	train_masks/image_646.png
train_images/image_647.png	train_masks/image_647.png
train_images/image_648.png	train_masks/image_648.png
train_images/image_649.png	train_masks/image_649.png
train_images/image_65.png	train_masks/image_65.png
train_images/image_650.png	train_masks/image_650.png
train_images/image_651.png	train_masks/image_651.png
train_images/image_652.png	train_masks/image_652.png
train_images/image_653.png	train_masks/image_653.png
train_images/image_654.png	train_masks/image_654.png
train_images/image_655.png	train_masks/image_655.png
train_images/image_657.png	train_masks/image_657.png
train_images/image_658.png	train_masks/image_658.png
train_images/image_66.png	train_masks/image_66.png
train_images/image_660.png	train_masks/image_660.png
train_images/image_662.png	train_masks/image_662.png
train_images/image_663.png	train_masks/image_663.png
train_images/image_664.png	train_masks/image_664.png
train_images/image_665.png	train_masks/image_665.png
train_images/image_666.png	train_masks/image_666.png
train_images/image_667.png	train_masks/image_667.png
train_images/image_668.png	train_masks/image_668.png
train_images/image_669.png	train_masks/image_669.png
train_images/image_67.png	train_masks/image_67.png
train_images/image_670.png	train_masks/image_670.png
train_images/image_671.png	train_masks/image_671.png
train_images/image_675.png	train_masks/image_675.png
train_images/image_676.png	train_masks/image_676.png
train_images/image_678.png	train_masks/image_678.png
train_images/image_679.png	train_masks/image_679.png
train_images/image_68.png	train_masks/image_68.png
train_images/image_681.png	train_masks/image_681.png
train_images/image_682.png	train_masks/image_682.png
train_images/image_683.png	train_masks/image_683.png
train_images/image_684.png	train_masks/image_684.png
train_images/image_686.png	train_masks/image_686.png
train_images/image_688.png	train_masks/image_688.png
train_images/image_689.png	train_masks/image_689.png
train_images/image_69.png	train_masks/image_69.png
train_images/image_690.png	train_masks/image_690.png
train_images/image_691.png	train_masks/image_691.png
train_images/image_693.png	train_masks/image_693.png
train_images/image_694.png	train_masks/image_694.png
train_images/image_695.png	train_masks/image_695.png
train_images/image_699.png	train_masks/image_699.png
train_images/image_7.png	train_masks/image_7.png
train_images/image_700.png	train_masks/image_700.png
train_images/image_701.png	train_masks/image_701.png
train_images/image_702.png	train_masks/image_702.png
train_images/image_704.png	train_masks/image_704.png
train_images/image_705.png	train_masks/image_705.png
train_images/image_706.png	train_masks/image_706.png
train_images/image_707.png	train_masks/image_707.png
train_images/image_709.png	train_masks/image_709.png
train_images/image_71.png	train_masks/image_71.png
train_images/image_711.png	train_masks/image_711.png
train_images/image_712.png	train_masks/image_712.png
train_images/image_713.png	train_masks/image_713.png
train_images/image_714.png	train_masks/image_714.png
train_images/image_716.png	train_masks/image_716.png
train_images/image_717.png	train_masks/image_717.png
train_images/image_718.png	train_masks/image_718.png
train_images/image_720.png	train_masks/image_720.png
train_images/image_721.png	train_masks/image_721.png
train_images/image_723.png	train_masks/image_723.png
train_images/image_724.png	train_masks/image_724.png
train_images/image_727.png	train_masks/image_727.png
train_images/image_728.png	train_masks/image_728.png
train_images/image_729.png	train_masks/image_729.png
train_images/image_730.png	train_masks/image_730.png
train_images/image_731.png	train_masks/image_731.png
train_images/image_732.png	train_masks/image_732.png
train_images/image_733.png	train_masks/image_733.png
train_images/image_734.png	train_masks/image_734.png
train_images/image_735.png	train_masks/image_735.png
train_images/image_736.png	train_masks/image_736.png
train_images/image_738.png	train_masks/image_738.png
train_images/image_739.png	train_masks/image_739.png
train_images/image_74.png	train_masks/image_74.png
train_images/image_741.png	train_masks/image_741.png
train_images/image_743.png	train_masks/image_743.png
train_images/image_744.png	train_masks/image_744.png
train_images/image_745.png	train_masks/image_745.png
train_images/image_746.png	train_masks/image_746.png
train_images/image_747.png	train_masks/image_747.png
train_images/image_748.png	train_masks/image_748.png
train_images/image_749.png	train_masks/image_749.png
train_images/image_75.png	train_masks/image_75.png
train_images/image_753.png	train_masks/image_753.png
train_images/image_754.png	train_masks/image_754.png
train_images/image_755.png	train_masks/image_755.png
train_images/image_757.png	train_masks/image_757.png
train_images/image_758.png	train_masks/image_758.png
train_images/image_759.png	train_masks/image_759.png
train_images/image_76.png	train_masks/image_76.png
train_images/image_761.png	train_masks/image_761.png
train_images/image_762.png	train_masks/image_762.png
train_images/image_763.png	train_masks/image_763.png
train_images/image_764.png	train_masks/image_764.png
train_images/image_765.png	train_masks/image_765.png
train_images/image_766.png	train_masks/image_766.png
train_images/image_768.png	train_masks/image_768.png
train_images/image_769.png	train_masks/image_769.png
train_images/image_770.png	train_masks/image_770.png
train_images/image_771.png	train_masks/image_771.png
train_images/image_772.png	train_masks/image_772.png
train_images/image_773.png	train_masks/image_773.png
train_images/image_774.png	train_masks/image_774.png
train_images/image_775.png	train_masks/image_775.png
train_images/image_776.png	train_masks/image_776.png
train_images/image_777.png	train_masks/image_777.png
train_images/image_778.png	train_masks/image_778.png
train_images/image_780.png	train_masks/image_780.png
train_images/image_782.png	train_masks/image_782.png
train_images/image_783.png	train_masks/image_783.png
train_images/image_785.png	train_masks/image_785.png
train_images/image_788.png	train_masks/image_788.png
train_images/image_790.png	train_masks/image_790.png
train_images/image_791.png	train_masks/image_791.png
train_images/image_792.png	train_masks/image_792.png
train_images/image_795.png	train_masks/image_795.png
train_images/image_796.png	train_masks/image_796.png
train_images/image_797.png	train_masks/image_797.png
train_images/image_798.png	train_masks/image_798.png
train_images/image_8.png	train_masks/image_8.png
train_images/image_80.png	train_masks/image_80.png
train_images/image_800.png	train_masks/image_800.png
train_images/image_802.png	train_masks/image_802.png
train_images/image_803.png	train_masks/image_803.png
train_images/image_805.png	train_masks/image_805.png
train_images/image_806.png	train_masks/image_806.png
train_images/image_807.png	train_masks/image_807.png
train_images/image_808.png	train_masks/image_808.png
train_images/image_809.png	train_masks/image_809.png
train_images/image_81.png	train_masks/image_81.png
train_images/image_810.png	train_masks/image_810.png
train_images/image_811.png	train_masks/image_811.png
train_images/image_812.png	train_masks/image_812.png
train_images/image_813.png	train_masks/image_813.png
train_images/image_814.png	train_masks/image_814.png
train_images/image_815.png	train_masks/image_815.png
train_images/image_816.png	train_masks/image_816.png
train_images/image_82.png	train_masks/image_82.png
train_images/image_821.png	train_masks/image_821.png
train_images/image_822.png	train_masks/image_822.png
train_images/image_823.png	train_masks/image_823.png
train_images/image_824.png	train_masks/image_824.png
train_images/image_825.png	train_masks/image_825.png
train_images/image_826.png	train_masks/image_826.png
train_images/image_827.png	train_masks/image_827.png
train_images/image_828.png	train_masks/image_828.png
train_images/image_829.png	train_masks/image_829.png
train_images/image_83.png	train_masks/image_83.png
train_images/image_830.png	train_masks/image_830.png
train_images/image_832.png	train_masks/image_832.png
train_images/image_833.png	train_masks/image_833.png
train_images/image_834.png	train_masks/image_834.png
train_images/image_837.png	train_masks/image_837.png
train_images/image_838.png	train_masks/image_838.png
train_images/image_839.png	train_masks/image_839.png
train_images/image_84.png	train_masks/image_84.png
train_images/image_841.png	train_masks/image_841.png
train_images/image_842.png	train_masks/image_842.png
train_images/image_844.png	train_masks/image_844.png
train_images/image_846.png	train_masks/image_846.png
train_images/image_847.png	train_masks/image_847.png
train_images/image_848.png	train_masks/image_848.png
train_images/image_849.png	train_masks/image_849.png
train_images/image_85.png	train_masks/image_85.png
train_images/image_850.png	train_masks/image_850.png
train_images/image_851.png	train_masks/image_851.png
train_images/image_854.png	train_masks/image_854.png
train_images/image_856.png	train_masks/image_856.png
train_images/image_857.png	train_masks/image_857.png
train_images/image_858.png	train_masks/image_858.png
train_images/image_859.png	train_masks/image_859.png
train_images/image_860.png	train_masks/image_860.png
train_images/image_862.png	train_masks/image_862.png
train_images/image_863.png	train_masks/image_863.png
train_images/image_864.png	train_masks/image_864.png
train_images/image_865.png	train_masks/image_865.png
train_images/image_868.png	train_masks/image_868.png
train_images/image_869.png	train_masks/image_869.png
train_images/image_87.png	train_masks/image_87.png
train_images/image_871.png	train_masks/image_871.png
train_images/image_872.png	train_masks/image_872.png
train_images/image_874.png	train_masks/image_874.png
train_images/image_875.png	train_masks/image_875.png
train_images/image_876.png	train_masks/image_876.png
train_images/image_877.png	train_masks/image_877.png
train_images/image_88.png	train_masks/image_88.png
train_images/image_880.png	train_masks/image_880.png
train_images/image_881.png	train_masks/image_881.png
train_images/image_882.png	train_masks/image_882.png
train_images/image_883.png	train_masks/image_883.png
train_images/image_885.png	train_masks/image_885.png
train_images/image_886.png	train_masks/image_886.png
train_images/image_887.png	train_masks/image_887.png
train_images/image_888.png	train_masks/image_888.png
train_images/image_890.png	train_masks/image_890.png
train_images/image_891.png	train_masks/image_891.png
train_images/image_892.png	train_masks/image_892.png
train_images/image_893.png	train_masks/image_893.png
train_images/image_894.png	train_masks/image_894.png
train_images/image_896.png	train_masks/image_896.png
train_images/image_897.png	train_masks/image_897.png
train_images/image_898.png	train_masks/image_898.png
train_images/image_899.png	train_masks/image_899.png
train_images/image_9.png	train_masks/image_9.png
train_images/image_90.png	train_masks/image_90.png
train_images/image_900.png	train_masks/image_900.png
train_images/image_901.png	train_masks/image_901.png
train_images/image_902.png	train_masks/image_902.png
train_images/image_903.png	train_masks/image_903.png
train_images/image_904.png	train_masks/image_904.png
train_images/image_906.png	train_masks/image_906.png
train_images/image_907.png	train_masks/image_907.png
train_images/image_908.png	train_masks/image_908.png
train_images/image_909.png	train_masks/image_909.png
train_images/image_91.png	train_masks/image_91.png
train_images/image_911.png	train_masks/image_911.png
train_images/image_912.png	train_masks/image_912.png
train_images/image_913.png	train_masks/image_913.png
train_images/image_914.png	train_masks/image_914.png
train_images/image_915.png	train_masks/image_915.png
train_images/image_916.png	train_masks/image_916.png
train_images/image_917.png	train_masks/image_917.png
train_images/image_919.png	train_masks/image_919.png
train_images/image_92.png	train_masks/image_92.png
train_images/image_920.png	train_masks/image_920.png
train_images/image_922.png	train_masks/image_922.png
train_images/image_923.png	train_masks/image_923.png
train_images/image_924.png	train_masks/image_924.png
train_images/image_926.png	train_masks/image_926.png
train_images/image_928.png	train_masks/image_928.png
train_images/image_929.png	train_masks/image_929.png
train_images/image_930.png	train_masks/image_930.png
train_images/image_931.png	train_masks/image_931.png
train_images/image_932.png	train_masks/image_932.png
train_images/image_934.png	train_masks/image_934.png
train_images/image_935.png	train_masks/image_935.png
train_images/image_938.png	train_masks/image_938.png
train_images/image_939.png	train_masks/image_939.png
train_images/image_940.png	train_masks/image_940.png
train_images/image_942.png	train_masks/image_942.png
train_images/image_944.png	train_masks/image_944.png
train_images/image_945.png	train_masks/image_945.png
train_images/image_946.png	train_masks/image_946.png
train_images/image_947.png	train_masks/image_947.png
train_images/image_949.png	train_masks/image_949.png
train_images/image_95.png	train_masks/image_95.png
train_images/image_950.png	train_masks/image_950.png
train_images/image_951.png	train_masks/image_951.png
train_images/image_952.png	train_masks/image_952.png
train_images/image_953.png	train_masks/image_953.png
train_images/image_955.png	train_masks/image_955.png
train_images/image_956.png	train_masks/image_956.png
train_images/image_958.png	train_masks/image_958.png
train_images/image_959.png	train_masks/image_959.png
train_images/image_960.png	train_masks/image_960.png
train_images/image_961.png	train_masks/image_961.png
train_images/image_962.png	train_masks/image_962.png
train_images/image_963.png	train_masks/image_963.png
train_images/image_966.png	train_masks/image_966.png
train_images/image_967.png	train_masks/image_967.png
train_images/image_97.png	train_masks/image_97.png
train_images/image_970.png	train_masks/image_970.png
train_images/image_972.png	train_masks/image_972.png
train_images/image_974.png	train_masks/image_974.png
train_images/image_976.png	train_masks/image_976.png
train_images/image_978.png	train_masks/image_978.png
train_images/image_979.png	train_masks/image_979.png
train_images/image_981.png	train_masks/image_981.png
train_images/image_982.png	train_masks/image_982.png
train_images/image_983.png	train_masks/image_983.png
train_images/image_984.png	train_masks/image_984.png
train_images/image_985.png	train_masks/image_985.png
train_images/image_986.png	train_masks/image_986.png
train_images/image_987.png	train_masks/image_987.png
train_images/image_989.png	train_masks/image_989.png
train_images/image_99.png	train_masks/image_99.png
train_images/image_991.png	train_masks/image_991.png
train_images/image_992.png	train_masks/image_992.png
train_images/image_993.png	train_masks/image_993.png
train_images/image_994.png	train_masks/image_994.png
train_images/image_996.png	train_masks/image_996.png
train_images/image_997.png	train_masks/image_997.png
train_images/image_998.png	train_masks/image_998.png
train_images/image_999.png	train_masks/image_999.png
validation_images/image_100.png	validation_masks/image_100.png
validation_images/image_1013.png	validation_masks/image_1013.png
validation_images/image_1029.png	validation_masks/image_1029.png
validation_images/image_1035.png	validation_masks/image_1035.png
validation_images/image_1039.png	validation_masks/image_1039.png
validation_images/image_1047.png	validation_masks/image_1047.png
validation_images/image_1053.png	validation_masks/image_1053.png
validation_images/image_1073.png	validation_masks/image_1073.png
validation_images/image_1075.png	validation_masks/image_1075.png
validation_images/image_1076.png	validation_masks/image_1076.png
validation_images/image_1086.png	validation_masks/image_1086.png
validation_images/image_11.png	validation_masks/image_11.png
validation_images/image_1101.png	validation_masks/image_1101.png
validation_images/image_111.png	validation_masks/image_111.png
validation_images/image_112.png	validation_masks/image_112.png
validation_images/image_1123.png	validation_masks/image_1123.png
validation_images/image_1128.png	validation_masks/image_1128.png
validation_images/image_1129.png	validation_masks/image_1129.png
validation_images/image_113.png	validation_masks/image_113.png
validation_images/image_1140.png	validation_masks/image_1140.png
validation_images/image_1151.png	validation_masks/image_1151.png
validation_images/image_1152.png	validation_masks/image_1152.png
validation_images/image_1155.png	validation_masks/image_1155.png
validation_images/image_1160.png	validation_masks/image_1160.png
validation_images/image_1165.png	validation_masks/image_1165.png
validation_images/image_1177.png	validation_masks/image_1177.png
validation_images/image_1179.png	validation_masks/image_1179.png
validation_images/image_1195.png	validation_masks/image_1195.png
validation_images/image_1209.png	validation_masks/image_1209.png
validation_images/image_1215.png	validation_masks/image_1215.png
validation_images/image_1227.png	validation_masks/image_1227.png
validation_images/image_1230.png	validation_masks/image_1230.png
validation_images/image_1233.png	validation_masks/image_1233.png
validation_images/image_1234.png	validation_masks/image_1234.png
validation_images/image_1244.png	validation_masks/image_1244.png
validation_images/image_1246.png	validation_masks/image_1246.png
validation_images/image_1260.png	validation_masks/image_1260.png
validation_images/image_1262.png	validation_masks/image_1262.png
validation_images/image_1289.png	validation_masks/image_1289.png
validation_images/image_1294.png	validation_masks/image_1294.png
validation_images/image_1295.png	validation_masks/image_1295.png
validation_images/image_1301.png	validation_masks/image_1301.png
validation_images/image_131.png	validation_masks/image_131.png
validation_images/image_1311.png	validation_masks/image_1311.png
validation_images/image_1317.png	validation_masks/image_1317.png
validation_images/image_132.png	validation_masks/image_132.png
validation_images/image_1323.png	validation_masks/image_1323.png
validation_images/image_1331.png	validation_masks/image_1331.png
validation_images/image_1333.png	validation_masks/image_1333.png
validation_images/image_1340.png	validation_masks/image_1340.png
validation_images/image_1350.png	validation_masks/image_1350.png
validation_images/image_1360.png	validation_masks/image_1360.png
validation_images/image_1361.png	validation_masks/image_1361.png
validation_images/image_1367.png	validation_masks/image_1367.png
validation_images/image_1392.png	validation_masks/image_1392.png
validation_images/image_1394.png	validation_masks/image_1394.png
validation_images/image_1397.png	validation_masks/image_1397.png
validation_images/image_1416.png	validation_masks/image_1416.png
validation_images/image_1433.png	validation_masks/image_1433.png
validation_images/image_1434.png	validation_masks/image_1434.png
validation_images/image_1445.png	validation_masks/image_1445.png
validation_images/image_1453.png	validation_masks/image_1453.png
validation_images/image_1455.png	validation_masks/image_1455.png
validation_images/image_1458.png	validation_masks/image_1458.png
validation_images/image_1461.png	validation_masks/image_1461.png
validation_images/image_1462.png	validation_masks/image_1462.png
validation_images/image_1463.png	validation_masks/image_1463.png
validation_images/image_147.png	validation_masks/image_147.png
validation_images/image_1472.png	validation_masks/image_1472.png
validation_images/image_150.png	validation_masks/image_150.png
validation_images/image_1507.png	validation_masks/image_1507.png
validation_images/image_1515.png	validation_masks/image_1515.png
validation_images/image_1521.png	validation_masks/image_1521.png
validation_images/image_1525.png	validation_masks/image_1525.png
validation_images/image_1527.png	validation_masks/image_1527.png
validation_images/image_1542.png	validation_masks/image_1542.png
validation_images/image_1551.png	validation_masks/image_1551.png
validation_images/image_1552.png	validation_masks/image_1552.png
validation_images/image_1557.png	validation_masks/image_1557.png
validation_images/image_156.png	validation_masks/image_156.png
validation_images/image_1564.png	validation_masks/image_1564.png
validation_images/image_1568.png	validation_masks/image_1568.png
validation_images/image_1574.png	validation_masks/image_1574.png
validation_images/image_1577.png	validation_masks/image_1577.png
validation_images/image_158.png	validation_masks/image_158.png
validation_images/image_1589.png	validation_masks/image_1589.png
validation_images/image_1596.png	validation_masks/image_1596.png
validation_images/image_1597.png	validation_masks/image_1597.png
validation_images/image_1598.png	validation_masks/image_1598.png
validation_images/image_1599.png	validation_masks/image_1599.png
validation_images/image_1619.png	validation_masks/image_1619.png
validation_images/image_1632.png	validation_masks/image_1632.png
validation_images/image_1641.png	validation_masks/image_1641.png
validation_images/image_1644.png	validation_masks/image_1644.png
validation_images/image_1645.png	validation_masks/image_1645.png
validation_images/image_1664.png	validation_masks/image_1664.png
validation_images/image_1671.png	validation_masks/image_1671.png
validation_images/image_1677.png	validation_masks/image_1677.png
validation_images/image_1708.png	validation_masks/image_1708.png
validation_images/image_1727.png	validation_masks/image_1727.png
validation_images/image_1733.png	validation_masks/image_1733.png
validation_images/image_1738.png	validation_masks/image_1738.png
validation_images/image_1740.png	validation_masks/image_1740.png
validation_images/image_1747.png	validation_masks/image_1747.png
validation_images/image_1754.png	validation_masks/image_1754.png
validation_images/image_1755.png	validation_masks/image_1755.png
validation_images/image_1774.png	validation_masks/image_1774.png
validation_images/image_1783.png	validation_masks/image_1783.png
validation_images/image_180.png	validation_masks/image_180.png
validation_images/image_1805.png	validation_masks/image_1805.png
validation_images/image_1837.png	validation_masks/image_1837.png
validation_images/image_1838.png	validation_masks/image_1838.png
validation_images/image_184.png	validation_masks/image_184.png
validation_images/image_1845.png	validation_masks/image_1845.png
validation_images/image_1847.png	validation_masks/image_1847.png
validation_images/image_1848.png	validation_masks/image_1848.png
validation_images/image_1851.png	validation_masks/image_1851.png
validation_images/image_1869.png	validation_masks/image_1869.png
validation_images/image_1872.png	validation_masks/image_1872.png
validation_images/image_1881.png	validation_masks/image_1881.png
validation_images/image_1889.png	validation_masks/image_1889.png
validation_images/image_1905.png	validation_masks/image_1905.png
validation_images/image_1926.png	validation_masks/image_1926.png
validation_images/image_1936.png	validation_masks/image_1936.png
validation_images/image_1938.png	validation_masks/image_1938.png
validation_images/image_1939.png	validation_masks/image_1939.png
validation_images/image_1958.png	validation_masks/image_1958.png
validation_images/image_1961.png	validation_masks/image_1961.png
validation_images/image_1963.png	validation_masks/image_1963.png
validation_images/image_1971.png	validation_masks/image_1971.png
validation_images/image_1981.png	validation_masks/image_1981.png
validation_images/image_1984.png	validation_masks/image_1984.png
validation_images/image_1999.png	validation_masks/image_1999.png
validation_images/image_2001.png	validation_masks/image_2001.png
validation_images/image_212.png	validation_masks/image_212.png
validation_images/image_222.png	validation_masks/image_222.png
validation_images/image_224.png	validation_masks/image_224.png
validation_images/image_230.png	validation_masks/image_230.png
validation_images/image_238.png	validation_masks/image_238.png
validation_images/image_251.png	validation_masks/image_251.png
validation_images/image_255.png	validation_masks/image_255.png
validation_images/image_256.png	validation_masks/image_256.png
validation_images/image_26.png	validation_masks/image_26.png
validation_images/image_261.png	validation_masks/image_261.png
validation_images/image_297.png	validation_masks/image_297.png
validation_images/image_303.png	validation_masks/image_303.png
validation_images/image_31.png	validation_masks/image_31.png
validation_images/image_324.png	validation_masks/image_324.png
validation_images/image_331.png	validation_masks/image_331.png
validation_images/image_336.png	validation_masks/image_336.png
validation_images/image_353.png	validation_masks/image_353.png
validation_images/image_361.png	validation_masks/image_361.png
validation_images/image_37.png	validation_masks/image_37.png
validation_images/image_371.png	validation_masks/image_371.png
validation_images/image_375.png	validation_masks/image_375.png
validation_images/image_378.png	validation_masks/image_378.png
validation_images/image_385.png	validation_masks/image_385.png
validation_images/image_39.png	validation_masks/image_39.png
validation_images/image_390.png	validation_masks/image_390.png
validation_images/image_394.png	validation_masks/image_394.png
validation_images/image_416.png	validation_masks/image_416.png
validation_images/image_420.png	validation_masks/image_420.png
validation_images/image_424.png	validation_masks/image_424.png
validation_images/image_426.png	validation_masks/image_426.png
validation_images/image_436.png	validation_masks/image_436.png
validation_images/image_447.png	validation_masks/image_447.png
validation_images/image_449.png	validation_masks/image_449.png
validation_images/image_45.png	validation_masks/image_45.png
validation_images/image_469.png	validation_masks/image_469.png
validation_images/image_470.png	validation_masks/image_470.png
validation_images/image_480.png	validation_masks/image_480.png
validation_images/image_484.png	validation_masks/image_484.png
validation_images/image_487.png	validation_masks/image_487.png
validation_images/image_489.png	validation_masks/image_489.png
validation_images/image_492.png	validation_masks/image_492.png
validation_images/image_493.png	validation_masks/image_493.png
validation_images/image_498.png	validation_masks/image_498.png
validation_images/image_50.png	validation_masks/image_50.png
validation_images/image_501.png	validation_masks/image_501.png
validation_images/image_507.png	validation_masks/image_507.png
validation_images/image_515.png	validation_masks/image_515.png
validation_images/image_527.png	validation_masks/image_527.png
validation_images/image_531.png	validation_masks/image_531.png
validation_images/image_540.png	validation_masks/image_540.png
validation_images/image_544.png	validation_masks/image_544.png
validation_images/image_553.png	validation_masks/image_553.png
validation_images/image_558.png	validation_masks/image_558.png
validation_images/image_561.png	validation_masks/image_561.png
validation_images/image_567.png	validation_masks/image_567.png
validation_images/image_569.png	validation_masks/image_569.png
validation_images/image_57.png	validation_masks/image_57.png
validation_images/image_578.png	validation_masks/image_578.png
validation_images/image_579.png	validation_masks/image_579.png
validation_images/image_581.png	validation_masks/image_581.png
validation_images/image_582.png	validation_masks/image_582.png
validation_images/image_599.png	validation_masks/image_599.png
validation_images/image_600.png	validation_masks/image_600.png
validation_images/image_605.png	validation_masks/image_605.png
validation_images/image_616.png	validation_masks/image_616.png
validation_images/image_628.png	validation_masks/image_628.png
validation_images/image_629.png	validation_masks/image_629.png
validation_images/image_636.png	validation_masks/image_636.png
validation_images/image_637.png	validation_masks/image_637.png
validation_images/image_639.png	validation_masks/image_639.png
validation_images/image_642.png	validation_masks/image_642.png
validation_images/image_643.png	validation_masks/image_643.png
validation_images/image_644.png	validation_masks/image_644.png
validation_images/image_656.png	validation_masks/image_656.png
validation_images/image_659.png	validation_masks/image_659.png
validation_images/image_661.png	validation_masks/image_661.png
validation_images/image_677.png	validation_masks/image_677.png
validation_images/image_697.png	validation_masks/image_697.png
validation_images/image_708.png	validation_masks/image_708.png
validation_images/image_710.png	validation_masks/image_710.png
validation_images/image_719.png	validation_masks/image_719.png
validation_images/image_722.png	validation_masks/image_722.png
validation_images/image_726.png	validation_masks/image_726.png
validation_images/image_73.png	validation_masks/image_73.png
validation_images/image_740.png	validation_masks/image_740.png
validation_images/image_742.png	validation_masks/image_742.png
validation_images/image_750.png	validation_masks/image_750.png
validation_images/image_751.png	validation_masks/image_751.png
validation_images/image_752.png	validation_masks/image_752.png
validation_images/image_760.png	validation_masks/image_760.png
validation_images/image_77.png	validation_masks/image_77.png
validation_images/image_779.png	validation_masks/image_779.png
validation_images/image_781.png	validation_masks/image_781.png
validation_images/image_786.png	validation_masks/image_786.png
validation_images/image_793.png	validation_masks/image_793.png
validation_images/image_799.png	validation_masks/image_799.png
validation_images/image_801.png	validation_masks/image_801.png
validation_images/image_819.png	validation_masks/image_819.png
validation_images/image_820.png	validation_masks/image_820.png
validation_images/image_840.png	validation_masks/image_840.png
validation_images/image_852.png	validation_masks/image_852.png
validation_images/image_853.png	validation_masks/image_853.png
validation_images/image_855.png	validation_masks/image_855.png
validation_images/image_873.png	validation_masks/image_873.png
validation_images/image_889.png	validation_masks/image_889.png
validation_images/image_89.png	validation_masks/image_89.png
validation_images/image_905.png	validation_masks/image_905.png
validation_images/image_910.png	validation_masks/image_910.png
validation_images/image_918.png	validation_masks/image_918.png
validation_images/image_921.png	validation_masks/image_921.png
validation_images/image_925.png	validation_masks/image_925.png
validation_images/image_93.png	validation_masks/image_93.png
validation_images/image_941.png	validation_masks/image_941.png
validation_images/image_957.png	validation_masks/image_957.png
validation_images/image_96.png	validation_masks/image_96.png
validation_images/image_964.png	validation_masks/image_964.png
validation_images/image_971.png	validation_masks/image_971.png
validation_images/image_973.png	validation_masks/image_973.png
validation_images/image_975.png	validation_masks/image_975.png
validation_images/image_98.png	validation_masks/image_98.png
validation_images/image_980.png	validation_masks/image_980.png
validation_images/image_995.png	validation_masks/image_995.png
