/shared/rtis_lab/data/FLAME/custom_split/validation_images/image_100.jpg	/shared/rtis_lab/data/FLAME/custom_split/validation_masks/image_100.png
/shared/rtis_lab/data/FLAME/custom_split/validation_images/image_1013.jpg	/shared/rtis_lab/data/FLAME/custom_split/validation_masks/image_1013.png
/shared/rtis_lab/data/FLAME/custom_split/validation_images/image_1029.jpg	/shared/rtis_lab/data/FLAME/custom_split/validation_masks/image_1029.png
/shared/rtis_lab/data/FLAME/custom_split/validation_images/image_1035.jpg	/shared/rtis_lab/data/FLAME/custom_split/validation_masks/image_1035.png
/shared/rtis_lab/data/FLAME/custom_split/validation_images/image_1039.jpg	/shared/rtis_lab/data/FLAME/custom_split/validation_masks/image_1039.png
/shared/rtis_lab/data/FLAME/custom_split/validation_images/image_1047.jpg	/shared/rtis_lab/data/FLAME/custom_split/validation_masks/image_1047.png
/shared/rtis_lab/data/FLAME/custom_split/validation_images/image_1053.jpg	/shared/rtis_lab/data/FLAME/custom_split/validation_masks/image_1053.png
/shared/rtis_lab/data/FLAME/custom_split/validation_images/image_1073.jpg	/shared/rtis_lab/data/FLAME/custom_split/validation_masks/image_1073.png
/shared/rtis_lab/data/FLAME/custom_split/validation_images/image_1075.jpg	/shared/rtis_lab/data/FLAME/custom_split/validation_masks/image_1075.png
/shared/rtis_lab/data/FLAME/custom_split/validation_images/image_1076.jpg	/shared/rtis_lab/data/FLAME/custom_split/validation_masks/image_1076.png
/shared/rtis_lab/data/FLAME/custom_split/validation_images/image_1086.jpg	/shared/rtis_lab/data/FLAME/custom_split/validation_masks/image_1086.png
/shared/rtis_lab/data/FLAME/custom_split/validation_images/image_11.jpg	/shared/rtis_lab/data/FLAME/custom_split/validation_masks/image_11.png
/shared/rtis_lab/data/FLAME/custom_split/validation_images/image_1101.jpg	/shared/rtis_lab/data/FLAME/custom_split/validation_masks/image_1101.png
/shared/rtis_lab/data/FLAME/custom_split/validation_images/image_111.jpg	/shared/rtis_lab/data/FLAME/custom_split/validation_masks/image_111.png
/shared/rtis_lab/data/FLAME/custom_split/validation_images/image_112.jpg	/shared/rtis_lab/data/FLAME/custom_split/validation_masks/image_112.png
/shared/rtis_lab/data/FLAME/custom_split/validation_images/image_1123.jpg	/shared/rtis_lab/data/FLAME/custom_split/validation_masks/image_1123.png
/shared/rtis_lab/data/FLAME/custom_split/validation_images/image_1128.jpg	/shared/rtis_lab/data/FLAME/custom_split/validation_masks/image_1128.png
/shared/rtis_lab/data/FLAME/custom_split/validation_images/image_1129.jpg	/shared/rtis_lab/data/FLAME/custom_split/validation_masks/image_1129.png
/shared/rtis_lab/data/FLAME/custom_split/validation_images/image_113.jpg	/shared/rtis_lab/data/FLAME/custom_split/validation_masks/image_113.png
/shared/rtis_lab/data/FLAME/custom_split/validation_images/image_1140.jpg	/shared/rtis_lab/data/FLAME/custom_split/validation_masks/image_1140.png
/shared/rtis_lab/data/FLAME/custom_split/validation_images/image_1151.jpg	/shared/rtis_lab/data/FLAME/custom_split/validation_masks/image_1151.png
/shared/rtis_lab/data/FLAME/custom_split/validation_images/image_1152.jpg	/shared/rtis_lab/data/FLAME/custom_split/validation_masks/image_1152.png
/shared/rtis_lab/data/FLAME/custom_split/validation_images/image_1155.jpg	/shared/rtis_lab/data/FLAME/custom_split/validation_masks/image_1155.png
/shared/rtis_lab/data/FLAME/custom_split/validation_images/image_1160.jpg	/shared/rtis_lab/data/FLAME/custom_split/validation_masks/image_1160.png
/shared/rtis_lab/data/FLAME/custom_split/validation_images/image_1165.jpg	/shared/rtis_lab/data/FLAME/custom_split/validation_masks/image_1165.png
/shared/rtis_lab/data/FLAME/custom_split/validation_images/image_1177.jpg	/shared/rtis_lab/data/FLAME/custom_split/validation_masks/image_1177.png
/shared/rtis_lab/data/FLAME/custom_split/validation_images/image_1179.jpg	/shared/rtis_lab/data/FLAME/custom_split/validation_masks/image_1179.png
/shared/rtis_lab/data/FLAME/custom_split/validation_images/image_1195.jpg	/shared/rtis_lab/data/FLAME/custom_split/validation_masks/image_1195.png
/shared/rtis_lab/data/FLAME/custom_split/validation_images/image_1209.jpg	/shared/rtis_lab/data/FLAME/custom_split/validation_masks/image_1209.png
/shared/rtis_lab/data/FLAME/custom_split/validation_images/image_1215.jpg	/shared/rtis_lab/data/FLAME/custom_split/validation_masks/image_1215.png
/shared/rtis_lab/data/FLAME/custom_split/validation_images/image_1227.jpg	/shared/rtis_lab/data/FLAME/custom_split/validation_masks/image_1227.png
/shared/rtis_lab/data/FLAME/custom_split/validation_images/image_1230.jpg	/shared/rtis_lab/data/FLAME/custom_split/validation_masks/image_1230.png
/shared/rtis_lab/data/FLAME/custom_split/validation_images/image_1233.jpg	/shared/rtis_lab/data/FLAME/custom_split/validation_masks/image_1233.png
/shared/rtis_lab/data/FLAME/custom_split/validation_images/image_1234.jpg	/shared/rtis_lab/data/FLAME/custom_split/validation_masks/image_1234.png
/shared/rtis_lab/data/FLAME/custom_split/validation_images/image_1244.jpg	/shared/rtis_lab/data/FLAME/custom_split/validation_masks/image_1244.png
/shared/rtis_lab/data/FLAME/custom_split/validation_images/image_1246.jpg	/shared/rtis_lab/data/FLAME/custom_split/validation_masks/image_1246.png
/shared/rtis_lab/data/FLAME/custom_split/validation_images/image_1260.jpg	/shared/rtis_lab/data/FLAME/custom_split/validation_masks/image_1260.png
/shared/rtis_lab/data/FLAME/custom_split/validation_images/image_1262.jpg	/shared/rtis_lab/data/FLAME/custom_split/validation_masks/image_1262.png
/shared/rtis_lab/data/FLAME/custom_split/validation_images/image_1289.jpg	/shared/rtis_lab/data/FLAME/custom_split/validation_masks/image_1289.png
/shared/rtis_lab/data/FLAME/custom_split/validation_images/image_1294.jpg	/shared/rtis_lab/data/FLAME/custom_split/validation_masks/image_1294.png
/shared/rtis_lab/data/FLAME/custom_split/validation_images/image_1295.jpg	/shared/rtis_lab/data/FLAME/custom_split/validation_masks/image_1295.png
/shared/rtis_lab/data/FLAME/custom_split/validation_images/image_1301.jpg	/shared/rtis_lab/data/FLAME/custom_split/validation_masks/image_1301.png
/shared/rtis_lab/data/FLAME/custom_split/validation_images/image_131.jpg	/shared/rtis_lab/data/FLAME/custom_split/validation_masks/image_131.png
/shared/rtis_lab/data/FLAME/custom_split/validation_images/image_1311.jpg	/shared/rtis_lab/data/FLAME/custom_split/validation_masks/image_1311.png
/shared/rtis_lab/data/FLAME/custom_split/validation_images/image_1317.jpg	/shared/rtis_lab/data/FLAME/custom_split/validation_masks/image_1317.png
/shared/rtis_lab/data/FLAME/custom_split/validation_images/image_132.jpg	/shared/rtis_lab/data/FLAME/custom_split/validation_masks/image_132.png
/shared/rtis_lab/data/FLAME/custom_split/validation_images/image_1323.jpg	/shared/rtis_lab/data/FLAME/custom_split/validation_masks/image_1323.png
/shared/rtis_lab/data/FLAME/custom_split/validation_images/image_1331.jpg	/shared/rtis_lab/data/FLAME/custom_split/validation_masks/image_1331.png
/shared/rtis_lab/data/FLAME/custom_split/validation_images/image_1333.jpg	/shared/rtis_lab/data/FLAME/custom_split/validation_masks/image_1333.png
/shared/rtis_lab/data/FLAME/custom_split/validation_images/image_1340.jpg	/shared/rtis_lab/data/FLAME/custom_split/validation_masks/image_1340.png
/shared/rtis_lab/data/FLAME/custom_split/validation_images/image_1350.jpg	/shared/rtis_lab/data/FLAME/custom_split/validation_masks/image_1350.png
/shared/rtis_lab/data/FLAME/custom_split/validation_images/image_1360.jpg	/shared/rtis_lab/data/FLAME/custom_split/validation_masks/image_1360.png
/shared/rtis_lab/data/FLAME/custom_split/validation_images/image_1361.jpg	/shared/rtis_lab/data/FLAME/custom_split/validation_masks/image_1361.png
/shared/rtis_lab/data/FLAME/custom_split/validation_images/image_1367.jpg	/shared/rtis_lab/data/FLAME/custom_split/validation_masks/image_1367.png
/shared/rtis_lab/data/FLAME/custom_split/validation_images/image_1392.jpg	/shared/rtis_lab/data/FLAME/custom_split/validation_masks/image_1392.png
/shared/rtis_lab/data/FLAME/custom_split/validation_images/image_1394.jpg	/shared/rtis_lab/data/FLAME/custom_split/validation_masks/image_1394.png
/shared/rtis_lab/data/FLAME/custom_split/validation_images/image_1397.jpg	/shared/rtis_lab/data/FLAME/custom_split/validation_masks/image_1397.png
/shared/rtis_lab/data/FLAME/custom_split/validation_images/image_1416.jpg	/shared/rtis_lab/data/FLAME/custom_split/validation_masks/image_1416.png
/shared/rtis_lab/data/FLAME/custom_split/validation_images/image_1433.jpg	/shared/rtis_lab/data/FLAME/custom_split/validation_masks/image_1433.png
/shared/rtis_lab/data/FLAME/custom_split/validation_images/image_1434.jpg	/shared/rtis_lab/data/FLAME/custom_split/validation_masks/image_1434.png
/shared/rtis_lab/data/FLAME/custom_split/validation_images/image_1445.jpg	/shared/rtis_lab/data/FLAME/custom_split/validation_masks/image_1445.png
/shared/rtis_lab/data/FLAME/custom_split/validation_images/image_1453.jpg	/shared/rtis_lab/data/FLAME/custom_split/validation_masks/image_1453.png
/shared/rtis_lab/data/FLAME/custom_split/validation_images/image_1455.jpg	/shared/rtis_lab/data/FLAME/custom_split/validation_masks/image_1455.png
/shared/rtis_lab/data/FLAME/custom_split/validation_images/image_1458.jpg	/shared/rtis_lab/data/FLAME/custom_split/validation_masks/image_1458.png
/shared/rtis_lab/data/FLAME/custom_split/validation_images/image_1461.jpg	/shared/rtis_lab/data/FLAME/custom_split/validation_masks/image_1461.png
/shared/rtis_lab/data/FLAME/custom_split/validation_images/image_1462.jpg	/shared/rtis_lab/data/FLAME/custom_split/validation_masks/image_1462.png
/shared/rtis_lab/data/FLAME/custom_split/validation_images/image_1463.jpg	/shared/rtis_lab/data/FLAME/custom_split/validation_masks/image_1463.png
/shared/rtis_lab/data/FLAME/custom_split/validation_images/image_147.jpg	/shared/rtis_lab/data/FLAME/custom_split/validation_masks/image_147.png
/shared/rtis_lab/data/FLAME/custom_split/validation_images/image_1472.jpg	/shared/rtis_lab/data/FLAME/custom_split/validation_masks/image_1472.png
/shared/rtis_lab/data/FLAME/custom_split/validation_images/image_150.jpg	/shared/rtis_lab/data/FLAME/custom_split/validation_masks/image_150.png
/shared/rtis_lab/data/FLAME/custom_split/validation_images/image_1507.jpg	/shared/rtis_lab/data/FLAME/custom_split/validation_masks/image_1507.png
/shared/rtis_lab/data/FLAME/custom_split/validation_images/image_1515.jpg	/shared/rtis_lab/data/FLAME/custom_split/validation_masks/image_1515.png
/shared/rtis_lab/data/FLAME/custom_split/validation_images/image_1521.jpg	/shared/rtis_lab/data/FLAME/custom_split/validation_masks/image_1521.png
/shared/rtis_lab/data/FLAME/custom_split/validation_images/image_1525.jpg	/shared/rtis_lab/data/FLAME/custom_split/validation_masks/image_1525.png
/shared/rtis_lab/data/FLAME/custom_split/validation_images/image_1527.jpg	/shared/rtis_lab/data/FLAME/custom_split/validation_masks/image_1527.png
/shared/rtis_lab/data/FLAME/custom_split/validation_images/image_1542.jpg	/shared/rtis_lab/data/FLAME/custom_split/validation_masks/image_1542.png
/shared/rtis_lab/data/FLAME/custom_split/validation_images/image_1551.jpg	/shared/rtis_lab/data/FLAME/custom_split/validation_masks/image_1551.png
/shared/rtis_lab/data/FLAME/custom_split/validation_images/image_1552.jpg	/shared/rtis_lab/data/FLAME/custom_split/validation_masks/image_1552.png
/shared/rtis_lab/data/FLAME/custom_split/validation_images/image_1557.jpg	/shared/rtis_lab/data/FLAME/custom_split/validation_masks/image_1557.png
/shared/rtis_lab/data/FLAME/custom_split/validation_images/image_156.jpg	/shared/rtis_lab/data/FLAME/custom_split/validation_masks/image_156.png
/shared/rtis_lab/data/FLAME/custom_split/validation_images/image_1564.jpg	/shared/rtis_lab/data/FLAME/custom_split/validation_masks/image_1564.png
/shared/rtis_lab/data/FLAME/custom_split/validation_images/image_1568.jpg	/shared/rtis_lab/data/FLAME/custom_split/validation_masks/image_1568.png
/shared/rtis_lab/data/FLAME/custom_split/validation_images/image_1574.jpg	/shared/rtis_lab/data/FLAME/custom_split/validation_masks/image_1574.png
/shared/rtis_lab/data/FLAME/custom_split/validation_images/image_1577.jpg	/shared/rtis_lab/data/FLAME/custom_split/validation_masks/image_1577.png
/shared/rtis_lab/data/FLAME/custom_split/validation_images/image_158.jpg	/shared/rtis_lab/data/FLAME/custom_split/validation_masks/image_158.png
/shared/rtis_lab/data/FLAME/custom_split/validation_images/image_1589.jpg	/shared/rtis_lab/data/FLAME/custom_split/validation_masks/image_1589.png
/shared/rtis_lab/data/FLAME/custom_split/validation_images/image_1596.jpg	/shared/rtis_lab/data/FLAME/custom_split/validation_masks/image_1596.png
/shared/rtis_lab/data/FLAME/custom_split/validation_images/image_1597.jpg	/shared/rtis_lab/data/FLAME/custom_split/validation_masks/image_1597.png
/shared/rtis_lab/data/FLAME/custom_split/validation_images/image_1598.jpg	/shared/rtis_lab/data/FLAME/custom_split/validation_masks/image_1598.png
/shared/rtis_lab/data/FLAME/custom_split/validation_images/image_1599.jpg	/shared/rtis_lab/data/FLAME/custom_split/validation_masks/image_1599.png
/shared/rtis_lab/data/FLAME/custom_split/validation_images/image_1619.jpg	/shared/rtis_lab/data/FLAME/custom_split/validation_masks/image_1619.png
/shared/rtis_lab/data/FLAME/custom_split/validation_images/image_1632.jpg	/shared/rtis_lab/data/FLAME/custom_split/validation_masks/image_1632.png
/shared/rtis_lab/data/FLAME/custom_split/validation_images/image_1641.jpg	/shared/rtis_lab/data/FLAME/custom_split/validation_masks/image_1641.png
/shared/rtis_lab/data/FLAME/custom_split/validation_images/image_1644.jpg	/shared/rtis_lab/data/FLAME/custom_split/validation_masks/image_1644.png
/shared/rtis_lab/data/FLAME/custom_split/validation_images/image_1645.jpg	/shared/rtis_lab/data/FLAME/custom_split/validation_masks/image_1645.png
/shared/rtis_lab/data/FLAME/custom_split/validation_images/image_1664.jpg	/shared/rtis_lab/data/FLAME/custom_split/validation_masks/image_1664.png
/shared/rtis_lab/data/FLAME/custom_split/validation_images/image_1671.jpg	/shared/rtis_lab/data/FLAME/custom_split/validation_masks/image_1671.png
/shared/rtis_lab/data/FLAME/custom_split/validation_images/image_1677.jpg	/shared/rtis_lab/data/FLAME/custom_split/validation_masks/image_1677.png
/shared/rtis_lab/data/FLAME/custom_split/validation_images/image_1708.jpg	/shared/rtis_lab/data/FLAME/custom_split/validation_masks/image_1708.png
/shared/rtis_lab/data/FLAME/custom_split/validation_images/image_1727.jpg	/shared/rtis_lab/data/FLAME/custom_split/validation_masks/image_1727.png
/shared/rtis_lab/data/FLAME/custom_split/validation_images/image_1733.jpg	/shared/rtis_lab/data/FLAME/custom_split/validation_masks/image_1733.png
/shared/rtis_lab/data/FLAME/custom_split/validation_images/image_1738.jpg	/shared/rtis_lab/data/FLAME/custom_split/validation_masks/image_1738.png
/shared/rtis_lab/data/FLAME/custom_split/validation_images/image_1740.jpg	/shared/rtis_lab/data/FLAME/custom_split/validation_masks/image_1740.png
/shared/rtis_lab/data/FLAME/custom_split/validation_images/image_1747.jpg	/shared/rtis_lab/data/FLAME/custom_split/validation_masks/image_1747.png
/shared/rtis_lab/data/FLAME/custom_split/validation_images/image_1754.jpg	/shared/rtis_lab/data/FLAME/custom_split/validation_masks/image_1754.png
/shared/rtis_lab/data/FLAME/custom_split/validation_images/image_1755.jpg	/shared/rtis_lab/data/FLAME/custom_split/validation_masks/image_1755.png
/shared/rtis_lab/data/FLAME/custom_split/validation_images/image_1774.jpg	/shared/rtis_lab/data/FLAME/custom_split/validation_masks/image_1774.png
/shared/rtis_lab/data/FLAME/custom_split/validation_images/image_1783.jpg	/shared/rtis_lab/data/FLAME/custom_split/validation_masks/image_1783.png
/shared/rtis_lab/data/FLAME/custom_split/validation_images/image_180.jpg	/shared/rtis_lab/data/FLAME/custom_split/validation_masks/image_180.png
/shared/rtis_lab/data/FLAME/custom_split/validation_images/image_1805.jpg	/shared/rtis_lab/data/FLAME/custom_split/validation_masks/image_1805.png
/shared/rtis_lab/data/FLAME/custom_split/validation_images/image_1837.jpg	/shared/rtis_lab/data/FLAME/custom_split/validation_masks/image_1837.png
/shared/rtis_lab/data/FLAME/custom_split/validation_images/image_1838.jpg	/shared/rtis_lab/data/FLAME/custom_split/validation_masks/image_1838.png
/shared/rtis_lab/data/FLAME/custom_split/validation_images/image_184.jpg	/shared/rtis_lab/data/FLAME/custom_split/validation_masks/image_184.png
/shared/rtis_lab/data/FLAME/custom_split/validation_images/image_1845.jpg	/shared/rtis_lab/data/FLAME/custom_split/validation_masks/image_1845.png
/shared/rtis_lab/data/FLAME/custom_split/validation_images/image_1847.jpg	/shared/rtis_lab/data/FLAME/custom_split/validation_masks/image_1847.png
/shared/rtis_lab/data/FLAME/custom_split/validation_images/image_1848.jpg	/shared/rtis_lab/data/FLAME/custom_split/validation_masks/image_1848.png
/shared/rtis_lab/data/FLAME/custom_split/validation_images/image_1851.jpg	/shared/rtis_lab/data/FLAME/custom_split/validation_masks/image_1851.png
/shared/rtis_lab/data/FLAME/custom_split/validation_images/image_1869.jpg	/shared/rtis_lab/data/FLAME/custom_split/validation_masks/image_1869.png
/shared/rtis_lab/data/FLAME/custom_split/validation_images/image_1872.jpg	/shared/rtis_lab/data/FLAME/custom_split/validation_masks/image_1872.png
/shared/rtis_lab/data/FLAME/custom_split/validation_images/image_1881.jpg	/shared/rtis_lab/data/FLAME/custom_split/validation_masks/image_1881.png
/shared/rtis_lab/data/FLAME/custom_split/validation_images/image_1889.jpg	/shared/rtis_lab/data/FLAME/custom_split/validation_masks/image_1889.png
/shared/rtis_lab/data/FLAME/custom_split/validation_images/image_1905.jpg	/shared/rtis_lab/data/FLAME/custom_split/validation_masks/image_1905.png
/shared/rtis_lab/data/FLAME/custom_split/validation_images/image_1926.jpg	/shared/rtis_lab/data/FLAME/custom_split/validation_masks/image_1926.png
/shared/rtis_lab/data/FLAME/custom_split/validation_images/image_1936.jpg	/shared/rtis_lab/data/FLAME/custom_split/validation_masks/image_1936.png
/shared/rtis_lab/data/FLAME/custom_split/validation_images/image_1938.jpg	/shared/rtis_lab/data/FLAME/custom_split/validation_masks/image_1938.png
/shared/rtis_lab/data/FLAME/custom_split/validation_images/image_1939.jpg	/shared/rtis_lab/data/FLAME/custom_split/validation_masks/image_1939.png
/shared/rtis_lab/data/FLAME/custom_split/validation_images/image_1958.jpg	/shared/rtis_lab/data/FLAME/custom_split/validation_masks/image_1958.png
/shared/rtis_lab/data/FLAME/custom_split/validation_images/image_1961.jpg	/shared/rtis_lab/data/FLAME/custom_split/validation_masks/image_1961.png
/shared/rtis_lab/data/FLAME/custom_split/validation_images/image_1963.jpg	/shared/rtis_lab/data/FLAME/custom_split/validation_masks/image_1963.png
/shared/rtis_lab/data/FLAME/custom_split/validation_images/image_1971.jpg	/shared/rtis_lab/data/FLAME/custom_split/validation_masks/image_1971.png
/shared/rtis_lab/data/FLAME/custom_split/validation_images/image_1981.jpg	/shared/rtis_lab/data/FLAME/custom_split/validation_masks/image_1981.png
/shared/rtis_lab/data/FLAME/custom_split/validation_images/image_1984.jpg	/shared/rtis_lab/data/FLAME/custom_split/validation_masks/image_1984.png
/shared/rtis_lab/data/FLAME/custom_split/validation_images/image_1999.jpg	/shared/rtis_lab/data/FLAME/custom_split/validation_masks/image_1999.png
/shared/rtis_lab/data/FLAME/custom_split/validation_images/image_2001.jpg	/shared/rtis_lab/data/FLAME/custom_split/validation_masks/image_2001.png
/shared/rtis_lab/data/FLAME/custom_split/validation_images/image_212.jpg	/shared/rtis_lab/data/FLAME/custom_split/validation_masks/image_212.png
/shared/rtis_lab/data/FLAME/custom_split/validation_images/image_222.jpg	/shared/rtis_lab/data/FLAME/custom_split/validation_masks/image_222.png
/shared/rtis_lab/data/FLAME/custom_split/validation_images/image_224.jpg	/shared/rtis_lab/data/FLAME/custom_split/validation_masks/image_224.png
/shared/rtis_lab/data/FLAME/custom_split/validation_images/image_230.jpg	/shared/rtis_lab/data/FLAME/custom_split/validation_masks/image_230.png
/shared/rtis_lab/data/FLAME/custom_split/validation_images/image_238.jpg	/shared/rtis_lab/data/FLAME/custom_split/validation_masks/image_238.png
/shared/rtis_lab/data/FLAME/custom_split/validation_images/image_251.jpg	/shared/rtis_lab/data/FLAME/custom_split/validation_masks/image_251.png
/shared/rtis_lab/data/FLAME/custom_split/validation_images/image_255.jpg	/shared/rtis_lab/data/FLAME/custom_split/validation_masks/image_255.png
/shared/rtis_lab/data/FLAME/custom_split/validation_images/image_256.jpg	/shared/rtis_lab/data/FLAME/custom_split/validation_masks/image_256.png
/shared/rtis_lab/data/FLAME/custom_split/validation_images/image_26.jpg	/shared/rtis_lab/data/FLAME/custom_split/validation_masks/image_26.png
/shared/rtis_lab/data/FLAME/custom_split/validation_images/image_261.jpg	/shared/rtis_lab/data/FLAME/custom_split/validation_masks/image_261.png
/shared/rtis_lab/data/FLAME/custom_split/validation_images/image_297.jpg	/shared/rtis_lab/data/FLAME/custom_split/validation_masks/image_297.png
/shared/rtis_lab/data/FLAME/custom_split/validation_images/image_303.jpg	/shared/rtis_lab/data/FLAME/custom_split/validation_masks/image_303.png
/shared/rtis_lab/data/FLAME/custom_split/validation_images/image_31.jpg	/shared/rtis_lab/data/FLAME/custom_split/validation_masks/image_31.png
/shared/rtis_lab/data/FLAME/custom_split/validation_images/image_324.jpg	/shared/rtis_lab/data/FLAME/custom_split/validation_masks/image_324.png
/shared/rtis_lab/data/FLAME/custom_split/validation_images/image_331.jpg	/shared/rtis_lab/data/FLAME/custom_split/validation_masks/image_331.png
/shared/rtis_lab/data/FLAME/custom_split/validation_images/image_336.jpg	/shared/rtis_lab/data/FLAME/custom_split/validation_masks/image_336.png
/shared/rtis_lab/data/FLAME/custom_split/validation_images/image_353.jpg	/shared/rtis_lab/data/FLAME/custom_split/validation_masks/image_353.png
/shared/rtis_lab/data/FLAME/custom_split/validation_images/image_361.jpg	/shared/rtis_lab/data/FLAME/custom_split/validation_masks/image_361.png
/shared/rtis_lab/data/FLAME/custom_split/validation_images/image_37.jpg	/shared/rtis_lab/data/FLAME/custom_split/validation_masks/image_37.png
/shared/rtis_lab/data/FLAME/custom_split/validation_images/image_371.jpg	/shared/rtis_lab/data/FLAME/custom_split/validation_masks/image_371.png
/shared/rtis_lab/data/FLAME/custom_split/validation_images/image_375.jpg	/shared/rtis_lab/data/FLAME/custom_split/validation_masks/image_375.png
/shared/rtis_lab/data/FLAME/custom_split/validation_images/image_378.jpg	/shared/rtis_lab/data/FLAME/custom_split/validation_masks/image_378.png
/shared/rtis_lab/data/FLAME/custom_split/validation_images/image_385.jpg	/shared/rtis_lab/data/FLAME/custom_split/validation_masks/image_385.png
/shared/rtis_lab/data/FLAME/custom_split/validation_images/image_39.jpg	/shared/rtis_lab/data/FLAME/custom_split/validation_masks/image_39.png
/shared/rtis_lab/data/FLAME/custom_split/validation_images/image_390.jpg	/shared/rtis_lab/data/FLAME/custom_split/validation_masks/image_390.png
/shared/rtis_lab/data/FLAME/custom_split/validation_images/image_394.jpg	/shared/rtis_lab/data/FLAME/custom_split/validation_masks/image_394.png
/shared/rtis_lab/data/FLAME/custom_split/validation_images/image_416.jpg	/shared/rtis_lab/data/FLAME/custom_split/validation_masks/image_416.png
/shared/rtis_lab/data/FLAME/custom_split/validation_images/image_420.jpg	/shared/rtis_lab/data/FLAME/custom_split/validation_masks/image_420.png
/shared/rtis_lab/data/FLAME/custom_split/validation_images/image_424.jpg	/shared/rtis_lab/data/FLAME/custom_split/validation_masks/image_424.png
/shared/rtis_lab/data/FLAME/custom_split/validation_images/image_426.jpg	/shared/rtis_lab/data/FLAME/custom_split/validation_masks/image_426.png
/shared/rtis_lab/data/FLAME/custom_split/validation_images/image_436.jpg	/shared/rtis_lab/data/FLAME/custom_split/validation_masks/image_436.png
/shared/rtis_lab/data/FLAME/custom_split/validation_images/image_447.jpg	/shared/rtis_lab/data/FLAME/custom_split/validation_masks/image_447.png
/shared/rtis_lab/data/FLAME/custom_split/validation_images/image_449.jpg	/shared/rtis_lab/data/FLAME/custom_split/validation_masks/image_449.png
/shared/rtis_lab/data/FLAME/custom_split/validation_images/image_45.jpg	/shared/rtis_lab/data/FLAME/custom_split/validation_masks/image_45.png
/shared/rtis_lab/data/FLAME/custom_split/validation_images/image_469.jpg	/shared/rtis_lab/data/FLAME/custom_split/validation_masks/image_469.png
/shared/rtis_lab/data/FLAME/custom_split/validation_images/image_470.jpg	/shared/rtis_lab/data/FLAME/custom_split/validation_masks/image_470.png
/shared/rtis_lab/data/FLAME/custom_split/validation_images/image_480.jpg	/shared/rtis_lab/data/FLAME/custom_split/validation_masks/image_480.png
/shared/rtis_lab/data/FLAME/custom_split/validation_images/image_484.jpg	/shared/rtis_lab/data/FLAME/custom_split/validation_masks/image_484.png
/shared/rtis_lab/data/FLAME/custom_split/validation_images/image_487.jpg	/shared/rtis_lab/data/FLAME/custom_split/validation_masks/image_487.png
/shared/rtis_lab/data/FLAME/custom_split/validation_images/image_489.jpg	/shared/rtis_lab/data/FLAME/custom_split/validation_masks/image_489.png
/shared/rtis_lab/data/FLAME/custom_split/validation_images/image_492.jpg	/shared/rtis_lab/data/FLAME/custom_split/validation_masks/image_492.png
/shared/rtis_lab/data/FLAME/custom_split/validation_images/image_493.jpg	/shared/rtis_lab/data/FLAME/custom_split/validation_masks/image_493.png
/shared/rtis_lab/data/FLAME/custom_split/validation_images/image_498.jpg	/shared/rtis_lab/data/FLAME/custom_split/validation_masks/image_498.png
/shared/rtis_lab/data/FLAME/custom_split/validation_images/image_50.jpg	/shared/rtis_lab/data/FLAME/custom_split/validation_masks/image_50.png
/shared/rtis_lab/data/FLAME/custom_split/validation_images/image_501.jpg	/shared/rtis_lab/data/FLAME/custom_split/validation_masks/image_501.png
/shared/rtis_lab/data/FLAME/custom_split/validation_images/image_507.jpg	/shared/rtis_lab/data/FLAME/custom_split/validation_masks/image_507.png
/shared/rtis_lab/data/FLAME/custom_split/validation_images/image_515.jpg	/shared/rtis_lab/data/FLAME/custom_split/validation_masks/image_515.png
/shared/rtis_lab/data/FLAME/custom_split/validation_images/image_527.jpg	/shared/rtis_lab/data/FLAME/custom_split/validation_masks/image_527.png
/shared/rtis_lab/data/FLAME/custom_split/validation_images/image_531.jpg	/shared/rtis_lab/data/FLAME/custom_split/validation_masks/image_531.png
/shared/rtis_lab/data/FLAME/custom_split/validation_images/image_540.jpg	/shared/rtis_lab/data/FLAME/custom_split/validation_masks/image_540.png
/shared/rtis_lab/data/FLAME/custom_split/validation_images/image_544.jpg	/shared/rtis_lab/data/FLAME/custom_split/validation_masks/image_544.png
/shared/rtis_lab/data/FLAME/custom_split/validation_images/image_553.jpg	/shared/rtis_lab/data/FLAME/custom_split/validation_masks/image_553.png
/shared/rtis_lab/data/FLAME/custom_split/validation_images/image_558.jpg	/shared/rtis_lab/data/FLAME/custom_split/validation_masks/image_558.png
/shared/rtis_lab/data/FLAME/custom_split/validation_images/image_561.jpg	/shared/rtis_lab/data/FLAME/custom_split/validation_masks/image_561.png
/shared/rtis_lab/data/FLAME/custom_split/validation_images/image_567.jpg	/shared/rtis_lab/data/FLAME/custom_split/validation_masks/image_567.png
/shared/rtis_lab/data/FLAME/custom_split/validation_images/image_569.jpg	/shared/rtis_lab/data/FLAME/custom_split/validation_masks/image_569.png
/shared/rtis_lab/data/FLAME/custom_split/validation_images/image_57.jpg	/shared/rtis_lab/data/FLAME/custom_split/validation_masks/image_57.png
/shared/rtis_lab/data/FLAME/custom_split/validation_images/image_578.jpg	/shared/rtis_lab/data/FLAME/custom_split/validation_masks/image_578.png
/shared/rtis_lab/data/FLAME/custom_split/validation_images/image_579.jpg	/shared/rtis_lab/data/FLAME/custom_split/validation_masks/image_579.png
/shared/rtis_lab/data/FLAME/custom_split/validation_images/image_581.jpg	/shared/rtis_lab/data/FLAME/custom_split/validation_masks/image_581.png
/shared/rtis_lab/data/FLAME/custom_split/validation_images/image_582.jpg	/shared/rtis_lab/data/FLAME/custom_split/validation_masks/image_582.png
/shared/rtis_lab/data/FLAME/custom_split/validation_images/image_599.jpg	/shared/rtis_lab/data/FLAME/custom_split/validation_masks/image_599.png
/shared/rtis_lab/data/FLAME/custom_split/validation_images/image_600.jpg	/shared/rtis_lab/data/FLAME/custom_split/validation_masks/image_600.png
/shared/rtis_lab/data/FLAME/custom_split/validation_images/image_605.jpg	/shared/rtis_lab/data/FLAME/custom_split/validation_masks/image_605.png
/shared/rtis_lab/data/FLAME/custom_split/validation_images/image_616.jpg	/shared/rtis_lab/data/FLAME/custom_split/validation_masks/image_616.png
/shared/rtis_lab/data/FLAME/custom_split/validation_images/image_628.jpg	/shared/rtis_lab/data/FLAME/custom_split/validation_masks/image_628.png
/shared/rtis_lab/data/FLAME/custom_split/validation_images/image_629.jpg	/shared/rtis_lab/data/FLAME/custom_split/validation_masks/image_629.png
/shared/rtis_lab/data/FLAME/custom_split/validation_images/image_636.jpg	/shared/rtis_lab/data/FLAME/custom_split/validation_masks/image_636.png
/shared/rtis_lab/data/FLAME/custom_split/validation_images/image_637.jpg	/shared/rtis_lab/data/FLAME/custom_split/validation_masks/image_637.png
/shared/rtis_lab/data/FLAME/custom_split/validation_images/image_639.jpg	/shared/rtis_lab/data/FLAME/custom_split/validation_masks/image_639.png
/shared/rtis_lab/data/FLAME/custom_split/validation_images/image_642.jpg	/shared/rtis_lab/data/FLAME/custom_split/validation_masks/image_642.png
/shared/rtis_lab/data/FLAME/custom_split/validation_images/image_643.jpg	/shared/rtis_lab/data/FLAME/custom_split/validation_masks/image_643.png
/shared/rtis_lab/data/FLAME/custom_split/validation_images/image_644.jpg	/shared/rtis_lab/data/FLAME/custom_split/validation_masks/image_644.png
/shared/rtis_lab/data/FLAME/custom_split/validation_images/image_656.jpg	/shared/rtis_lab/data/FLAME/custom_split/validation_masks/image_656.png
/shared/rtis_lab/data/FLAME/custom_split/validation_images/image_659.jpg	/shared/rtis_lab/data/FLAME/custom_split/validation_masks/image_659.png
/shared/rtis_lab/data/FLAME/custom_split/validation_images/image_661.jpg	/shared/rtis_lab/data/FLAME/custom_split/validation_masks/image_661.png
/shared/rtis_lab/data/FLAME/custom_split/validation_images/image_677.jpg	/shared/rtis_lab/data/FLAME/custom_split/validation_masks/image_677.png
/shared/rtis_lab/data/FLAME/custom_split/validation_images/image_697.jpg	/shared/rtis_lab/data/FLAME/custom_split/validation_masks/image_697.png
/shared/rtis_lab/data/FLAME/custom_split/validation_images/image_708.jpg	/shared/rtis_lab/data/FLAME/custom_split/validation_masks/image_708.png
/shared/rtis_lab/data/FLAME/custom_split/validation_images/image_710.jpg	/shared/rtis_lab/data/FLAME/custom_split/validation_masks/image_710.png
/shared/rtis_lab/data/FLAME/custom_split/validation_images/image_719.jpg	/shared/rtis_lab/data/FLAME/custom_split/validation_masks/image_719.png
/shared/rtis_lab/data/FLAME/custom_split/validation_images/image_722.jpg	/shared/rtis_lab/data/FLAME/custom_split/validation_masks/image_722.png
/shared/rtis_lab/data/FLAME/custom_split/validation_images/image_726.jpg	/shared/rtis_lab/data/FLAME/custom_split/validation_masks/image_726.png
/shared/rtis_lab/data/FLAME/custom_split/validation_images/image_73.jpg	/shared/rtis_lab/data/FLAME/custom_split/validation_masks/image_73.png
/shared/rtis_lab/data/FLAME/custom_split/validation_images/image_740.jpg	/shared/rtis_lab/data/FLAME/custom_split/validation_masks/image_740.png
/shared/rtis_lab/data/FLAME/custom_split/validation_images/image_742.jpg	/shared/rtis_lab/data/FLAME/custom_split/validation_masks/image_742.png
/shared/rtis_lab/data/FLAME/custom_split/validation_images/image_750.jpg	/shared/rtis_lab/data/FLAME/custom_split/validation_masks/image_750.png
/shared/rtis_lab/data/FLAME/custom_split/validation_images/image_751.jpg	/shared/rtis_lab/data/FLAME/custom_split/validation_masks/image_751.png
/shared/rtis_lab/data/FLAME/custom_split/validation_images/image_752.jpg	/shared/rtis_lab/data/FLAME/custom_split/validation_masks/image_752.png
/shared/rtis_lab/data/FLAME/custom_split/validation_images/image_760.jpg	/shared/rtis_lab/data/FLAME/custom_split/validation_masks/image_760.png
/shared/rtis_lab/data/FLAME/custom_split/validation_images/image_77.jpg	/shared/rtis_lab/data/FLAME/custom_split/validation_masks/image_77.png
/shared/rtis_lab/data/FLAME/custom_split/validation_images/image_779.jpg	/shared/rtis_lab/data/FLAME/custom_split/validation_masks/image_779.png
/shared/rtis_lab/data/FLAME/custom_split/validation_images/image_781.jpg	/shared/rtis_lab/data/FLAME/custom_split/validation_masks/image_781.png
/shared/rtis_lab/data/FLAME/custom_split/validation_images/image_786.jpg	/shared/rtis_lab/data/FLAME/custom_split/validation_masks/image_786.png
/shared/rtis_lab/data/FLAME/custom_split/validation_images/image_793.jpg	/shared/rtis_lab/data/FLAME/custom_split/validation_masks/image_793.png
/shared/rtis_lab/data/FLAME/custom_split/validation_images/image_799.jpg	/shared/rtis_lab/data/FLAME/custom_split/validation_masks/image_799.png
/shared/rtis_lab/data/FLAME/custom_split/validation_images/image_801.jpg	/shared/rtis_lab/data/FLAME/custom_split/validation_masks/image_801.png
/shared/rtis_lab/data/FLAME/custom_split/validation_images/image_819.jpg	/shared/rtis_lab/data/FLAME/custom_split/validation_masks/image_819.png
/shared/rtis_lab/data/FLAME/custom_split/validation_images/image_820.jpg	/shared/rtis_lab/data/FLAME/custom_split/validation_masks/image_820.png
/shared/rtis_lab/data/FLAME/custom_split/validation_images/image_840.jpg	/shared/rtis_lab/data/FLAME/custom_split/validation_masks/image_840.png
/shared/rtis_lab/data/FLAME/custom_split/validation_images/image_852.jpg	/shared/rtis_lab/data/FLAME/custom_split/validation_masks/image_852.png
/shared/rtis_lab/data/FLAME/custom_split/validation_images/image_853.jpg	/shared/rtis_lab/data/FLAME/custom_split/validation_masks/image_853.png
/shared/rtis_lab/data/FLAME/custom_split/validation_images/image_855.jpg	/shared/rtis_lab/data/FLAME/custom_split/validation_masks/image_855.png
/shared/rtis_lab/data/FLAME/custom_split/validation_images/image_873.jpg	/shared/rtis_lab/data/FLAME/custom_split/validation_masks/image_873.png
/shared/rtis_lab/data/FLAME/custom_split/validation_images/image_889.jpg	/shared/rtis_lab/data/FLAME/custom_split/validation_masks/image_889.png
/shared/rtis_lab/data/FLAME/custom_split/validation_images/image_89.jpg	/shared/rtis_lab/data/FLAME/custom_split/validation_masks/image_89.png
/shared/rtis_lab/data/FLAME/custom_split/validation_images/image_905.jpg	/shared/rtis_lab/data/FLAME/custom_split/validation_masks/image_905.png
/shared/rtis_lab/data/FLAME/custom_split/validation_images/image_910.jpg	/shared/rtis_lab/data/FLAME/custom_split/validation_masks/image_910.png
/shared/rtis_lab/data/FLAME/custom_split/validation_images/image_918.jpg	/shared/rtis_lab/data/FLAME/custom_split/validation_masks/image_918.png
/shared/rtis_lab/data/FLAME/custom_split/validation_images/image_921.jpg	/shared/rtis_lab/data/FLAME/custom_split/validation_masks/image_921.png
/shared/rtis_lab/data/FLAME/custom_split/validation_images/image_925.jpg	/shared/rtis_lab/data/FLAME/custom_split/validation_masks/image_925.png
/shared/rtis_lab/data/FLAME/custom_split/validation_images/image_93.jpg	/shared/rtis_lab/data/FLAME/custom_split/validation_masks/image_93.png
/shared/rtis_lab/data/FLAME/custom_split/validation_images/image_941.jpg	/shared/rtis_lab/data/FLAME/custom_split/validation_masks/image_941.png
/shared/rtis_lab/data/FLAME/custom_split/validation_images/image_957.jpg	/shared/rtis_lab/data/FLAME/custom_split/validation_masks/image_957.png
/shared/rtis_lab/data/FLAME/custom_split/validation_images/image_96.jpg	/shared/rtis_lab/data/FLAME/custom_split/validation_masks/image_96.png
/shared/rtis_lab/data/FLAME/custom_split/validation_images/image_964.jpg	/shared/rtis_lab/data/FLAME/custom_split/validation_masks/image_964.png
/shared/rtis_lab/data/FLAME/custom_split/validation_images/image_971.jpg	/shared/rtis_lab/data/FLAME/custom_split/validation_masks/image_971.png
/shared/rtis_lab/data/FLAME/custom_split/validation_images/image_973.jpg	/shared/rtis_lab/data/FLAME/custom_split/validation_masks/image_973.png
/shared/rtis_lab/data/FLAME/custom_split/validation_images/image_975.jpg	/shared/rtis_lab/data/FLAME/custom_split/validation_masks/image_975.png
/shared/rtis_lab/data/FLAME/custom_split/validation_images/image_98.jpg	/shared/rtis_lab/data/FLAME/custom_split/validation_masks/image_98.png
/shared/rtis_lab/data/FLAME/custom_split/validation_images/image_980.jpg	/shared/rtis_lab/data/FLAME/custom_split/validation_masks/image_980.png
/shared/rtis_lab/data/FLAME/custom_split/validation_images/image_995.jpg	/shared/rtis_lab/data/FLAME/custom_split/validation_masks/image_995.png
