validation_images/image_100.png	validation_masks/image_100.png
validation_images/image_1013.png	validation_masks/image_1013.png
validation_images/image_1029.png	validation_masks/image_1029.png
validation_images/image_1035.png	validation_masks/image_1035.png
validation_images/image_1039.png	validation_masks/image_1039.png
validation_images/image_1047.png	validation_masks/image_1047.png
validation_images/image_1053.png	validation_masks/image_1053.png
validation_images/image_1073.png	validation_masks/image_1073.png
validation_images/image_1075.png	validation_masks/image_1075.png
validation_images/image_1076.png	validation_masks/image_1076.png
validation_images/image_1086.png	validation_masks/image_1086.png
validation_images/image_11.png	validation_masks/image_11.png
validation_images/image_1101.png	validation_masks/image_1101.png
validation_images/image_111.png	validation_masks/image_111.png
validation_images/image_112.png	validation_masks/image_112.png
validation_images/image_1123.png	validation_masks/image_1123.png
validation_images/image_1128.png	validation_masks/image_1128.png
validation_images/image_1129.png	validation_masks/image_1129.png
validation_images/image_113.png	validation_masks/image_113.png
validation_images/image_1140.png	validation_masks/image_1140.png
validation_images/image_1151.png	validation_masks/image_1151.png
validation_images/image_1152.png	validation_masks/image_1152.png
validation_images/image_1155.png	validation_masks/image_1155.png
validation_images/image_1160.png	validation_masks/image_1160.png
validation_images/image_1165.png	validation_masks/image_1165.png
validation_images/image_1177.png	validation_masks/image_1177.png
validation_images/image_1179.png	validation_masks/image_1179.png
validation_images/image_1195.png	validation_masks/image_1195.png
validation_images/image_1209.png	validation_masks/image_1209.png
validation_images/image_1215.png	validation_masks/image_1215.png
validation_images/image_1227.png	validation_masks/image_1227.png
validation_images/image_1230.png	validation_masks/image_1230.png
validation_images/image_1233.png	validation_masks/image_1233.png
validation_images/image_1234.png	validation_masks/image_1234.png
validation_images/image_1244.png	validation_masks/image_1244.png
validation_images/image_1246.png	validation_masks/image_1246.png
validation_images/image_1260.png	validation_masks/image_1260.png
validation_images/image_1262.png	validation_masks/image_1262.png
validation_images/image_1289.png	validation_masks/image_1289.png
validation_images/image_1294.png	validation_masks/image_1294.png
validation_images/image_1295.png	validation_masks/image_1295.png
validation_images/image_1301.png	validation_masks/image_1301.png
validation_images/image_131.png	validation_masks/image_131.png
validation_images/image_1311.png	validation_masks/image_1311.png
validation_images/image_1317.png	validation_masks/image_1317.png
validation_images/image_132.png	validation_masks/image_132.png
validation_images/image_1323.png	validation_masks/image_1323.png
validation_images/image_1331.png	validation_masks/image_1331.png
validation_images/image_1333.png	validation_masks/image_1333.png
validation_images/image_1340.png	validation_masks/image_1340.png
validation_images/image_1350.png	validation_masks/image_1350.png
validation_images/image_1360.png	validation_masks/image_1360.png
validation_images/image_1361.png	validation_masks/image_1361.png
validation_images/image_1367.png	validation_masks/image_1367.png
validation_images/image_1392.png	validation_masks/image_1392.png
validation_images/image_1394.png	validation_masks/image_1394.png
validation_images/image_1397.png	validation_masks/image_1397.png
validation_images/image_1416.png	validation_masks/image_1416.png
validation_images/image_1433.png	validation_masks/image_1433.png
validation_images/image_1434.png	validation_masks/image_1434.png
validation_images/image_1445.png	validation_masks/image_1445.png
validation_images/image_1453.png	validation_masks/image_1453.png
validation_images/image_1455.png	validation_masks/image_1455.png
validation_images/image_1458.png	validation_masks/image_1458.png
validation_images/image_1461.png	validation_masks/image_1461.png
validation_images/image_1462.png	validation_masks/image_1462.png
validation_images/image_1463.png	validation_masks/image_1463.png
validation_images/image_147.png	validation_masks/image_147.png
validation_images/image_1472.png	validation_masks/image_1472.png
validation_images/image_150.png	validation_masks/image_150.png
validation_images/image_1507.png	validation_masks/image_1507.png
validation_images/image_1515.png	validation_masks/image_1515.png
validation_images/image_1521.png	validation_masks/image_1521.png
validation_images/image_1525.png	validation_masks/image_1525.png
validation_images/image_1527.png	validation_masks/image_1527.png
validation_images/image_1542.png	validation_masks/image_1542.png
validation_images/image_1551.png	validation_masks/image_1551.png
validation_images/image_1552.png	validation_masks/image_1552.png
validation_images/image_1557.png	validation_masks/image_1557.png
validation_images/image_156.png	validation_masks/image_156.png
validation_images/image_1564.png	validation_masks/image_1564.png
validation_images/image_1568.png	validation_masks/image_1568.png
validation_images/image_1574.png	validation_masks/image_1574.png
validation_images/image_1577.png	validation_masks/image_1577.png
validation_images/image_158.png	validation_masks/image_158.png
validation_images/image_1589.png	validation_masks/image_1589.png
validation_images/image_1596.png	validation_masks/image_1596.png
validation_images/image_1597.png	validation_masks/image_1597.png
validation_images/image_1598.png	validation_masks/image_1598.png
validation_images/image_1599.png	validation_masks/image_1599.png
validation_images/image_1619.png	validation_masks/image_1619.png
validation_images/image_1632.png	validation_masks/image_1632.png
validation_images/image_1641.png	validation_masks/image_1641.png
validation_images/image_1644.png	validation_masks/image_1644.png
validation_images/image_1645.png	validation_masks/image_1645.png
validation_images/image_1664.png	validation_masks/image_1664.png
validation_images/image_1671.png	validation_masks/image_1671.png
validation_images/image_1677.png	validation_masks/image_1677.png
validation_images/image_1708.png	validation_masks/image_1708.png
validation_images/image_1727.png	validation_masks/image_1727.png
validation_images/image_1733.png	validation_masks/image_1733.png
validation_images/image_1738.png	validation_masks/image_1738.png
validation_images/image_1740.png	validation_masks/image_1740.png
validation_images/image_1747.png	validation_masks/image_1747.png
validation_images/image_1754.png	validation_masks/image_1754.png
validation_images/image_1755.png	validation_masks/image_1755.png
validation_images/image_1774.png	validation_masks/image_1774.png
validation_images/image_1783.png	validation_masks/image_1783.png
validation_images/image_180.png	validation_masks/image_180.png
validation_images/image_1805.png	validation_masks/image_1805.png
validation_images/image_1837.png	validation_masks/image_1837.png
validation_images/image_1838.png	validation_masks/image_1838.png
validation_images/image_184.png	validation_masks/image_184.png
validation_images/image_1845.png	validation_masks/image_1845.png
validation_images/image_1847.png	validation_masks/image_1847.png
validation_images/image_1848.png	validation_masks/image_1848.png
validation_images/image_1851.png	validation_masks/image_1851.png
validation_images/image_1869.png	validation_masks/image_1869.png
validation_images/image_1872.png	validation_masks/image_1872.png
validation_images/image_1881.png	validation_masks/image_1881.png
validation_images/image_1889.png	validation_masks/image_1889.png
validation_images/image_1905.png	validation_masks/image_1905.png
validation_images/image_1926.png	validation_masks/image_1926.png
validation_images/image_1936.png	validation_masks/image_1936.png
validation_images/image_1938.png	validation_masks/image_1938.png
validation_images/image_1939.png	validation_masks/image_1939.png
validation_images/image_1958.png	validation_masks/image_1958.png
validation_images/image_1961.png	validation_masks/image_1961.png
validation_images/image_1963.png	validation_masks/image_1963.png
validation_images/image_1971.png	validation_masks/image_1971.png
validation_images/image_1981.png	validation_masks/image_1981.png
validation_images/image_1984.png	validation_masks/image_1984.png
validation_images/image_1999.png	validation_masks/image_1999.png
validation_images/image_2001.png	validation_masks/image_2001.png
validation_images/image_212.png	validation_masks/image_212.png
validation_images/image_222.png	validation_masks/image_222.png
validation_images/image_224.png	validation_masks/image_224.png
validation_images/image_230.png	validation_masks/image_230.png
validation_images/image_238.png	validation_masks/image_238.png
validation_images/image_251.png	validation_masks/image_251.png
validation_images/image_255.png	validation_masks/image_255.png
validation_images/image_256.png	validation_masks/image_256.png
validation_images/image_26.png	validation_masks/image_26.png
validation_images/image_261.png	validation_masks/image_261.png
validation_images/image_297.png	validation_masks/image_297.png
validation_images/image_303.png	validation_masks/image_303.png
validation_images/image_31.png	validation_masks/image_31.png
validation_images/image_324.png	validation_masks/image_324.png
validation_images/image_331.png	validation_masks/image_331.png
validation_images/image_336.png	validation_masks/image_336.png
validation_images/image_353.png	validation_masks/image_353.png
validation_images/image_361.png	validation_masks/image_361.png
validation_images/image_37.png	validation_masks/image_37.png
validation_images/image_371.png	validation_masks/image_371.png
validation_images/image_375.png	validation_masks/image_375.png
validation_images/image_378.png	validation_masks/image_378.png
validation_images/image_385.png	validation_masks/image_385.png
validation_images/image_39.png	validation_masks/image_39.png
validation_images/image_390.png	validation_masks/image_390.png
validation_images/image_394.png	validation_masks/image_394.png
validation_images/image_416.png	validation_masks/image_416.png
validation_images/image_420.png	validation_masks/image_420.png
validation_images/image_424.png	validation_masks/image_424.png
validation_images/image_426.png	validation_masks/image_426.png
validation_images/image_436.png	validation_masks/image_436.png
validation_images/image_447.png	validation_masks/image_447.png
validation_images/image_449.png	validation_masks/image_449.png
validation_images/image_45.png	validation_masks/image_45.png
validation_images/image_469.png	validation_masks/image_469.png
validation_images/image_470.png	validation_masks/image_470.png
validation_images/image_480.png	validation_masks/image_480.png
validation_images/image_484.png	validation_masks/image_484.png
validation_images/image_487.png	validation_masks/image_487.png
validation_images/image_489.png	validation_masks/image_489.png
validation_images/image_492.png	validation_masks/image_492.png
validation_images/image_493.png	validation_masks/image_493.png
validation_images/image_498.png	validation_masks/image_498.png
validation_images/image_50.png	validation_masks/image_50.png
validation_images/image_501.png	validation_masks/image_501.png
validation_images/image_507.png	validation_masks/image_507.png
validation_images/image_515.png	validation_masks/image_515.png
validation_images/image_527.png	validation_masks/image_527.png
validation_images/image_531.png	validation_masks/image_531.png
validation_images/image_540.png	validation_masks/image_540.png
validation_images/image_544.png	validation_masks/image_544.png
validation_images/image_553.png	validation_masks/image_553.png
validation_images/image_558.png	validation_masks/image_558.png
validation_images/image_561.png	validation_masks/image_561.png
validation_images/image_567.png	validation_masks/image_567.png
validation_images/image_569.png	validation_masks/image_569.png
validation_images/image_57.png	validation_masks/image_57.png
validation_images/image_578.png	validation_masks/image_578.png
validation_images/image_579.png	validation_masks/image_579.png
validation_images/image_581.png	validation_masks/image_581.png
validation_images/image_582.png	validation_masks/image_582.png
validation_images/image_599.png	validation_masks/image_599.png
validation_images/image_600.png	validation_masks/image_600.png
validation_images/image_605.png	validation_masks/image_605.png
validation_images/image_616.png	validation_masks/image_616.png
validation_images/image_628.png	validation_masks/image_628.png
validation_images/image_629.png	validation_masks/image_629.png
validation_images/image_636.png	validation_masks/image_636.png
validation_images/image_637.png	validation_masks/image_637.png
validation_images/image_639.png	validation_masks/image_639.png
validation_images/image_642.png	validation_masks/image_642.png
validation_images/image_643.png	validation_masks/image_643.png
validation_images/image_644.png	validation_masks/image_644.png
validation_images/image_656.png	validation_masks/image_656.png
validation_images/image_659.png	validation_masks/image_659.png
validation_images/image_661.png	validation_masks/image_661.png
validation_images/image_677.png	validation_masks/image_677.png
validation_images/image_697.png	validation_masks/image_697.png
validation_images/image_708.png	validation_masks/image_708.png
validation_images/image_710.png	validation_masks/image_710.png
validation_images/image_719.png	validation_masks/image_719.png
validation_images/image_722.png	validation_masks/image_722.png
validation_images/image_726.png	validation_masks/image_726.png
validation_images/image_73.png	validation_masks/image_73.png
validation_images/image_740.png	validation_masks/image_740.png
validation_images/image_742.png	validation_masks/image_742.png
validation_images/image_750.png	validation_masks/image_750.png
validation_images/image_751.png	validation_masks/image_751.png
validation_images/image_752.png	validation_masks/image_752.png
validation_images/image_760.png	validation_masks/image_760.png
validation_images/image_77.png	validation_masks/image_77.png
validation_images/image_779.png	validation_masks/image_779.png
validation_images/image_781.png	validation_masks/image_781.png
validation_images/image_786.png	validation_masks/image_786.png
validation_images/image_793.png	validation_masks/image_793.png
validation_images/image_799.png	validation_masks/image_799.png
validation_images/image_801.png	validation_masks/image_801.png
validation_images/image_819.png	validation_masks/image_819.png
validation_images/image_820.png	validation_masks/image_820.png
validation_images/image_840.png	validation_masks/image_840.png
validation_images/image_852.png	validation_masks/image_852.png
validation_images/image_853.png	validation_masks/image_853.png
validation_images/image_855.png	validation_masks/image_855.png
validation_images/image_873.png	validation_masks/image_873.png
validation_images/image_889.png	validation_masks/image_889.png
validation_images/image_89.png	validation_masks/image_89.png
validation_images/image_905.png	validation_masks/image_905.png
validation_images/image_910.png	validation_masks/image_910.png
validation_images/image_918.png	validation_masks/image_918.png
validation_images/image_921.png	validation_masks/image_921.png
validation_images/image_925.png	validation_masks/image_925.png
validation_images/image_93.png	validation_masks/image_93.png
validation_images/image_941.png	validation_masks/image_941.png
validation_images/image_957.png	validation_masks/image_957.png
validation_images/image_96.png	validation_masks/image_96.png
validation_images/image_964.png	validation_masks/image_964.png
validation_images/image_971.png	validation_masks/image_971.png
validation_images/image_973.png	validation_masks/image_973.png
validation_images/image_975.png	validation_masks/image_975.png
validation_images/image_98.png	validation_masks/image_98.png
validation_images/image_980.png	validation_masks/image_980.png
validation_images/image_995.png	validation_masks/image_995.png
